Component: ARM Compiler 5.05 update 2 (build 169) Tool: armlink [4d0f33]

==============================================================================

Section Cross References

    main.o(.text) refers to timer.o(.text) for TIM3_Int_Init
    main.o(.text) refers to usart3.o(.text) for usart3_Init
    main.o(.text) refers to gizwits_protocol.o(.text) for gizwitsInit
    main.o(.text) refers to misc.o(.text) for NVIC_PriorityGroupConfig
    main.o(.text) refers to delay.o(.text) for delay_init
    main.o(.text) refers to led.o(.text) for LED_Init
    main.o(.text) refers to usart.o(.text) for uart_init
    main.o(.text) refers to key.o(.text) for KEY_Init
    main.o(.text) refers to noretval__2printf.o(.text) for __2printf
    main.o(.text) refers to gizwits_product.o(.text) for userHandle
    main.o(.text) refers to gizwits_product.o(.data) for currentDataPoint
    system_stm32f4xx.o(.text) refers to system_stm32f4xx.o(.data) for SystemCoreClock
    led.o(.text) refers to stm32f4xx_rcc.o(.text) for RCC_AHB1PeriphClockCmd
    led.o(.text) refers to stm32f4xx_gpio.o(.text) for GPIO_Init
    timer.o(.text) refers to stm32f4xx_rcc.o(.text) for RCC_APB1PeriphClockCmd
    timer.o(.text) refers to stm32f4xx_tim.o(.text) for TIM_TimeBaseInit
    timer.o(.text) refers to misc.o(.text) for NVIC_Init
    timer.o(.text) refers to gizwits_product.o(.text) for gizTimerMs
    key.o(.text) refers to stm32f4xx_rcc.o(.text) for RCC_AHB1PeriphClockCmd
    key.o(.text) refers to stm32f4xx_gpio.o(.text) for GPIO_Init
    key.o(.text) refers to delay.o(.text) for delay_ms
    key.o(.text) refers to key.o(.data) for key_up
    usart3.o(.text) refers to stm32f4xx_usart.o(.text) for USART_GetITStatus
    usart3.o(.text) refers to gizwits_protocol.o(.text) for gizPutData
    usart3.o(.text) refers to stm32f4xx_rcc.o(.text) for RCC_AHB1PeriphClockCmd
    usart3.o(.text) refers to stm32f4xx_gpio.o(.text) for GPIO_PinAFConfig
    usart3.o(.text) refers to misc.o(.text) for NVIC_Init
    delay.o(.text) refers to misc.o(.text) for SysTick_CLKSourceConfig
    delay.o(.text) refers to delay.o(.data) for fac_us
    usart.o(.rev16_text) refers (Special) to use_no_semi_2.o(.text) for __use_no_semihosting
    usart.o(.revsh_text) refers (Special) to use_no_semi_2.o(.text) for __use_no_semihosting
    usart.o(.text) refers (Special) to use_no_semi_2.o(.text) for __use_no_semihosting
    usart.o(.text) refers to stm32f4xx_rcc.o(.text) for RCC_AHB1PeriphClockCmd
    usart.o(.text) refers to stm32f4xx_gpio.o(.text) for GPIO_PinAFConfig
    usart.o(.text) refers to stm32f4xx_usart.o(.text) for USART_Init
    usart.o(.text) refers to misc.o(.text) for NVIC_Init
    usart.o(.text) refers to usart.o(.data) for USART_RX_STA
    usart.o(.text) refers to usart.o(.bss) for USART_RX_BUF
    usart.o(.bss) refers (Special) to use_no_semi_2.o(.text) for __use_no_semihosting
    usart.o(.data) refers (Special) to use_no_semi_2.o(.text) for __use_no_semihosting
    startup_stm32f40_41xxx.o(STACK) refers (Special) to heapauxi.o(.text) for __use_two_region_memory
    startup_stm32f40_41xxx.o(HEAP) refers (Special) to heapauxi.o(.text) for __use_two_region_memory
    startup_stm32f40_41xxx.o(RESET) refers (Special) to heapauxi.o(.text) for __use_two_region_memory
    startup_stm32f40_41xxx.o(RESET) refers to startup_stm32f40_41xxx.o(STACK) for __initial_sp
    startup_stm32f40_41xxx.o(RESET) refers to startup_stm32f40_41xxx.o(.text) for Reset_Handler
    startup_stm32f40_41xxx.o(RESET) refers to stm32f4xx_it.o(.text) for NMI_Handler
    startup_stm32f40_41xxx.o(RESET) refers to timer.o(.text) for TIM3_IRQHandler
    startup_stm32f40_41xxx.o(RESET) refers to usart.o(.text) for USART1_IRQHandler
    startup_stm32f40_41xxx.o(RESET) refers to usart3.o(.text) for USART3_IRQHandler
    startup_stm32f40_41xxx.o(.text) refers (Special) to heapauxi.o(.text) for __use_two_region_memory
    startup_stm32f40_41xxx.o(.text) refers to system_stm32f4xx.o(.text) for SystemInit
    startup_stm32f40_41xxx.o(.text) refers to __main.o(!!!main) for __main
    startup_stm32f40_41xxx.o(.text) refers to startup_stm32f40_41xxx.o(HEAP) for Heap_Mem
    startup_stm32f40_41xxx.o(.text) refers to startup_stm32f40_41xxx.o(STACK) for Stack_Mem
    stm32f4xx_gpio.o(.text) refers to stm32f4xx_rcc.o(.text) for RCC_AHB1PeriphResetCmd
    stm32f4xx_rcc.o(.text) refers to stm32f4xx_rcc.o(.data) for APBAHBPrescTable
    stm32f4xx_syscfg.o(.text) refers to stm32f4xx_rcc.o(.text) for RCC_APB2PeriphResetCmd
    stm32f4xx_tim.o(.text) refers to stm32f4xx_rcc.o(.text) for RCC_APB2PeriphResetCmd
    stm32f4xx_usart.o(.text) refers to stm32f4xx_rcc.o(.text) for RCC_APB2PeriphResetCmd
    gizwits_product.o(.text) refers to _printf_percent.o(.ARM.Collect$$_printf_percent$$00000000) for _printf_percent
    gizwits_product.o(.text) refers to _printf_d.o(.ARM.Collect$$_printf_percent$$00000009) for _printf_d
    gizwits_product.o(.text) refers to _printf_dec.o(.text) for _printf_int_dec
[...]
    ../clib/printf.c                         0x00000000   Number         0  _printf_hex_int.o ABSOLUTE
    ../clib/printf.c                         0x00000000   Number         0  _printf_hex_ll.o ABSOLUTE
    ../clib/printf.c                         0x00000000   Number         0  __printf.o ABSOLUTE
    ../clib/printf.c                         0x00000000   Number         0  noretval__2printf.o ABSOLUTE
    ../clib/printf.c                         0x00000000   Number         0  __2printf.o ABSOLUTE
    ../clib/printf.c                         0x00000000   Number         0  _printf_dec.o ABSOLUTE
    ../clib/printf.c                         0x00000000   Number         0  _printf_pad.o ABSOLUTE
    ../clib/printf.c                         0x00000000   Number         0  __printf_nopercent.o ABSOLUTE
    ../clib/printf.c                         0x00000000   Number         0  _printf_char_common.o ABSOLUTE
    ../clib/printf.c                         0x00000000   Number         0  _printf_intcommon.o ABSOLUTE
    ../clib/printf.c                         0x00000000   Number         0  _printf_char_file.o ABSOLUTE
    ../clib/printf_percent.s                 0x00000000   Number         0  _printf_percent.o ABSOLUTE
    ../clib/printf_percent.s                 0x00000000   Number         0  _printf_d.o ABSOLUTE
    ../clib/printf_percent.s                 0x00000000   Number         0  _printf_x.o ABSOLUTE
    ../clib/printf_percent.s                 0x00000000   Number         0  _printf_percent_end.o ABSOLUTE
    ../clib/signal.c                         0x00000000   Number         0  defsig_segv_inner.o ABSOLUTE
    ../clib/signal.c                         0x00000000   Number         0  defsig_cppl_inner.o ABSOLUTE
    ../clib/signal.c                         0x00000000   Number         0  defsig_stak_inner.o ABSOLUTE
    ../clib/signal.c                         0x00000000   Number         0  __raise.o ABSOLUTE
    ../clib/signal.c                         0x00000000   Number         0  defsig_rtred_inner.o ABSOLUTE
    ../clib/signal.c                         0x00000000   Number         0  defsig_fpe_inner.o ABSOLUTE
    ../clib/signal.c                         0x00000000   Number         0  defsig_abrt_inner.o ABSOLUTE
    ../clib/signal.c                         0x00000000   Number         0  defsig_pvfn_inner.o ABSOLUTE
    ../clib/signal.c                         0x00000000   Number         0  defsig_general.o ABSOLUTE
    ../clib/signal.c                         0x00000000   Number         0  defsig_exit.o ABSOLUTE
    ../clib/signal.c                         0x00000000   Number         0  defsig_rtmem_inner.o ABSOLUTE
    ../clib/signal.c                         0x00000000   Number         0  defsig_other.o ABSOLUTE
    ../clib/signal.c                         0x00000000   Number         0  defsig_rtmem_outer.o ABSOLUTE
    ../clib/signal.c                         0x00000000   Number         0  defsig_rtmem_formal.o ABSOLUTE
    ../clib/signal.s                         0x00000000   Number         0  defsig.o ABSOLUTE
    ../clib/stdio.c                          0x00000000   Number         0  ferror_locked.o ABSOLUTE
    ../clib/stdio.c                          0x00000000   Number         0  ferror.o ABSOLUTE
    ../clib/stdlib.c                         0x00000000   Number         0  exit.o ABSOLUTE
    ../clib/string.c                         0x00000000   Number         0  strlen.o ABSOLUTE
    ../fplib/fpinit.s                        0x00000000   Number         0  fpinit.o ABSOLUTE
    ..\CORE\startup_stm32f40_41xxx.s         0x00000000   Number         0  startup_stm32f40_41xxx.o ABSOLUTE
    ..\FWLIB\src\misc.c                      0x00000000   Number         0  misc.o ABSOLUTE
    ..\FWLIB\src\stm32f4xx_gpio.c            0x00000000   Number         0  stm32f4xx_gpio.o ABSOLUTE
    ..\FWLIB\src\stm32f4xx_rcc.c             0x00000000   Number         0  stm32f4xx_rcc.o ABSOLUTE
    ..\FWLIB\src\stm32f4xx_syscfg.c          0x00000000   Number         0  stm32f4xx_syscfg.o ABSOLUTE
    ..\FWLIB\src\stm32f4xx_tim.c             0x00000000   Number         0  stm32f4xx_tim.o ABSOLUTE
    ..\FWLIB\src\stm32f4xx_usart.c           0x00000000   Number         0  stm32f4xx_usart.o ABSOLUTE
    ..\Gizwits\gizwits_product.c             0x00000000   Number         0  gizwits_product.o ABSOLUTE
    ..\Gizwits\gizwits_protocol.c            0x00000000   Number         0  gizwits_protocol.o ABSOLUTE
    ..\HARDWARE\KEY\key.c                    0x00000000   Number         0  key.o ABSOLUTE
    ..\HARDWARE\LED\led.c                    0x00000000   Number         0  led.o ABSOLUTE
    ..\HARDWARE\TIMER\timer.c                0x00000000   Number         0  timer.o ABSOLUTE
    ..\HARDWARE\USART3\usart3.c              0x00000000   Number         0  usart3.o ABSOLUTE
    ..\SYSTEM\delay\delay.c                  0x00000000   Number         0  delay.o ABSOLUTE
    ..\SYSTEM\sys\sys.c                      0x00000000   Number         0  sys.o ABSOLUTE
    ..\SYSTEM\usart\usart.c                  0x00000000   Number         0  usart.o ABSOLUTE
    ..\Utils\common.c                        0x00000000   Number         0  common.o ABSOLUTE
    ..\Utils\dataPointTools.c                0x00000000   Number         0  datapointtools.o ABSOLUTE
    ..\Utils\ringbuffer.c                    0x00000000   Number         0  ringbuffer.o ABSOLUTE
    ..\\FWLIB\\src\\misc.c                   0x00000000   Number         0  misc.o ABSOLUTE
    ..\\FWLIB\\src\\stm32f4xx_gpio.c         0x00000000   Number         0  stm32f4xx_gpio.o ABSOLUTE
    ..\\FWLIB\\src\\stm32f4xx_rcc.c          0x00000000   Number         0  stm32f4xx_rcc.o ABSOLUTE
    ..\\FWLIB\\src\\stm32f4xx_syscfg.c       0x00000000   Number         0  stm32f4xx_syscfg.o ABSOLUTE
    ..\\FWLIB\\src\\stm32f4xx_tim.c          0x00000000   Number         0  stm32f4xx_tim.o ABSOLUTE
    ..\\FWLIB\\src\\stm32f4xx_usart.c        0x00000000   Number         0  stm32f4xx_usart.o ABSOLUTE
    ..\\Gizwits\\gizwits_product.c           0x00000000   Number         0  gizwits_product.o ABSOLUTE
    ..\\HARDWARE\\KEY\\key.c                 0x00000000   Number         0  key.o ABSOLUTE
    ..\\HARDWARE\\LED\\led.c                 0x00000000   Number         0  led.o ABSOLUTE
    ..\\HARDWARE\\TIMER\\timer.c             0x00000000   Number         0  timer.o ABSOLUTE
    ..\\HARDWARE\\USART3\\usart3.c           0x00000000   Number         0  usart3.o ABSOLUTE
    ..\\SYSTEM\\delay\\delay.c               0x00000000   Number         0  delay.o ABSOLUTE
    ..\\SYSTEM\\sys\\sys.c                   0x00000000   Number         0  sys.o ABSOLUTE
    ..\\SYSTEM\\usart\\usart.c               0x00000000   Number         0  usart.o ABSOLUTE
    dc.s                                     0x00000000   Number         0  dc.o ABSOLUTE
    main.c                                   0x00000000   Number         0  main.o ABSOLUTE
    main.c                                   0x00000000   Number         0  main.o ABSOLUTE
    stm32f4xx_it.c                           0x00000000   Number         0  stm32f4xx_it.o ABSOLUTE
    stm32f4xx_it.c                           0x00000000   Number         0  stm32f4xx_it.o ABSOLUTE
    system_stm32f4xx.c                       0x00000000   Number         0  system_stm32f4xx.o ABSOLUTE
    system_stm32f4xx.c                       0x00000000   Number         0  system_stm32f4xx.o ABSOLUTE
    RESET                                    0x08000000   Section      392  startup_stm32f40_41xxx.o(RESET)
    !!!main                                  0x08000188   Section        8  __main.o(!!!main)
    !!!scatter                               0x08000190   Section       52  __scatter.o(!!!scatter)
    !!handler_copy                           0x080001c4   Section       26  __scatter_copy.o(!!handler_copy)
    !!handler_zi                             0x080001e0   Section       28  __scatter_zi.o(!!handler_zi)
    .ARM.Collect$$_printf_percent$$00000000  0x080001fc   Section        0  _printf_percent.o(.ARM.Collect$$_printf_percent$$00000000)
    .ARM.Collect$$_printf_percent$$00000009  0x080001fc   Section        6  _printf_d.o(.ARM.Collect$$_printf_percent$$00000009)
    .ARM.Collect$$_printf_percent$$0000000C  0x08000202   Section        6  _printf_x.o(.ARM.Collect$$_printf_percent$$0000000C)
    .ARM.Collect$$_printf_percent$$00000017  0x08000208   Section        4  _printf_percent_end.o(.ARM.Collect$$_printf_percent$$00000017)
    .ARM.Collect$$libinit$$00000000          0x0800020c   Section        2  libinit.o(.ARM.Collect$$libinit$$00000000)
    .ARM.Collect$$libinit$$00000001          0x0800020e   Section        4  libinit2.o(.ARM.Collect$$libinit$$00000001)
    .ARM.Collect$$libinit$$00000004          0x08000212   Section        0  libinit2.o(.ARM.Collect$$libinit$$00000004)
    .ARM.Collect$$libinit$$0000000A          0x08000212   Section        0  libinit2.o(.ARM.Collect$$libinit$$0000000A)
    .ARM.Collect$$libinit$$0000000C          0x08000212   Section        0  libinit2.o(.ARM.Collect$$libinit$$0000000C)
    .ARM.Collect$$libinit$$0000000E          0x08000212   Section        0  libinit2.o(.ARM.Collect$$libinit$$0000000E)
    .ARM.Collect$$libinit$$0000000F          0x08000212   Section        6  libinit2.o(.ARM.Collect$$libinit$$0000000F)
    .ARM.Collect$$libinit$$00000011          0x08000218   Section        0  libinit2.o(.ARM.Collect$$libinit$$00000011)
    .ARM.Collect$$libinit$$00000012          0x08000218   Section       12  libinit2.o(.ARM.Collect$$libinit$$00000012)
    .ARM.Collect$$libinit$$00000013          0x08000224   Section        0  libinit2.o(.ARM.Collect$$libinit$$00000013)
    .ARM.Collect$$libinit$$00000015          0x08000224   Section        0  libinit2.o(.ARM.Collect$$libinit$$00000015)
    .ARM.Collect$$libinit$$00000017          0x08000224   Section        0  libinit2.o(.ARM.Collect$$libinit$$00000017)
    .ARM.Collect$$libinit$$00000019          0x08000224   Section        0  libinit2.o(.ARM.Collect$$libinit$$00000019)
    .ARM.Collect$$libinit$$0000001B          0x08000224   Section        0  libinit2.o(.ARM.Collect$$libinit$$0000001B)
    .ARM.Collect$$libinit$$0000001D          0x08000224   Section        0  libinit2.o(.ARM.Collect$$libinit$$0000001D)
    .ARM.Collect$$libinit$$0000001F          0x08000224   Section        0  libinit2.o(.ARM.Collect$$libinit$$0000001F)
    .ARM.Collect$$libinit$$00000021          0x08000224   Section        0  libinit2.o(.ARM.Collect$$libinit$$00000021)
    .ARM.Collect$$libinit$$00000023          0x08000224   Section        0  libinit2.o(.ARM.Collect$$libinit$$00000023)
    .ARM.Collect$$libinit$$00000025          0x08000224   Section        0  libinit2.o(.ARM.Collect$$libinit$$00000025)
    .ARM.Collect$$libinit$$0000002C          0x08000224   Section        0  libinit2.o(.ARM.Collect$$libinit$$0000002C)
    .ARM.Collect$$libinit$$0000002E          0x08000224   Section        0  libinit2.o(.ARM.Collect$$libinit$$0000002E)
    .ARM.Collect$$libinit$$00000030          0x08000224   Section        0  libinit2.o(.ARM.Collect$$libinit$$00000030)
    .ARM.Collect$$libinit$$00000032          0x08000224   Section        0  libinit2.o(.ARM.Collect$$libinit$$00000032)
    .ARM.Collect$$libinit$$00000033          0x08000224   Section        2  libinit2.o(.ARM.Collect$$libinit$$00000033)
    .ARM.Collect$$libshutdown$$00000000      0x08000226   Section        2  libshutdown.o(.ARM.Collect$$libshutdown$$00000000)
    .ARM.Collect$$libshutdown$$00000003      0x08000228   Section        0  libshutdown2.o(.ARM.Collect$$libshutdown$$00000003)
    .ARM.Collect$$libshutdown$$00000006      0x08000228   Section        0  libshutdown2.o(.ARM.Collect$$libshutdown$$00000006)
    .ARM.Collect$$libshutdown$$00000009      0x08000228   Section        0  libshutdown2.o(.ARM.Collect$$libshutdown$$00000009)
    .ARM.Collect$$libshutdown$$0000000B      0x08000228   Section        0  libshutdown2.o(.ARM.Collect$$libshutdown$$0000000B)
    .ARM.Collect$$libshutdown$$0000000E      0x08000228   Section        0  libshutdown2.o(.ARM.Collect$$libshutdown$$0000000E)
    .ARM.Collect$$libshutdown$$0000000F      0x08000228   Section        2  libshutdown2.o(.ARM.Collect$$libshutdown$$0000000F)
    .ARM.Collect$$rtentry$$00000000          0x0800022a   Section        0  __rtentry.o(.ARM.Collect$$rtentry$$00000000)
    .ARM.Collect$$rtentry$$00000002          0x0800022a   Section        0  __rtentry2.o(.ARM.Collect$$rtentry$$00000002)
    .ARM.Collect$$rtentry$$00000004          0x0800022a   Section        6  __rtentry4.o(.ARM.Collect$$rtentry$$00000004)
    .ARM.Collect$$rtentry$$00000009          0x08000230   Section        0  __rtentry2.o(.ARM.Collect$$rtentry$$00000009)
    .ARM.Collect$$rtentry$$0000000A          0x08000230   Section        4  __rtentry2.o(.ARM.Collect$$rtentry$$0000000A)
    .ARM.Collect$$rtentry$$0000000C          0x08000234   Section        0  __rtentry2.o(.ARM.Collect$$rtentry$$0000000C)
    .ARM.Collect$$rtentry$$0000000D          0x08000234   Section        8  __rtentry2.o(.ARM.Collect$$rtentry$$0000000D)
    .ARM.Collect$$rtexit$$00000000           0x0800023c   Section        2  rtexit.o(.ARM.Collect$$rtexit$$00000000)
    .ARM.Collect$$rtexit$$00000002           0x0800023e   Section        0  rtexit2.o(.ARM.Collect$$rtexit$$00000002)
    .ARM.Collect$$rtexit$$00000003           0x0800023e   Section        4  rtexit2.o(.ARM.Collect$$rtexit$$00000003)
    .ARM.Collect$$rtexit$$00000004           0x08000242   Section        6  rtexit2.o(.ARM.Collect$$rtexit$$00000004)
    .text                                    0x08000248   Section        0  main.o(.text)
    .text                                    0x0800035c   Section        0  stm32f4xx_it.o(.text)
    .text                                    0x08000378   Section        0  system_stm32f4xx.o(.text)
    SetSysClock                              0x08000379   Thumb Code   220  system_stm32f4xx.o(.text)
    .text                                    0x08000588   Section        0  led.o(.text)
    .text                                    0x080005c8   Section        0  timer.o(.text)
    .text                                    0x08000640   Section        0  key.o(.text)
    .text                                    0x08000744   Section        0  usart3.o(.text)
    .text                                    0x0800081c   Section        0  delay.o(.text)
    .text                                    0x08000920   Section        0  usart.o(.text)
    .text                                    0x08000a68   Section       64  startup_stm32f40_41xxx.o(.text)
    $v0                                      0x08000a68   Number         0  startup_stm32f40_41xxx.o(.text)
    .text                                    0x08000aa8   Section        0  misc.o(.text)
    .text                                    0x08000b88   Section        0  stm32f4xx_gpio.o(.text)
    .text                                    0x08000e1c   Section        0  stm32f4xx_rcc.o(.text)
    .text                                    0x08001478   Section        0  stm32f4xx_tim.o(.text)
    TI4_Config                               0x08001c17   Thumb Code    80  stm32f4xx_tim.o(.text)
    TI3_Config                               0x08001c79   Thumb Code    72  stm32f4xx_tim.o(.text)
    TI2_Config                               0x08001cdb   Thumb Code    90  stm32f4xx_tim.o(.text)
    TI1_Config                               0x08001d47   Thumb Code    58  stm32f4xx_tim.o(.text)
    .text                                    0x0800211c   Section        0  stm32f4xx_usart.o(.text)
    .text                                    0x08002570   Section        0  gizwits_product.o(.text)
    .text                                    0x08002804   Section        0  gizwits_protocol.o(.text)
    gizProtocolHeadInit                      0x08002839   Thumb Code    34  gizwits_protocol.o(.text)
    gizProtocolWaitAck                       0x0800285b   Thumb Code    70  gizwits_protocol.o(.text)
    gizDataPoint2Event                       0x080028a1   Thumb Code   126  gizwits_protocol.o(.text)
    gizCheckReport                           0x0800291f   Thumb Code    60  gizwits_protocol.o(.text)
    gizDataPoints2ReportData                 0x0800295b   Thumb Code    70  gizwits_protocol.o(.text)
    gizProtocolIssuedProcess                 0x080029a1   Thumb Code   216  gizwits_protocol.o(.text)
    gizProtocolIssuedDataAck                 0x08002a79   Thumb Code   230  gizwits_protocol.o(.text)
    gizReportData                            0x08002b5f   Thumb Code   646  gizwits_protocol.o(.text)
    gizDevReportPolicy                       0x08002de5   Thumb Code   128  gizwits_protocol.o(.text)
    gizProtocolGetOnePacket                  0x08002e65   Thumb Code   358  gizwits_protocol.o(.text)
    gizProtocolResendData                    0x08002fcb   Thumb Code    72  gizwits_protocol.o(.text)
    gizProtocolWaitAckCheck                  0x08003013   Thumb Code    48  gizwits_protocol.o(.text)
    gizProtocolCommonAck                     0x08003043   Thumb Code    86  gizwits_protocol.o(.text)
    gizProtocolAckHandle                     0x08003099   Thumb Code   106  gizwits_protocol.o(.text)
    gizProtocolGetDeviceInfo                 0x08003103   Thumb Code   642  gizwits_protocol.o(.text)
    gizProtocolErrorCmd                      0x08003385   Thumb Code    92  gizwits_protocol.o(.text)
    gizProtocolNTP                           0x080033e1   Thumb Code   112  gizwits_protocol.o(.text)
    gizProtocolReboot                        0x08003451   Thumb Code    28  gizwits_protocol.o(.text)
    gizProtocolModuleStatus                  0x0800346d   Thumb Code  1358  gizwits_protocol.o(.text)
    gizProtocolModuleInfoHandle              0x08003ca7   Thumb Code    68  gizwits_protocol.o(.text)
    .text                                    0x08004190   Section        0  common.o(.text)
    isleap                                   0x0800431f   Thumb Code    52  common.o(.text)
    get_yeardays                             0x08004353   Thumb Code    24  common.o(.text)
    .text                                    0x08004528   Section        0  datapointtools.o(.text)
    .text                                    0x0800485c   Section        0  ringbuffer.o(.text)
    .text                                    0x08004a2a   Section        2  use_no_semi_2.o(.text)
    .text                                    0x08004a2c   Section        0  toupper.o(.text)
    .text                                    0x08004a4c   Section        0  noretval__2printf.o(.text)
    .text                                    0x08004a64   Section        0  _printf_pad.o(.text)
    .text                                    0x08004ab4   Section        0  _printf_dec.o(.text)
    .text                                    0x08004b2c   Section        0  _printf_hex_int.o(.text)
    .text                                    0x08004b84   Section        0  __printf_flags_wp.o(.text)
    .text                                    0x08004cbc   Section        0  strlen.o(.text)
    .text                                    0x08004cfa   Section      138  rt_memcpy_v6.o(.text)
    .text                                    0x08004d84   Section      100  rt_memcpy_w.o(.text)
    .text                                    0x08004de8   Section       68  rt_memclr.o(.text)
    .text                                    0x08004e2c   Section        0  heapauxi.o(.text)
    .text                                    0x08004e32   Section        2  use_no_semi.o(.text)
    .text                                    0x08004e34   Section       16  rt_ctype_table.o(.text)
    .text                                    0x08004e44   Section        0  _printf_intcommon.o(.text)
    .text                                    0x08004ef8   Section        0  _printf_char_file.o(.text)
    .text                                    0x08004f1c   Section       78  rt_memclr_w.o(.text)
    .text                                    0x08004f6c   Section        8  rt_locale_intlibspace.o(.text)
    .text                                    0x08004f74   Section        0  _printf_char_common.o(.text)
    _printf_input_char                       0x08004f75   Thumb Code    10  _printf_char_common.o(.text)
    .text                                    0x08004fa4   Section        0  ferror.o(.text)
    .text                                    0x08004fac   Section        8  libspace.o(.text)
    .text                                    0x08004fb4   Section       74  sys_stackheap_outer.o(.text)
    .text                                    0x08004ffe   Section        0  exit.o(.text)
    .text                                    0x0800500c   Section      128  strcmpv7m.o(.text)
    i._is_digit                              0x0800508c   Section        0  __printf_wp.o(i._is_digit)
    locale$$code                             0x0800509c   Section       44  lc_ctype_c.o(locale$$code)
    x$fpl$fpinit                             0x080050c8   Section       10  fpinit.o(x$fpl$fpinit)
    $v0                                      0x080050c8   Number         0  fpinit.o(x$fpl$fpinit)
    .constdata                               0x080050d4   Section       48  common.o(.constdata)
    .constdata                               0x08005104   Section       40  _printf_hex_int.o(.constdata)
    uc_hextab                                0x08005104   Data          20  _printf_hex_int.o(.constdata)
    lc_hextab                                0x08005118   Data          20  _printf_hex_int.o(.constdata)
    .constdata                               0x0800512c   Section       17  __printf_flags_wp.o(.constdata)
    maptable                                 0x0800512c   Data          17  __printf_flags_wp.o(.constdata)
    locale$$data                             0x08005160   Section      272  lc_ctype_c.o(locale$$data)
    __lcctype_c_name                         0x08005164   Data           2  lc_ctype_c.o(locale$$data)
    __lcctype_c_start                        0x0800516c   Data           0  lc_ctype_c.o(locale$$data)
    __lcctype_c_end                          0x08005270   Data           0  lc_ctype_c.o(locale$$data)
    .data                                    0x20000000   Section       20  system_stm32f4xx.o(.data)
    .data                                    0x20000014   Section        1  key.o(.data)
    key_up                                   0x20000014   Data           1  key.o(.data)
    .data                                    0x20000016   Section        4  delay.o(.data)
    fac_us                                   0x20000016   Data           1  delay.o(.data)
    fac_ms                                   0x20000018   Data           2  delay.o(.data)
    .data                                    0x2000001c   Section        6  usart.o(.data)
    .data                                    0x20000022   Section       16  stm32f4xx_rcc.o(.data)
    APBAHBPrescTable                         0x20000022   Data          16  stm32f4xx_rcc.o(.data)
    .data                                    0x20000034   Section        6  gizwits_product.o(.data)
    timerMsCount                             0x20000034   Data           4  gizwits_product.o(.data)
    .data                                    0x2000003c   Section       16  gizwits_protocol.o(.data)
    lastReportTime                           0x2000003c   Data           4  gizwits_protocol.o(.data)
    lastRepTime                              0x20000040   Data           4  gizwits_protocol.o(.data)
    protocolFlag                             0x20000044   Data           1  gizwits_protocol.o(.data)
    protocolCount                            0x20000046   Data           2  gizwits_protocol.o(.data)
    lastData                                 0x20000048   Data           1  gizwits_protocol.o(.data)
    debugCount                               0x20000049   Data           1  gizwits_protocol.o(.data)
    lastStatus                               0x2000004a   Data           2  gizwits_protocol.o(.data)
    .bss                                     0x2000004c   Section      200  usart.o(.bss)
    .bss                                     0x20000114   Section      310  gizwits_protocol.o(.bss)
    rbBuf                                    0x2000021e   Data          44  gizwits_protocol.o(.bss)
    .bss                                     0x2000024c   Section       96  libspace.o(.bss)
    HEAP                                     0x200002b0   Section      512  startup_stm32f40_41xxx.o(HEAP)
    Heap_Mem                                 0x200002b0   Data         512  startup_stm32f40_41xxx.o(HEAP)
    STACK                                    0x200004b0   Section     4096  startup_stm32f40_41xxx.o(STACK)
    Stack_Mem                                0x200004b0   Data        4096  startup_stm32f40_41xxx.o(STACK)
    __initial_sp                             0x200014b0   Data           0  startup_stm32f40_41xxx.o(STACK)

    Global Symbols

    Symbol Name                              Value     Ov Type        Size  Object(Section)

    BuildAttributes$$THM_ISAv4$E$P$D$K$B$S$7EM$VFPi3$EXTD16$VFPS$VFMA$PE$A:L22UL41UL21$X:L11$S22US41US21$IEEE1$IW$USESV6$~STKCKD$USESV7$~SHL$OSPACE$ROPI$EBA8$UX$STANDARDLIB$REQ8$PRES8$EABIv2 0x00000000   Number         0  anon$$obj.o ABSOLUTE
    __ARM_use_no_argv                        0x00000000   Number         0  main.o ABSOLUTE
    _printf_flags                            0x00000000   Number         0  printf_stubs.o ABSOLUTE
    _printf_return_value                     0x00000000   Number         0  printf_stubs.o ABSOLUTE
    _printf_sizespec                         0x00000000   Number         0  printf_stubs.o ABSOLUTE
    _printf_widthprec                        0x00000000   Number         0  printf_stubs.o ABSOLUTE
    __ARM_exceptions_init                     - Undefined Weak Reference
    __alloca_initialize                       - Undefined Weak Reference
    __arm_preinit_                            - Undefined Weak Reference
    __cpp_initialize__aeabi_                  - Undefined Weak Reference
    __cxa_finalize                            - Undefined Weak Reference
    __sigvec_lookup                           - Undefined Weak Reference
    _atexit_init                              - Undefined Weak Reference
    _call_atexit_fns                          - Undefined Weak Reference
    _clock_init                               - Undefined Weak Reference
    _fp_trap_init                             - Undefined Weak Reference
    _fp_trap_shutdown                         - Undefined Weak Reference
    _get_lc_collate                           - Undefined Weak Reference
    _get_lc_monetary                          - Undefined Weak Reference
    _get_lc_numeric                           - Undefined Weak Reference
    _get_lc_time                              - Undefined Weak Reference
    _getenv_init                              - Undefined Weak Reference
    _handle_redirection                       - Undefined Weak Reference
    _init_alloc                               - Undefined Weak Reference
    _init_user_alloc                          - Undefined Weak Reference
    _initio                                   - Undefined Weak Reference
    _mutex_acquire                            - Undefined Weak Reference
    _mutex_release                            - Undefined Weak Reference
    _printf_truncate_signed                   - Undefined Weak Reference
    _printf_truncate_unsigned                 - Undefined Weak Reference
    _rand_init                                - Undefined Weak Reference
    _signal_finish                            - Undefined Weak Reference
    _signal_init                              - Undefined Weak Reference
    _terminate_alloc                          - Undefined Weak Reference
    _terminate_user_alloc                     - Undefined Weak Reference
    _terminateio                              - Undefined Weak Reference
    __Vectors_Size                           0x00000188   Number         0  startup_stm32f40_41xxx.o ABSOLUTE
    __Vectors                                0x08000000   Data           4  startup_stm32f40_41xxx.o(RESET)
    __Vectors_End                            0x08000188   Data           0  startup_stm32f40_41xxx.o(RESET)
    __main                                   0x08000189   Thumb Code     8  __main.o(!!!main)
    __scatterload                            0x08000191   Thumb Code     0  __scatter.o(!!!scatter)
    __scatterload_rt2                        0x08000191   Thumb Code    44  __scatter.o(!!!scatter)
    __scatterload_rt2_thumb_only             0x08000191   Thumb Code     0  __scatter.o(!!!scatter)
    __scatterload_null                       0x0800019f   Thumb Code     0  __scatter.o(!!!scatter)
    __scatterload_copy                       0x080001c5   Thumb Code    26  __scatter_copy.o(!!handler_copy)
    __scatterload_zeroinit                   0x080001e1   Thumb Code    28  __scatter_zi.o(!!handler_zi)
    _printf_d                                0x080001fd   Thumb Code     0  _printf_d.o(.ARM.Collect$$_printf_percent$$00000009)
    _printf_percent                          0x080001fd   Thumb Code     0  _printf_percent.o(.ARM.Collect$$_printf_percent$$00000000)
    _printf_x                                0x08000203   Thumb Code     0  _printf_x.o(.ARM.Collect$$_printf_percent$$0000000C)
    _printf_percent_end                      0x08000209   Thumb Code     0  _printf_percent_end.o(.ARM.Collect$$_printf_percent$$00000017)
    __rt_lib_init                            0x0800020d   Thumb Code     0  libinit.o(.ARM.Collect$$libinit$$00000000)
    __rt_lib_init_fp_1                       0x0800020f   Thumb Code     0  libinit2.o(.ARM.Collect$$libinit$$00000001)
    __rt_lib_init_heap_1                     0x08000213   Thumb Code     0  libinit2.o(.ARM.Collect$$libinit$$0000000A)
    __rt_lib_init_lc_common                  0x08000213   Thumb Code     0  libinit2.o(.ARM.Collect$$libinit$$0000000F)
    __rt_lib_init_preinit_1                  0x08000213   Thumb Code     0  libinit2.o(.ARM.Collect$$libinit$$00000004)
    __rt_lib_init_rand_1                     0x08000213   Thumb Code     0  libinit2.o(.ARM.Collect$$libinit$$0000000E)
    __rt_lib_init_user_alloc_1               0x08000213   Thumb Code     0  libinit2.o(.ARM.Collect$$libinit$$0000000C)
    __rt_lib_init_lc_collate_1               0x08000219   Thumb Code     0  libinit2.o(.ARM.Collect$$libinit$$00000011)
    __rt_lib_init_lc_ctype_2                 0x08000219   Thumb Code     0  libinit2.o(.ARM.Collect$$libinit$$00000012)
    __rt_lib_init_alloca_1                   0x08000225   Thumb Code     0  libinit2.o(.ARM.Collect$$libinit$$0000002E)
    __rt_lib_init_argv_1                     0x08000225   Thumb Code     0  libinit2.o(.ARM.Collect$$libinit$$0000002C)
    __rt_lib_init_atexit_1                   0x08000225   Thumb Code     0  libinit2.o(.ARM.Collect$$libinit$$0000001B)
    __rt_lib_init_clock_1                    0x08000225   Thumb Code     0  libinit2.o(.ARM.Collect$$libinit$$00000021)
    __rt_lib_init_cpp_1                      0x08000225   Thumb Code     0  libinit2.o(.ARM.Collect$$libinit$$00000032)
    __rt_lib_init_exceptions_1               0x08000225   Thumb Code     0  libinit2.o(.ARM.Collect$$libinit$$00000030)
    __rt_lib_init_fp_trap_1                  0x08000225   Thumb Code     0  libinit2.o(.ARM.Collect$$libinit$$0000001F)
    __rt_lib_init_getenv_1                   0x08000225   Thumb Code     0  libinit2.o(.ARM.Collect$$libinit$$00000023)
    __rt_lib_init_lc_ctype_1                 0x08000225   Thumb Code     0  libinit2.o(.ARM.Collect$$libinit$$00000013)
    __rt_lib_init_lc_monetary_1              0x08000225   Thumb Code     0  libinit2.o(.ARM.Collect$$libinit$$00000015)
    __rt_lib_init_lc_numeric_1               0x08000225   Thumb Code     0  libinit2.o(.ARM.Collect$$libinit$$00000017)
    __rt_lib_init_lc_time_1                  0x08000225   Thumb Code     0  libinit2.o(.ARM.Collect$$libinit$$00000019)
    __rt_lib_init_return                     0x08000225   Thumb Code     0  libinit2.o(.ARM.Collect$$libinit$$00000033)
    __rt_lib_init_signal_1                   0x08000225   Thumb Code     0  libinit2.o(.ARM.Collect$$libinit$$0000001D)
    __rt_lib_init_stdio_1                    0x08000225   Thumb Code     0  libinit2.o(.ARM.Collect$$libinit$$00000025)
    __rt_lib_shutdown                        0x08000227   Thumb Code     0  libshutdown.o(.ARM.Collect$$libshutdown$$00000000)
    __rt_lib_shutdown_fp_trap_1              0x08000229   Thumb Code     0  libshutdown2.o(.ARM.Collect$$libshutdown$$00000006)
    __rt_lib_shutdown_heap_1                 0x08000229   Thumb Code     0  libshutdown2.o(.ARM.Collect$$libshutdown$$0000000E)
    __rt_lib_shutdown_return                 0x08000229   Thumb Code     0  libshutdown2.o(.ARM.Collect$$libshutdown$$0000000F)
    __rt_lib_shutdown_signal_1               0x08000229   Thumb Code     0  libshutdown2.o(.ARM.Collect$$libshutdown$$00000009)
    __rt_lib_shutdown_stdio_1                0x08000229   Thumb Code     0  libshutdown2.o(.ARM.Collect$$libshutdown$$00000003)
    __rt_lib_shutdown_user_alloc_1           0x08000229   Thumb Code     0  libshutdown2.o(.ARM.Collect$$libshutdown$$0000000B)
    __rt_entry                               0x0800022b   Thumb Code     0  __rtentry.o(.ARM.Collect$$rtentry$$00000000)
    __rt_entry_presh_1                       0x0800022b   Thumb Code     0  __rtentry2.o(.ARM.Collect$$rtentry$$00000002)
    __rt_entry_sh                            0x0800022b   Thumb Code     0  __rtentry4.o(.ARM.Collect$$rtentry$$00000004)
    __rt_entry_li                            0x08000231   Thumb Code     0  __rtentry2.o(.ARM.Collect$$rtentry$$0000000A)
    __rt_entry_postsh_1                      0x08000231   Thumb Code     0  __rtentry2.o(.ARM.Collect$$rtentry$$00000009)
    __rt_entry_main                          0x08000235   Thumb Code     0  __rtentry2.o(.ARM.Collect$$rtentry$$0000000D)
    __rt_entry_postli_1                      0x08000235   Thumb Code     0  __rtentry2.o(.ARM.Collect$$rtentry$$0000000C)
    __rt_exit                                0x0800023d   Thumb Code     0  rtexit.o(.ARM.Collect$$rtexit$$00000000)
    __rt_exit_ls                             0x0800023f   Thumb Code     0  rtexit2.o(.ARM.Collect$$rtexit$$00000003)
    __rt_exit_prels_1                        0x0800023f   Thumb Code     0  rtexit2.o(.ARM.Collect$$rtexit$$00000002)
    __rt_exit_exit                           0x08000243   Thumb Code     0  rtexit2.o(.ARM.Collect$$rtexit$$00000004)
    Gizwits_Init                             0x08000249   Thumb Code    32  main.o(.text)
    main                                     0x08000269   Thumb Code   106  main.o(.text)
    NMI_Handler                              0x0800035d   Thumb Code     2  stm32f4xx_it.o(.text)
    HardFault_Handler                        0x0800035f   Thumb Code     4  stm32f4xx_it.o(.text)
    MemManage_Handler                        0x08000363   Thumb Code     4  stm32f4xx_it.o(.text)
    BusFault_Handler                         0x08000367   Thumb Code     4  stm32f4xx_it.o(.text)
    UsageFault_Handler                       0x0800036b   Thumb Code     4  stm32f4xx_it.o(.text)
    SVC_Handler                              0x0800036f   Thumb Code     2  stm32f4xx_it.o(.text)
    DebugMon_Handler                         0x08000371   Thumb Code     2  stm32f4xx_it.o(.text)
    PendSV_Handler                           0x08000373   Thumb Code     2  stm32f4xx_it.o(.text)
    SysTick_Handler                          0x08000375   Thumb Code     2  stm32f4xx_it.o(.text)
    SystemInit                               0x08000455   Thumb Code    88  system_stm32f4xx.o(.text)
    SystemCoreClockUpdate                    0x080004ad   Thumb Code   174  system_stm32f4xx.o(.text)
    LED_Init                                 0x08000589   Thumb Code    60  led.o(.text)
    TIM3_Int_Init                            0x080005c9   Thumb Code    88  timer.o(.text)
    TIM3_IRQHandler                          0x08000621   Thumb Code    28  timer.o(.text)
    KEY_Init                                 0x08000641   Thumb Code    60  key.o(.text)
    KEY_Scan                                 0x0800067d   Thumb Code   188  key.o(.text)
    USART3_IRQHandler                        0x08000745   Thumb Code    34  usart3.o(.text)
    usart3_Init                              0x08000767   Thumb Code   172  usart3.o(.text)
    delay_init                               0x0800081d   Thumb Code    52  delay.o(.text)
    delay_us                                 0x08000851   Thumb Code    72  delay.o(.text)
    delay_xms                                0x08000899   Thumb Code    72  delay.o(.text)
    delay_ms                                 0x080008e1   Thumb Code    56  delay.o(.text)
    _sys_exit                                0x08000921   Thumb Code     4  usart.o(.text)
    fputc                                    0x08000925   Thumb Code    22  usart.o(.text)
    uart_init                                0x0800093b   Thumb Code   164  usart.o(.text)
    USART1_IRQHandler                        0x080009df   Thumb Code   122  usart.o(.text)
    Reset_Handler                            0x08000a69   Thumb Code     8  startup_stm32f40_41xxx.o(.text)
    ADC_IRQHandler                           0x08000a83   Thumb Code     0  startup_stm32f40_41xxx.o(.text)
    CAN1_RX0_IRQHandler                      0x08000a83   Thumb Code     0  startup_stm32f40_41xxx.o(.text)
    CAN1_RX1_IRQHandler                      0x08000a83   Thumb Code     0  startup_stm32f40_41xxx.o(.text)
    CAN1_SCE_IRQHandler                      0x08000a83   Thumb Code     0  startup_stm32f40_41xxx.o(.text)
    CAN1_TX_IRQHandler                       0x08000a83   Thumb Code     0  startup_stm32f40_41xxx.o(.text)
    CAN2_RX0_IRQHandler                      0x08000a83   Thumb Code     0  startup_stm32f40_41xxx.o(.text)
    CAN2_RX1_IRQHandler                      0x08000a83   Thumb Code     0  startup_stm32f40_41xxx.o(.text)
    CAN2_SCE_IRQHandler                      0x08000a83   Thumb Code     0  startup_stm32f40_41xxx.o(.text)
    CAN2_TX_IRQHandler                       0x08000a83   Thumb Code     0  startup_stm32f40_41xxx.o(.text)
    CRYP_IRQHandler                          0x08000a83   Thumb Code     0  startup_stm32f40_41xxx.o(.text)
    DCMI_IRQHandler                          0x08000a83   Thumb Code     0  startup_stm32f40_41xxx.o(.text)
    DMA1_Stream0_IRQHandler                  0x08000a83   Thumb Code     0  startup_stm32f40_41xxx.o(.text)
    DMA1_Stream1_IRQHandler                  0x08000a83   Thumb Code     0  startup_stm32f40_41xxx.o(.text)
    DMA1_Stream2_IRQHandler                  0x08000a83   Thumb Code     0  startup_stm32f40_41xxx.o(.text)
    DMA1_Stream3_IRQHandler                  0x08000a83   Thumb Code     0  startup_stm32f40_41xxx.o(.text)
    DMA1_Stream4_IRQHandler                  0x08000a83   Thumb Code     0  startup_stm32f40_41xxx.o(.text)
    DMA1_Stream5_IRQHandler                  0x08000a83   Thumb Code     0  startup_stm32f40_41xxx.o(.text)
    DMA1_Stream6_IRQHandler                  0x08000a83   Thumb Code     0  startup_stm32f40_41xxx.o(.text)
    DMA1_Stream7_IRQHandler                  0x08000a83   Thumb Code     0  startup_stm32f40_41xxx.o(.text)
    DMA2_Stream0_IRQHandler                  0x08000a83   Thumb Code     0  startup_stm32f40_41xxx.o(.text)
    DMA2_Stream1_IRQHandler                  0x08000a83   Thumb Code     0  startup_stm32f40_41xxx.o(.text)
    DMA2_Stream2_IRQHandler                  0x08000a83   Thumb Code     0  startup_stm32f40_41xxx.o(.text)
    DMA2_Stream3_IRQHandler                  0x08000a83   Thumb Code     0  startup_stm32f40_41xxx.o(.text)
    DMA2_Stream4_IRQHandler                  0x08000a83   Thumb Code     0  startup_stm32f40_41xxx.o(.text)
    DMA2_Stream5_IRQHandler                  0x08000a83   Thumb Code     0  startup_stm32f40_41xxx.o(.text)
    DMA2_Stream6_IRQHandler                  0x08000a83   Thumb Code     0  startup_stm32f40_41xxx.o(.text)
    DMA2_Stream7_IRQHandler                  0x08000a83   Thumb Code     0  startup_stm32f40_41xxx.o(.text)
    ETH_IRQHandler                           0x08000a83   Thumb Code     0  startup_stm32f40_41xxx.o(.text)
    ETH_WKUP_IRQHandler                      0x08000a83   Thumb Code     0  startup_stm32f40_41xxx.o(.text)
    EXTI0_IRQHandler                         0x08000a83   Thumb Code     0  startup_stm32f40_41xxx.o(.text)
    EXTI15_10_IRQHandler                     0x08000a83   Thumb Code     0  startup_stm32f40_41xxx.o(.text)
    EXTI1_IRQHandler                         0x08000a83   Thumb Code     0  startup_stm32f40_41xxx.o(.text)
    EXTI2_IRQHandler                         0x08000a83   Thumb Code     0  startup_stm32f40_41xxx.o(.text)
    EXTI3_IRQHandler                         0x08000a83   Thumb Code     0  startup_stm32f40_41xxx.o(.text)
    EXTI4_IRQHandler                         0x08000a83   Thumb Code     0  startup_stm32f40_41xxx.o(.text)
    EXTI9_5_IRQHandler                       0x08000a83   Thumb Code     0  startup_stm32f40_41xxx.o(.text)
    FLASH_IRQHandler                         0x08000a83   Thumb Code     0  startup_stm32f40_41xxx.o(.text)
    FPU_IRQHandler                           0x08000a83   Thumb Code     0  startup_stm32f40_41xxx.o(.text)
    FSMC_IRQHandler                          0x08000a83   Thumb Code     0  startup_stm32f40_41xxx.o(.text)
    HASH_RNG_IRQHandler                      0x08000a83   Thumb Code     0  startup_stm32f40_41xxx.o(.text)
    I2C1_ER_IRQHandler                       0x08000a83   Thumb Code     0  startup_stm32f40_41xxx.o(.text)
    I2C1_EV_IRQHandler                       0x08000a83   Thumb Code     0  startup_stm32f40_41xxx.o(.text)
    I2C2_ER_IRQHandler                       0x08000a83   Thumb Code     0  startup_stm32f40_41xxx.o(.text)
    I2C2_EV_IRQHandler                       0x08000a83   Thumb Code     0  startup_stm32f40_41xxx.o(.text)
    I2C3_ER_IRQHandler                       0x08000a83   Thumb Code     0  startup_stm32f40_41xxx.o(.text)
    I2C3_EV_IRQHandler                       0x08000a83   Thumb Code     0  startup_stm32f40_41xxx.o(.text)
    OTG_FS_IRQHandler                        0x08000a83   Thumb Code     0  startup_stm32f40_41xxx.o(.text)
    OTG_FS_WKUP_IRQHandler                   0x08000a83   Thumb Code     0  startup_stm32f40_41xxx.o(.text)
    OTG_HS_EP1_IN_IRQHandler                 0x08000a83   Thumb Code     0  startup_stm32f40_41xxx.o(.text)
    OTG_HS_EP1_OUT_IRQHandler                0x08000a83   Thumb Code     0  startup_stm32f40_41xxx.o(.text)
    OTG_HS_IRQHandler                        0x08000a83   Thumb Code     0  startup_stm32f40_41xxx.o(.text)
    OTG_HS_WKUP_IRQHandler                   0x08000a83   Thumb Code     0  startup_stm32f40_41xxx.o(.text)
    PVD_IRQHandler                           0x08000a83   Thumb Code     0  startup_stm32f40_41xxx.o(.text)
    RCC_IRQHandler                           0x08000a83   Thumb Code     0  startup_stm32f40_41xxx.o(.text)
    RTC_Alarm_IRQHandler                     0x08000a83   Thumb Code     0  startup_stm32f40_41xxx.o(.text)
    RTC_WKUP_IRQHandler                      0x08000a83   Thumb Code     0  startup_stm32f40_41xxx.o(.text)
    SDIO_IRQHandler                          0x08000a83   Thumb Code     0  startup_stm32f40_41xxx.o(.text)
    SPI1_IRQHandler                          0x08000a83   Thumb Code     0  startup_stm32f40_41xxx.o(.text)
    SPI2_IRQHandler                          0x08000a83   Thumb Code     0  startup_stm32f40_41xxx.o(.text)
    SPI3_IRQHandler                          0x08000a83   Thumb Code     0  startup_stm32f40_41xxx.o(.text)
    TAMP_STAMP_IRQHandler                    0x08000a83   Thumb Code     0  startup_stm32f40_41xxx.o(.text)
    TIM1_BRK_TIM9_IRQHandler                 0x08000a83   Thumb Code     0  startup_stm32f40_41xxx.o(.text)
    TIM1_CC_IRQHandler                       0x08000a83   Thumb Code     0  startup_stm32f40_41xxx.o(.text)
    TIM1_TRG_COM_TIM11_IRQHandler            0x08000a83   Thumb Code     0  startup_stm32f40_41xxx.o(.text)
    TIM1_UP_TIM10_IRQHandler                 0x08000a83   Thumb Code     0  startup_stm32f40_41xxx.o(.text)
    TIM2_IRQHandler                          0x08000a83   Thumb Code     0  startup_stm32f40_41xxx.o(.text)
    TIM4_IRQHandler                          0x08000a83   Thumb Code     0  startup_stm32f40_41xxx.o(.text)
    TIM5_IRQHandler                          0x08000a83   Thumb Code     0  startup_stm32f40_41xxx.o(.text)
    TIM6_DAC_IRQHandler                      0x08000a83   Thumb Code     0  startup_stm32f40_41xxx.o(.text)
    TIM7_IRQHandler                          0x08000a83   Thumb Code     0  startup_stm32f40_41xxx.o(.text)
    TIM8_BRK_TIM12_IRQHandler                0x08000a83   Thumb Code     0  startup_stm32f40_41xxx.o(.text)
    TIM8_CC_IRQHandler                       0x08000a83   Thumb Code     0  startup_stm32f40_41xxx.o(.text)
    TIM8_TRG_COM_TIM14_IRQHandler            0x08000a83   Thumb Code     0  startup_stm32f40_41xxx.o(.text)
    TIM8_UP_TIM13_IRQHandler                 0x08000a83   Thumb Code     0  startup_stm32f40_41xxx.o(.text)
    UART4_IRQHandler                         0x08000a83   Thumb Code     0  startup_stm32f40_41xxx.o(.text)
    UART5_IRQHandler                         0x08000a83   Thumb Code     0  startup_stm32f40_41xxx.o(.text)
    USART2_IRQHandler                        0x08000a83   Thumb Code     0  startup_stm32f40_41xxx.o(.text)
    USART6_IRQHandler                        0x08000a83   Thumb Code     0  startup_stm32f40_41xxx.o(.text)
    WWDG_IRQHandler                          0x08000a83   Thumb Code     0  startup_stm32f40_41xxx.o(.text)
    __user_initial_stackheap                 0x08000a85   Thumb Code     0  startup_stm32f40_41xxx.o(.text)
    NVIC_PriorityGroupConfig                 0x08000aa9   Thumb Code    10  misc.o(.text)
    NVIC_Init                                0x08000ab3   Thumb Code   106  misc.o(.text)
    NVIC_SetVectorTable                      0x08000b1d   Thumb Code    14  misc.o(.text)
    NVIC_SystemLPConfig                      0x08000b2b   Thumb Code    34  misc.o(.text)
    SysTick_CLKSourceConfig                  0x08000b4d   Thumb Code    40  misc.o(.text)
    GPIO_DeInit                              0x08000b89   Thumb Code   268  stm32f4xx_gpio.o(.text)
    GPIO_Init                                0x08000c95   Thumb Code   144  stm32f4xx_gpio.o(.text)
    GPIO_StructInit                          0x08000d25   Thumb Code    18  stm32f4xx_gpio.o(.text)
    GPIO_PinLockConfig                       0x08000d37   Thumb Code    34  stm32f4xx_gpio.o(.text)
    GPIO_ReadInputDataBit                    0x08000d59   Thumb Code    18  stm32f4xx_gpio.o(.text)
    GPIO_ReadInputData                       0x08000d6b   Thumb Code     8  stm32f4xx_gpio.o(.text)
    GPIO_ReadOutputDataBit                   0x08000d73   Thumb Code    18  stm32f4xx_gpio.o(.text)
    GPIO_ReadOutputData                      0x08000d85   Thumb Code     8  stm32f4xx_gpio.o(.text)
    GPIO_SetBits                             0x08000d8d   Thumb Code     4  stm32f4xx_gpio.o(.text)
    GPIO_ResetBits                           0x08000d91   Thumb Code     4  stm32f4xx_gpio.o(.text)
    GPIO_WriteBit                            0x08000d95   Thumb Code    10  stm32f4xx_gpio.o(.text)
    GPIO_Write                               0x08000d9f   Thumb Code     4  stm32f4xx_gpio.o(.text)
    GPIO_ToggleBits                          0x08000da3   Thumb Code     8  stm32f4xx_gpio.o(.text)
    GPIO_PinAFConfig                         0x08000dab   Thumb Code    70  stm32f4xx_gpio.o(.text)
    RCC_DeInit                               0x08000e1d   Thumb Code    82  stm32f4xx_rcc.o(.text)
    RCC_HSEConfig                            0x08000e6f   Thumb Code    14  stm32f4xx_rcc.o(.text)
    RCC_GetFlagStatus                        0x08000e7d   Thumb Code    60  stm32f4xx_rcc.o(.text)
    RCC_WaitForHSEStartUp                    0x08000eb9   Thumb Code    56  stm32f4xx_rcc.o(.text)
    RCC_AdjustHSICalibrationValue            0x08000ef1   Thumb Code    20  stm32f4xx_rcc.o(.text)
    RCC_HSICmd                               0x08000f05   Thumb Code     6  stm32f4xx_rcc.o(.text)
    RCC_LSEConfig                            0x08000f0b   Thumb Code    46  stm32f4xx_rcc.o(.text)
    RCC_LSICmd                               0x08000f39   Thumb Code     6  stm32f4xx_rcc.o(.text)
    RCC_PLLConfig                            0x08000f3f   Thumb Code    32  stm32f4xx_rcc.o(.text)
    RCC_PLLCmd                               0x08000f5f   Thumb Code     6  stm32f4xx_rcc.o(.text)
    RCC_PLLI2SConfig                         0x08000f65   Thumb Code    14  stm32f4xx_rcc.o(.text)
    RCC_PLLI2SCmd                            0x08000f73   Thumb Code     6  stm32f4xx_rcc.o(.text)
    RCC_PLLSAIConfig                         0x08000f79   Thumb Code    20  stm32f4xx_rcc.o(.text)
    RCC_PLLSAICmd                            0x08000f8d   Thumb Code     6  stm32f4xx_rcc.o(.text)
    RCC_ClockSecuritySystemCmd               0x08000f93   Thumb Code     6  stm32f4xx_rcc.o(.text)
    RCC_MCO1Config                           0x08000f99   Thumb Code    28  stm32f4xx_rcc.o(.text)
    RCC_MCO2Config                           0x08000fb5   Thumb Code    28  stm32f4xx_rcc.o(.text)
    RCC_SYSCLKConfig                         0x08000fd1   Thumb Code    20  stm32f4xx_rcc.o(.text)
    RCC_GetSYSCLKSource                      0x08000fe5   Thumb Code    12  stm32f4xx_rcc.o(.text)
    RCC_HCLKConfig                           0x08000ff1   Thumb Code    20  stm32f4xx_rcc.o(.text)
    RCC_PCLK1Config                          0x08001005   Thumb Code    20  stm32f4xx_rcc.o(.text)
    RCC_PCLK2Config                          0x08001019   Thumb Code    22  stm32f4xx_rcc.o(.text)
    RCC_GetClocksFreq                        0x0800102f   Thumb Code   222  stm32f4xx_rcc.o(.text)
    RCC_RTCCLKConfig                         0x0800110d   Thumb Code    54  stm32f4xx_rcc.o(.text)
    RCC_RTCCLKCmd                            0x08001143   Thumb Code     8  stm32f4xx_rcc.o(.text)
    RCC_BackupResetCmd                       0x0800114b   Thumb Code     8  stm32f4xx_rcc.o(.text)
    RCC_I2SCLKConfig                         0x08001153   Thumb Code     6  stm32f4xx_rcc.o(.text)
    RCC_SAIPLLI2SClkDivConfig                0x08001159   Thumb Code    26  stm32f4xx_rcc.o(.text)
    RCC_SAIPLLSAIClkDivConfig                0x08001173   Thumb Code    28  stm32f4xx_rcc.o(.text)
    RCC_SAIBlockACLKConfig                   0x0800118f   Thumb Code    20  stm32f4xx_rcc.o(.text)
    RCC_SAIBlockBCLKConfig                   0x080011a3   Thumb Code    20  stm32f4xx_rcc.o(.text)
    RCC_LTDCCLKDivConfig                     0x080011b7   Thumb Code    20  stm32f4xx_rcc.o(.text)
    RCC_TIMCLKPresConfig                     0x080011cb   Thumb Code     6  stm32f4xx_rcc.o(.text)
    RCC_AHB1PeriphClockCmd                   0x080011d1   Thumb Code    34  stm32f4xx_rcc.o(.text)
    RCC_AHB2PeriphClockCmd                   0x080011f3   Thumb Code    78  stm32f4xx_rcc.o(.text)
    RCC_AHB3PeriphClockCmd                   0x08001241   Thumb Code    34  stm32f4xx_rcc.o(.text)
    RCC_APB1PeriphClockCmd                   0x08001263   Thumb Code    34  stm32f4xx_rcc.o(.text)
    RCC_APB2PeriphClockCmd                   0x08001285   Thumb Code    34  stm32f4xx_rcc.o(.text)
    RCC_AHB1PeriphResetCmd                   0x080012a7   Thumb Code    34  stm32f4xx_rcc.o(.text)
    RCC_AHB2PeriphResetCmd                   0x080012c9   Thumb Code    34  stm32f4xx_rcc.o(.text)
    RCC_AHB3PeriphResetCmd                   0x080012eb   Thumb Code    34  stm32f4xx_rcc.o(.text)
    RCC_APB1PeriphResetCmd                   0x0800130d   Thumb Code    34  stm32f4xx_rcc.o(.text)
    RCC_APB2PeriphResetCmd                   0x0800132f   Thumb Code    34  stm32f4xx_rcc.o(.text)
    RCC_AHB1PeriphClockLPModeCmd             0x08001351   Thumb Code    34  stm32f4xx_rcc.o(.text)
    RCC_AHB2PeriphClockLPModeCmd             0x08001373   Thumb Code    34  stm32f4xx_rcc.o(.text)
    RCC_AHB3PeriphClockLPModeCmd             0x08001395   Thumb Code    34  stm32f4xx_rcc.o(.text)
    RCC_APB1PeriphClockLPModeCmd             0x080013b7   Thumb Code    34  stm32f4xx_rcc.o(.text)
    RCC_APB2PeriphClockLPModeCmd             0x080013d9   Thumb Code    34  stm32f4xx_rcc.o(.text)
    RCC_LSEModeConfig                        0x080013fb   Thumb Code    40  stm32f4xx_rcc.o(.text)
    RCC_ITConfig                             0x08001423   Thumb Code    34  stm32f4xx_rcc.o(.text)
    RCC_ClearFlag                            0x08001445   Thumb Code    18  stm32f4xx_rcc.o(.text)
    RCC_GetITStatus                          0x08001457   Thumb Code    22  stm32f4xx_rcc.o(.text)
    RCC_ClearITPendingBit                    0x0800146d   Thumb Code     8  stm32f4xx_rcc.o(.text)
    TIM_DeInit                               0x08001479   Thumb Code   346  stm32f4xx_tim.o(.text)
    TIM_TimeBaseInit                         0x080015d3   Thumb Code   104  stm32f4xx_tim.o(.text)
    TIM_TimeBaseStructInit                   0x0800163b   Thumb Code    18  stm32f4xx_tim.o(.text)
    TIM_PrescalerConfig                      0x0800164d   Thumb Code     6  stm32f4xx_tim.o(.text)
    TIM_CounterModeConfig                    0x08001653   Thumb Code    18  stm32f4xx_tim.o(.text)
    TIM_SetCounter                           0x08001665   Thumb Code     4  stm32f4xx_tim.o(.text)
    TIM_SetAutoreload                        0x08001669   Thumb Code     4  stm32f4xx_tim.o(.text)
    TIM_GetCounter                           0x0800166d   Thumb Code     6  stm32f4xx_tim.o(.text)
    TIM_GetPrescaler                         0x08001673   Thumb Code     6  stm32f4xx_tim.o(.text)
    TIM_UpdateDisableConfig                  0x08001679   Thumb Code    24  stm32f4xx_tim.o(.text)
    TIM_UpdateRequestConfig                  0x08001691   Thumb Code    24  stm32f4xx_tim.o(.text)
    TIM_ARRPreloadConfig                     0x080016a9   Thumb Code    24  stm32f4xx_tim.o(.text)
    TIM_SelectOnePulseMode                   0x080016c1   Thumb Code    18  stm32f4xx_tim.o(.text)
    TIM_SetClockDivision                     0x080016d3   Thumb Code    18  stm32f4xx_tim.o(.text)
    TIM_Cmd                                  0x080016e5   Thumb Code    24  stm32f4xx_tim.o(.text)
    TIM_OC1Init                              0x080016fd   Thumb Code   114  stm32f4xx_tim.o(.text)
    TIM_OC2Init                              0x0800176f   Thumb Code   154  stm32f4xx_tim.o(.text)
    TIM_OC3Init                              0x08001809   Thumb Code   204  stm32f4xx_tim.o(.text)
    TIM_OC4Init                              0x080018d5   Thumb Code   112  stm32f4xx_tim.o(.text)
    TIM_OCStructInit                         0x08001945   Thumb Code    20  stm32f4xx_tim.o(.text)
    TIM_SelectOCxM                           0x08001959   Thumb Code    86  stm32f4xx_tim.o(.text)
    TIM_SetCompare1                          0x080019af   Thumb Code     4  stm32f4xx_tim.o(.text)
    TIM_SetCompare2                          0x080019b3   Thumb Code     4  stm32f4xx_tim.o(.text)
    TIM_SetCompare3                          0x080019b7   Thumb Code     4  stm32f4xx_tim.o(.text)
    TIM_SetCompare4                          0x080019bb   Thumb Code     4  stm32f4xx_tim.o(.text)
    TIM_ForcedOC1Config                      0x080019bf   Thumb Code    18  stm32f4xx_tim.o(.text)
    TIM_ForcedOC2Config                      0x080019d1   Thumb Code    26  stm32f4xx_tim.o(.text)
    TIM_ForcedOC3Config                      0x080019eb   Thumb Code    18  stm32f4xx_tim.o(.text)
    TIM_ForcedOC4Config                      0x080019fd   Thumb Code    26  stm32f4xx_tim.o(.text)
    TIM_OC1PreloadConfig                     0x08001a17   Thumb Code    18  stm32f4xx_tim.o(.text)
    TIM_OC2PreloadConfig                     0x08001a29   Thumb Code    26  stm32f4xx_tim.o(.text)
    TIM_OC3PreloadConfig                     0x08001a43   Thumb Code    18  stm32f4xx_tim.o(.text)
    TIM_OC4PreloadConfig                     0x08001a55   Thumb Code    26  stm32f4xx_tim.o(.text)
    TIM_OC1FastConfig                        0x08001a6f   Thumb Code    18  stm32f4xx_tim.o(.text)
    TIM_OC2FastConfig                        0x08001a81   Thumb Code    26  stm32f4xx_tim.o(.text)
    TIM_OC3FastConfig                        0x08001a9b   Thumb Code    18  stm32f4xx_tim.o(.text)
    TIM_OC4FastConfig                        0x08001aad   Thumb Code    26  stm32f4xx_tim.o(.text)
    TIM_ClearOC1Ref                          0x08001ac7   Thumb Code    18  stm32f4xx_tim.o(.text)
    TIM_ClearOC2Ref                          0x08001ad9   Thumb Code    24  stm32f4xx_tim.o(.text)
    TIM_ClearOC3Ref                          0x08001af1   Thumb Code    18  stm32f4xx_tim.o(.text)
    TIM_ClearOC4Ref                          0x08001b03   Thumb Code    24  stm32f4xx_tim.o(.text)
    TIM_OC1PolarityConfig                    0x08001b1b   Thumb Code    18  stm32f4xx_tim.o(.text)
    TIM_OC1NPolarityConfig                   0x08001b2d   Thumb Code    18  stm32f4xx_tim.o(.text)
    TIM_OC2PolarityConfig                    0x08001b3f   Thumb Code    26  stm32f4xx_tim.o(.text)
    TIM_OC2NPolarityConfig                   0x08001b59   Thumb Code    26  stm32f4xx_tim.o(.text)
    TIM_OC3PolarityConfig                    0x08001b73   Thumb Code    26  stm32f4xx_tim.o(.text)
    TIM_OC3NPolarityConfig                   0x08001b8d   Thumb Code    26  stm32f4xx_tim.o(.text)
    TIM_OC4PolarityConfig                    0x08001ba7   Thumb Code    26  stm32f4xx_tim.o(.text)
    TIM_CCxCmd                               0x08001bc1   Thumb Code    30  stm32f4xx_tim.o(.text)
    TIM_CCxNCmd                              0x08001bdf   Thumb Code    30  stm32f4xx_tim.o(.text)
    TIM_SetIC4Prescaler                      0x08001bfd   Thumb Code    26  stm32f4xx_tim.o(.text)
    TIM_SetIC3Prescaler                      0x08001c67   Thumb Code    18  stm32f4xx_tim.o(.text)
    TIM_SetIC2Prescaler                      0x08001cc1   Thumb Code    26  stm32f4xx_tim.o(.text)
    TIM_SetIC1Prescaler                      0x08001d35   Thumb Code    18  stm32f4xx_tim.o(.text)
    TIM_ICInit                               0x08001d81   Thumb Code   110  stm32f4xx_tim.o(.text)
    TIM_ICStructInit                         0x08001def   Thumb Code    18  stm32f4xx_tim.o(.text)
    TIM_PWMIConfig                           0x08001e01   Thumb Code   124  stm32f4xx_tim.o(.text)
    TIM_GetCapture1                          0x08001e7d   Thumb Code     6  stm32f4xx_tim.o(.text)
    TIM_GetCapture2                          0x08001e83   Thumb Code     6  stm32f4xx_tim.o(.text)
    TIM_GetCapture3                          0x08001e89   Thumb Code     6  stm32f4xx_tim.o(.text)
    TIM_GetCapture4                          0x08001e8f   Thumb Code     6  stm32f4xx_tim.o(.text)
    TIM_BDTRConfig                           0x08001e95   Thumb Code    32  stm32f4xx_tim.o(.text)
    TIM_BDTRStructInit                       0x08001eb5   Thumb Code    18  stm32f4xx_tim.o(.text)
    TIM_CtrlPWMOutputs                       0x08001ec7   Thumb Code    30  stm32f4xx_tim.o(.text)
    TIM_SelectCOM                            0x08001ee5   Thumb Code    24  stm32f4xx_tim.o(.text)
    TIM_CCPreloadControl                     0x08001efd   Thumb Code    24  stm32f4xx_tim.o(.text)
    TIM_ITConfig                             0x08001f15   Thumb Code    18  stm32f4xx_tim.o(.text)
    TIM_GenerateEvent                        0x08001f27   Thumb Code     4  stm32f4xx_tim.o(.text)
    TIM_GetFlagStatus                        0x08001f2b   Thumb Code    18  stm32f4xx_tim.o(.text)
    TIM_ClearFlag                            0x08001f3d   Thumb Code     6  stm32f4xx_tim.o(.text)
    TIM_GetITStatus                          0x08001f43   Thumb Code    34  stm32f4xx_tim.o(.text)
    TIM_ClearITPendingBit                    0x08001f65   Thumb Code     6  stm32f4xx_tim.o(.text)
    TIM_DMAConfig                            0x08001f6b   Thumb Code    10  stm32f4xx_tim.o(.text)
    TIM_DMACmd                               0x08001f75   Thumb Code    18  stm32f4xx_tim.o(.text)
    TIM_SelectCCDMA                          0x08001f87   Thumb Code    24  stm32f4xx_tim.o(.text)
    TIM_InternalClockConfig                  0x08001f9f   Thumb Code    12  stm32f4xx_tim.o(.text)
    TIM_SelectInputTrigger                   0x08001fab   Thumb Code    18  stm32f4xx_tim.o(.text)
    TIM_ITRxExternalClockConfig              0x08001fbd   Thumb Code    24  stm32f4xx_tim.o(.text)
    TIM_TIxExternalClockConfig               0x08001fd5   Thumb Code    62  stm32f4xx_tim.o(.text)
    TIM_ETRConfig                            0x08002013   Thumb Code    28  stm32f4xx_tim.o(.text)
    TIM_ETRClockMode1Config                  0x0800202f   Thumb Code    54  stm32f4xx_tim.o(.text)
    TIM_ETRClockMode2Config                  0x08002065   Thumb Code    32  stm32f4xx_tim.o(.text)
    TIM_SelectOutputTrigger                  0x08002085   Thumb Code    18  stm32f4xx_tim.o(.text)
    TIM_SelectSlaveMode                      0x08002097   Thumb Code    18  stm32f4xx_tim.o(.text)
    TIM_SelectMasterSlaveMode                0x080020a9   Thumb Code    18  stm32f4xx_tim.o(.text)
    TIM_EncoderInterfaceConfig               0x080020bb   Thumb Code    66  stm32f4xx_tim.o(.text)
    TIM_SelectHallSensor                     0x080020fd   Thumb Code    24  stm32f4xx_tim.o(.text)
    TIM_RemapConfig                          0x08002115   Thumb Code     6  stm32f4xx_tim.o(.text)
    USART_DeInit                             0x0800211d   Thumb Code   206  stm32f4xx_usart.o(.text)
    USART_Init                               0x080021eb   Thumb Code   204  stm32f4xx_usart.o(.text)
    USART_StructInit                         0x080022b7   Thumb Code    24  stm32f4xx_usart.o(.text)
    USART_ClockInit                          0x080022cf   Thumb Code    32  stm32f4xx_usart.o(.text)
    USART_ClockStructInit                    0x080022ef   Thumb Code    12  stm32f4xx_usart.o(.text)
    USART_Cmd                                0x080022fb   Thumb Code    24  stm32f4xx_usart.o(.text)
    USART_SetPrescaler                       0x08002313   Thumb Code    16  stm32f4xx_usart.o(.text)
    USART_OverSampling8Cmd                   0x08002323   Thumb Code    22  stm32f4xx_usart.o(.text)
    USART_OneBitMethodCmd                    0x08002339   Thumb Code    24  stm32f4xx_usart.o(.text)
    USART_SendData                           0x08002351   Thumb Code     8  stm32f4xx_usart.o(.text)
    USART_ReceiveData                        0x08002359   Thumb Code    10  stm32f4xx_usart.o(.text)
    USART_SetAddress                         0x08002363   Thumb Code    18  stm32f4xx_usart.o(.text)
    USART_ReceiverWakeUpCmd                  0x08002375   Thumb Code    24  stm32f4xx_usart.o(.text)
    USART_WakeUpConfig                       0x0800238d   Thumb Code    18  stm32f4xx_usart.o(.text)
    USART_LINBreakDetectLengthConfig         0x0800239f   Thumb Code    18  stm32f4xx_usart.o(.text)
    USART_LINCmd                             0x080023b1   Thumb Code    24  stm32f4xx_usart.o(.text)
    USART_SendBreak                          0x080023c9   Thumb Code    10  stm32f4xx_usart.o(.text)
    USART_HalfDuplexCmd                      0x080023d3   Thumb Code    24  stm32f4xx_usart.o(.text)
    USART_SetGuardTime                       0x080023eb   Thumb Code    16  stm32f4xx_usart.o(.text)
    USART_SmartCardCmd                       0x080023fb   Thumb Code    24  stm32f4xx_usart.o(.text)
    USART_SmartCardNACKCmd                   0x08002413   Thumb Code    24  stm32f4xx_usart.o(.text)
    USART_IrDAConfig                         0x0800242b   Thumb Code    18  stm32f4xx_usart.o(.text)
    USART_IrDACmd                            0x0800243d   Thumb Code    24  stm32f4xx_usart.o(.text)
    USART_DMACmd                             0x08002455   Thumb Code    18  stm32f4xx_usart.o(.text)
    USART_ITConfig                           0x08002467   Thumb Code    74  stm32f4xx_usart.o(.text)
    USART_GetFlagStatus                      0x080024b1   Thumb Code    26  stm32f4xx_usart.o(.text)
    USART_ClearFlag                          0x080024cb   Thumb Code    18  stm32f4xx_usart.o(.text)
    USART_GetITStatus                        0x080024dd   Thumb Code   118  stm32f4xx_usart.o(.text)
    USART_ClearITPendingBit                  0x08002553   Thumb Code    30  stm32f4xx_usart.o(.text)
    gizwitsEventProcess                      0x08002571   Thumb Code   270  gizwits_product.o(.text)
    userHandle                               0x0800267f   Thumb Code     2  gizwits_product.o(.text)
    userInit                                 0x08002681   Thumb Code     8  gizwits_product.o(.text)
    gizTimerMs                               0x08002689   Thumb Code    12  gizwits_product.o(.text)
    gizGetTimerCount                         0x08002695   Thumb Code     6  gizwits_product.o(.text)
    mcuRestart                               0x0800269b   Thumb Code    42  gizwits_product.o(.text)
    TIMER_IRQ_FUN                            0x080026c5   Thumb Code     8  gizwits_product.o(.text)
    UART_IRQ_FUN                             0x080026cd   Thumb Code    16  gizwits_product.o(.text)
    uartWrite                                0x080026dd   Thumb Code    82  gizwits_product.o(.text)
    gizPutData                               0x08002805   Thumb Code    52  gizwits_protocol.o(.text)
    gizwitsInit                              0x080039bb   Thumb Code    44  gizwits_protocol.o(.text)
    gizwitsSetMode                           0x080039e7   Thumb Code   510  gizwits_protocol.o(.text)
    gizwitsGetNTP                            0x08003be5   Thumb Code    94  gizwits_protocol.o(.text)
    gizwitsGetModuleInfo                     0x08003c43   Thumb Code   100  gizwits_protocol.o(.text)
    gizwitsHandle                            0x08003ceb   Thumb Code   792  gizwits_protocol.o(.text)
    gizwitsPassthroughData                   0x08004003   Thumb Code   172  gizwits_protocol.o(.text)
    gizProtocolSum                           0x08004191   Thumb Code    38  common.o(.text)
    exchangeBytes                            0x080041b7   Thumb Code    26  common.o(.text)
    exchangeWord                             0x080041d1   Thumb Code    26  common.o(.text)
    char2hex                                 0x080041eb   Thumb Code   106  common.o(.text)
    checkStringIsNotZero                     0x08004255   Thumb Code    46  common.o(.text)
    returnWeekDay                            0x08004283   Thumb Code   156  common.o(.text)
    returnNtp2Wt                             0x0800436b   Thumb Code   274  common.o(.text)
    str2Hex                                  0x0800447d   Thumb Code    80  common.o(.text)
    hex2Str                                  0x080044cd   Thumb Code    82  common.o(.text)
    gizByteOrderExchange                     0x08004529   Thumb Code    50  datapointtools.o(.text)
    gizY2X                                   0x0800455b   Thumb Code    14  datapointtools.o(.text)
    gizX2Y                                   0x08004569   Thumb Code    12  datapointtools.o(.text)
    gizY2XFloat                              0x08004575   Thumb Code    20  datapointtools.o(.text)
    gizX2YFloat                              0x08004589   Thumb Code    34  datapointtools.o(.text)
    gizAcrossByteJudge                       0x080045ab   Thumb Code    42  datapointtools.o(.text)
    gizVarlenCompressValue                   0x080045d5   Thumb Code   124  datapointtools.o(.text)
    gizVarlenDecompressionValue              0x08004651   Thumb Code   196  datapointtools.o(.text)
    gizStandardDecompressionValue            0x08004715   Thumb Code   194  datapointtools.o(.text)
    gizStandardCompressValue                 0x080047d7   Thumb Code   128  datapointtools.o(.text)
    rbCreate                                 0x0800485d   Thumb Code    22  ringbuffer.o(.text)
    rbDelete                                 0x08004873   Thumb Code    24  ringbuffer.o(.text)
    rbCapacity                               0x0800488b   Thumb Code    14  ringbuffer.o(.text)
    rbCanRead                                0x08004899   Thumb Code    56  ringbuffer.o(.text)
    rbCanWrite                               0x080048d1   Thumb Code    30  ringbuffer.o(.text)
    rbRead                                   0x080048ef   Thumb Code   162  ringbuffer.o(.text)
    rbWrite                                  0x08004991   Thumb Code   154  ringbuffer.o(.text)
    __use_no_semihosting                     0x08004a2b   Thumb Code     2  use_no_semi_2.o(.text)
    toupper                                  0x08004a2d   Thumb Code    30  toupper.o(.text)
    __2printf                                0x08004a4d   Thumb Code    20  noretval__2printf.o(.text)
    _printf_pre_padding                      0x08004a65   Thumb Code    44  _printf_pad.o(.text)
    _printf_post_padding                     0x08004a91   Thumb Code    34  _printf_pad.o(.text)
    _printf_int_dec                          0x08004ab5   Thumb Code   104  _printf_dec.o(.text)
    _printf_int_hex                          0x08004b2d   Thumb Code    84  _printf_hex_int.o(.text)
    _printf_longlong_hex                     0x08004b2d   Thumb Code     0  _printf_hex_int.o(.text)
    __printf                                 0x08004b85   Thumb Code   308  __printf_flags_wp.o(.text)
    strlen                                   0x08004cbd   Thumb Code    62  strlen.o(.text)
    __aeabi_memcpy                           0x08004cfb   Thumb Code     0  rt_memcpy_v6.o(.text)
    __rt_memcpy                              0x08004cfb   Thumb Code   138  rt_memcpy_v6.o(.text)
    _memcpy_lastbytes                        0x08004d61   Thumb Code     0  rt_memcpy_v6.o(.text)
    __aeabi_memcpy4                          0x08004d85   Thumb Code     0  rt_memcpy_w.o(.text)
    __aeabi_memcpy8                          0x08004d85   Thumb Code     0  rt_memcpy_w.o(.text)
    __rt_memcpy_w                            0x08004d85   Thumb Code   100  rt_memcpy_w.o(.text)
    _memcpy_lastbytes_aligned                0x08004dcd   Thumb Code     0  rt_memcpy_w.o(.text)
    __aeabi_memclr                           0x08004de9   Thumb Code     0  rt_memclr.o(.text)
    __rt_memclr                              0x08004de9   Thumb Code    68  rt_memclr.o(.text)
    _memset                                  0x08004ded   Thumb Code     0  rt_memclr.o(.text)
    __use_two_region_memory                  0x08004e2d   Thumb Code     2  heapauxi.o(.text)
    __rt_heap_escrow$2region                 0x08004e2f   Thumb Code     2  heapauxi.o(.text)
    __rt_heap_expand$2region                 0x08004e31   Thumb Code     2  heapauxi.o(.text)
    __I$use$semihosting                      0x08004e33   Thumb Code     0  use_no_semi.o(.text)
    __use_no_semihosting_swi                 0x08004e33   Thumb Code     2  use_no_semi.o(.text)
    __rt_ctype_table                         0x08004e35   Thumb Code    16  rt_ctype_table.o(.text)
    _printf_int_common                       0x08004e45   Thumb Code   178  _printf_intcommon.o(.text)
    _printf_char_file                        0x08004ef9   Thumb Code    32  _printf_char_file.o(.text)
    __aeabi_memclr4                          0x08004f1d   Thumb Code     0  rt_memclr_w.o(.text)
    __aeabi_memclr8                          0x08004f1d   Thumb Code     0  rt_memclr_w.o(.text)
    __rt_memclr_w                            0x08004f1d   Thumb Code    78  rt_memclr_w.o(.text)
    _memset_w                                0x08004f21   Thumb Code     0  rt_memclr_w.o(.text)
    __rt_locale                              0x08004f6d   Thumb Code     8  rt_locale_intlibspace.o(.text)
    _printf_char_common                      0x08004f7f   Thumb Code    32  _printf_char_common.o(.text)
    ferror                                   0x08004fa5   Thumb Code     8  ferror.o(.text)
    __user_libspace                          0x08004fad   Thumb Code     8  libspace.o(.text)
    __user_perproc_libspace                  0x08004fad   Thumb Code     0  libspace.o(.text)
    __user_perthread_libspace                0x08004fad   Thumb Code     0  libspace.o(.text)
    __user_setup_stackheap                   0x08004fb5   Thumb Code    74  sys_stackheap_outer.o(.text)
    exit                                     0x08004fff   Thumb Code    12  exit.o(.text)
    strcmp                                   0x0800500d   Thumb Code   128  strcmpv7m.o(.text)
    _is_digit                                0x0800508d   Thumb Code    14  __printf_wp.o(i._is_digit)
    _get_lc_ctype                            0x0800509d   Thumb Code    44  lc_ctype_c.o(locale$$code)
    _fp_init                                 0x080050c9   Thumb Code    10  fpinit.o(x$fpl$fpinit)
    __fplib_config_fpu_vfp                   0x080050d1   Thumb Code     0  fpinit.o(x$fpl$fpinit)
    __fplib_config_pureend_doubles           0x080050d1   Thumb Code     0  fpinit.o(x$fpl$fpinit)
    Region$$Table$$Base                      0x08005140   Number         0  anon$$obj.o(Region$$Table)
    Region$$Table$$Limit                     0x08005160   Number         0  anon$$obj.o(Region$$Table)
    __ctype                                  0x0800516d   Data           0  lc_ctype_c.o(locale$$data)
    SystemCoreClock                          0x20000000   Data           4  system_stm32f4xx.o(.data)
    AHBPrescTable                            0x20000004   Data          16  system_stm32f4xx.o(.data)
    __stdout                                 0x2000001c   Data           4  usart.o(.data)
    USART_RX_STA                             0x20000020   Data           2  usart.o(.data)
    currentDataPoint                         0x20000038   Data           2  gizwits_product.o(.data)
    USART_RX_BUF                             0x2000004c   Data         200  usart.o(.bss)
    gizwitsProtocol                          0x20000114   Data         250  gizwits_protocol.o(.bss)
    pRb                                      0x2000020e   Data          16  gizwits_protocol.o(.bss)
    __libspace_start                         0x2000024c   Data          96  libspace.o(.bss)
    __temporary_stack_top$libspace           0x200002ac   Data           0  libspace.o(.bss)



==============================================================================

Memory Map of the image

  Image Entry point : 0x08000189

  Load Region LR_IROM1 (Base: 0x08000000, Size: 0x000052bc, Max: 0x00100000, ABSOLUTE)

    Execution Region ER_IROM1 (Base: 0x08000000, Size: 0x00005270, Max: 0x00100000, ABSOLUTE)

    Base Addr    Size         Type   Attr      Idx    E Section Name        Object

    0x08000000   0x00000188   Data   RO          408    RESET               startup_stm32f40_41xxx.o
    0x08000188   0x00000008   Code   RO          697  * !!!main             c_w.l(__main.o)
    0x08000190   0x00000034   Code   RO          878    !!!scatter          c_w.l(__scatter.o)
    0x080001c4   0x0000001a   Code   RO          880    !!handler_copy      c_w.l(__scatter_copy.o)
    0x080001de   0x00000002   PAD
    0x080001e0   0x0000001c   Code   RO          882    !!handler_zi        c_w.l(__scatter_zi.o)
    0x080001fc   0x00000000   Code   RO          686    .ARM.Collect$$_printf_percent$$00000000  c_w.l(_printf_percent.o)
    0x080001fc   0x00000006   Code   RO          685    .ARM.Collect$$_printf_percent$$00000009  c_w.l(_printf_d.o)
    0x08000202   0x00000006   Code   RO          684    .ARM.Collect$$_printf_percent$$0000000C  c_w.l(_printf_x.o)
    0x08000208   0x00000004   Code   RO          708    .ARM.Collect$$_printf_percent$$00000017  c_w.l(_printf_percent_end.o)
    0x0800020c   0x00000002   Code   RO          756    .ARM.Collect$$libinit$$00000000  c_w.l(libinit.o)
    0x0800020e   0x00000004   Code   RO          757    .ARM.Collect$$libinit$$00000001  c_w.l(libinit2.o)
    0x08000212   0x00000000   Code   RO          760    .ARM.Collect$$libinit$$00000004  c_w.l(libinit2.o)
    0x08000212   0x00000000   Code   RO          763    .ARM.Collect$$libinit$$0000000A  c_w.l(libinit2.o)
    0x08000212   0x00000000   Code   RO          765    .ARM.Collect$$libinit$$0000000C  c_w.l(libinit2.o)
    0x08000212   0x00000000   Code   RO          767    .ARM.Collect$$libinit$$0000000E  c_w.l(libinit2.o)
    0x08000212   0x00000006   Code   RO          768    .ARM.Collect$$libinit$$0000000F  c_w.l(libinit2.o)
    0x08000218   0x00000000   Code   RO          770    .ARM.Collect$$libinit$$00000011  c_w.l(libinit2.o)
    0x08000218   0x0000000c   Code   RO          771    .ARM.Collect$$libinit$$00000012  c_w.l(libinit2.o)
    0x08000224   0x00000000   Code   RO          772    .ARM.Collect$$libinit$$00000013  c_w.l(libinit2.o)
    0x08000224   0x00000000   Code   RO          774    .ARM.Collect$$libinit$$00000015  c_w.l(libinit2.o)
    0x08000224   0x00000000   Code   RO          776    .ARM.Collect$$libinit$$00000017  c_w.l(libinit2.o)
    0x08000224   0x00000000   Code   RO          778    .ARM.Collect$$libinit$$00000019  c_w.l(libinit2.o)
    0x08000224   0x00000000   Code   RO          780    .ARM.Collect$$libinit$$0000001B  c_w.l(libinit2.o)
    0x08000224   0x00000000   Code   RO          782    .ARM.Collect$$libinit$$0000001D  c_w.l(libinit2.o)
    0x08000224   0x00000000   Code   RO          784    .ARM.Collect$$libinit$$0000001F  c_w.l(libinit2.o)
    0x08000224   0x00000000   Code   RO          786    .ARM.Collect$$libinit$$00000021  c_w.l(libinit2.o)
    0x08000224   0x00000000   Code   RO          788    .ARM.Collect$$libinit$$00000023  c_w.l(libinit2.o)
    0x08000224   0x00000000   Code   RO          790    .ARM.Collect$$libinit$$00000025  c_w.l(libinit2.o)
    0x08000224   0x00000000   Code   RO          794    .ARM.Collect$$libinit$$0000002C  c_w.l(libinit2.o)
    0x08000224   0x00000000   Code   RO          796    .ARM.Collect$$libinit$$0000002E  c_w.l(libinit2.o)
    0x08000224   0x00000000   Code   RO          798    .ARM.Collect$$libinit$$00000030  c_w.l(libinit2.o)
    0x08000224   0x00000000   Code   RO          800    .ARM.Collect$$libinit$$00000032  c_w.l(libinit2.o)
    0x08000224   0x00000002   Code   RO          801    .ARM.Collect$$libinit$$00000033  c_w.l(libinit2.o)
    0x08000226   0x00000002   Code   RO          829    .ARM.Collect$$libshutdown$$00000000  c_w.l(libshutdown.o)
    0x08000228   0x00000000   Code   RO          839    .ARM.Collect$$libshutdown$$00000003  c_w.l(libshutdown2.o)
    0x08000228   0x00000000   Code   RO          842    .ARM.Collect$$libshutdown$$00000006  c_w.l(libshutdown2.o)
    0x08000228   0x00000000   Code   RO          845    .ARM.Collect$$libshutdown$$00000009  c_w.l(libshutdown2.o)
    0x08000228   0x00000000   Code   RO          847    .ARM.Collect$$libshutdown$$0000000B  c_w.l(libshutdown2.o)
    0x08000228   0x00000000   Code   RO          850    .ARM.Collect$$libshutdown$$0000000E  c_w.l(libshutdown2.o)
    0x08000228   0x00000002   Code   RO          851    .ARM.Collect$$libshutdown$$0000000F  c_w.l(libshutdown2.o)
    0x0800022a   0x00000000   Code   RO          701    .ARM.Collect$$rtentry$$00000000  c_w.l(__rtentry.o)
    0x0800022a   0x00000000   Code   RO          712    .ARM.Collect$$rtentry$$00000002  c_w.l(__rtentry2.o)
    0x0800022a   0x00000006   Code   RO          724    .ARM.Collect$$rtentry$$00000004  c_w.l(__rtentry4.o)
    0x08000230   0x00000000   Code   RO          714    .ARM.Collect$$rtentry$$00000009  c_w.l(__rtentry2.o)
    0x08000230   0x00000004   Code   RO          715    .ARM.Collect$$rtentry$$0000000A  c_w.l(__rtentry2.o)
    0x08000234   0x00000000   Code   RO          717    .ARM.Collect$$rtentry$$0000000C  c_w.l(__rtentry2.o)
    0x08000234   0x00000008   Code   RO          718    .ARM.Collect$$rtentry$$0000000D  c_w.l(__rtentry2.o)
    0x0800023c   0x00000002   Code   RO          802    .ARM.Collect$$rtexit$$00000000  c_w.l(rtexit.o)
    0x0800023e   0x00000000   Code   RO          809    .ARM.Collect$$rtexit$$00000002  c_w.l(rtexit2.o)
    0x0800023e   0x00000004   Code   RO          810    .ARM.Collect$$rtexit$$00000003  c_w.l(rtexit2.o)
    0x08000242   0x00000006   Code   RO          811    .ARM.Collect$$rtexit$$00000004  c_w.l(rtexit2.o)
    0x08000248   0x00000114   Code   RO            3    .text               main.o
    0x0800035c   0x0000001a   Code   RO          181    .text               stm32f4xx_it.o
    0x08000376   0x00000002   PAD
    0x08000378   0x00000210   Code   RO          230    .text               system_stm32f4xx.o
    0x08000588   0x00000040   Code   RO          256    .text               led.o
    0x080005c8   0x00000078   Code   RO          276    .text               timer.o
    0x08000640   0x00000104   Code   RO          296    .text               key.o
    0x08000744   0x000000d8   Code   RO          317    .text               usart3.o
    0x0800081c   0x00000104   Code   RO          337    .text               delay.o
    0x08000920   0x00000148   Code   RO          377    .text               usart.o
    0x08000a68   0x00000040   Code   RO          409    .text               startup_stm32f40_41xxx.o
    0x08000aa8   0x000000e0   Code   RO          415    .text               misc.o
    0x08000b88   0x00000294   Code   RO          435    .text               stm32f4xx_gpio.o
    0x08000e1c   0x0000065c   Code   RO          455    .text               stm32f4xx_rcc.o
    0x08001478   0x00000ca2   Code   RO          497    .text               stm32f4xx_tim.o
    0x0800211a   0x00000002   PAD
    0x0800211c   0x00000454   Code   RO          517    .text               stm32f4xx_usart.o
    0x08002570   0x00000294   Code   RO          537    .text               gizwits_product.o
    0x08002804   0x0000198c   Code   RO          568    .text               gizwits_protocol.o
    0x08004190   0x00000398   Code   RO          590    .text               common.o
    0x08004528   0x00000334   Code   RO          603    .text               datapointtools.o
    0x0800485c   0x000001ce   Code   RO          615    .text               ringbuffer.o
    0x08004a2a   0x00000002   Code   RO          629    .text               c_w.l(use_no_semi_2.o)
    0x08004a2c   0x0000001e   Code   RO          631    .text               c_w.l(toupper.o)
    0x08004a4a   0x00000002   PAD
    0x08004a4c   0x00000018   Code   RO          635    .text               c_w.l(noretval__2printf.o)
    0x08004a64   0x0000004e   Code   RO          639    .text               c_w.l(_printf_pad.o)
    0x08004ab2   0x00000002   PAD
    0x08004ab4   0x00000078   Code   RO          641    .text               c_w.l(_printf_dec.o)
    0x08004b2c   0x00000058   Code   RO          646    .text               c_w.l(_printf_hex_int.o)
    0x08004b84   0x00000138   Code   RO          676    .text               c_w.l(__printf_flags_wp.o)
    0x08004cbc   0x0000003e   Code   RO          687    .text               c_w.l(strlen.o)
    0x08004cfa   0x0000008a   Code   RO          689    .text               c_w.l(rt_memcpy_v6.o)
    0x08004d84   0x00000064   Code   RO          691    .text               c_w.l(rt_memcpy_w.o)
    0x08004de8   0x00000044   Code   RO          693    .text               c_w.l(rt_memclr.o)
    0x08004e2c   0x00000006   Code   RO          695    .text               c_w.l(heapauxi.o)
    0x08004e32   0x00000002   Code   RO          699    .text               c_w.l(use_no_semi.o)
    0x08004e34   0x00000010   Code   RO          702    .text               c_w.l(rt_ctype_table.o)
    0x08004e44   0x000000b2   Code   RO          704    .text               c_w.l(_printf_intcommon.o)
    0x08004ef6   0x00000002   PAD
    0x08004ef8   0x00000024   Code   RO          706    .text               c_w.l(_printf_char_file.o)
    0x08004f1c   0x0000004e   Code   RO          709    .text               c_w.l(rt_memclr_w.o)
    0x08004f6a   0x00000002   PAD
    0x08004f6c   0x00000008   Code   RO          729    .text               c_w.l(rt_locale_intlibspace.o)
    0x08004f74   0x00000030   Code   RO          731    .text               c_w.l(_printf_char_common.o)
    0x08004fa4   0x00000008   Code   RO          733    .text               c_w.l(ferror.o)
    0x08004fac   0x00000008   Code   RO          740    .text               c_w.l(libspace.o)
    0x08004fb4   0x0000004a   Code   RO          743    .text               c_w.l(sys_stackheap_outer.o)
    0x08004ffe   0x0000000c   Code   RO          747    .text               c_w.l(exit.o)
    0x0800500a   0x00000002   PAD
    0x0800500c   0x00000080   Code   RO          749    .text               c_w.l(strcmpv7m.o)
    0x0800508c   0x0000000e   Code   RO          674    i._is_digit         c_w.l(__printf_wp.o)
    0x0800509a   0x00000002   PAD
    0x0800509c   0x0000002c   Code   RO          738    locale$$code        c_w.l(lc_ctype_c.o)
    0x080050c8   0x0000000a   Code   RO          806    x$fpl$fpinit        fz_wm.l(fpinit.o)
    0x080050d2   0x00000002   PAD
    0x080050d4   0x00000030   Data   RO          591    .constdata          common.o
    0x08005104   0x00000028   Data   RO          647    .constdata          c_w.l(_printf_hex_int.o)
    0x0800512c   0x00000011   Data   RO          677    .constdata          c_w.l(__printf_flags_wp.o)
    0x0800513d   0x00000003   PAD
    0x08005140   0x00000020   Data   RO          876    Region$$Table       anon$$obj.o
    0x08005160   0x00000110   Data   RO          737    locale$$data        c_w.l(lc_ctype_c.o)


    Execution Region RW_IRAM1 (Base: 0x20000000, Size: 0x000014b0, Max: 0x00020000, ABSOLUTE)

    Base Addr    Size         Type   Attr      Idx    E Section Name        Object

    0x20000000   0x00000014   Data   RW          231    .data               system_stm32f4xx.o
    0x20000014   0x00000001   Data   RW          297    .data               key.o
    0x20000015   0x00000001   PAD
    0x20000016   0x00000004   Data   RW          338    .data               delay.o
    0x2000001a   0x00000002   PAD
    0x2000001c   0x00000006   Data   RW          379    .data               usart.o
    0x20000022   0x00000010   Data   RW          456    .data               stm32f4xx_rcc.o
    0x20000032   0x00000002   PAD
    0x20000034   0x00000006   Data   RW          538    .data               gizwits_product.o
    0x2000003a   0x00000002   PAD
    0x2000003c   0x00000010   Data   RW          570    .data               gizwits_protocol.o
    0x2000004c   0x000000c8   Zero   RW          378    .bss                usart.o
    0x20000114   0x00000136   Zero   RW          569    .bss                gizwits_protocol.o
    0x2000024a   0x00000002   PAD
    0x2000024c   0x00000060   Zero   RW          741    .bss                c_w.l(libspace.o)
    0x200002ac   0x00000004   PAD
    0x200002b0   0x00000200   Zero   RW          407    HEAP                startup_stm32f40_41xxx.o
    0x200004b0   0x00001000   Zero   RW          406    STACK               startup_stm32f40_41xxx.o


==============================================================================

Image component sizes


      Code (inc. data)   RO Data    RW Data    ZI Data      Debug   Object Name

       920         10         48          0          0       4269   common.o
       820          6          0          0          0       5442   datapointtools.o
       260          8          0          4          0       1473   delay.o
       660        234          0          6          0      31148   gizwits_product.o
      6540       1916          0         16        310      11526   gizwits_protocol.o
       260         12          0          1          0        884   key.o
        64          4          0          0          0        543   led.o
       276        138          0          0          0     291236   main.o
       224         20          0          0          0       1853   misc.o
       462          0          0          0          0       2691   ringbuffer.o
        64         26        392          0       4608        840   startup_stm32f40_41xxx.o
       660         44          0          0          0       4129   stm32f4xx_gpio.o
        26          0          0          0          0       1242   stm32f4xx_it.o
      1628         52          0         16          0      12936   stm32f4xx_rcc.o
      3234         60          0          0          0      22336   stm32f4xx_tim.o
      1108         34          0          0          0       7832   stm32f4xx_usart.o
       528         46          0         20          0       1831   system_stm32f4xx.o
       120          4          0          0          0        824   timer.o
       328         16          0          6        200       3346   usart.o
       216         10          0          0          0        900   usart3.o

    ----------------------------------------------------------------------
     18402       2640        472         76       5120     407281   Object Totals
         0          0         32          0          0          0   (incl. Generated)
         4          0          0          7          2          0   (incl. Padding)

    ----------------------------------------------------------------------

      Code (inc. data)   RO Data    RW Data    ZI Data      Debug   Library Member Name

         8          0          0          0          0         68   __main.o
       312          4         17          0          0         92   __printf_flags_wp.o
        14          0          0          0          0         68   __printf_wp.o
         0          0          0          0          0          0   __rtentry.o
        12          0          0          0          0          0   __rtentry2.o
         6          0          0          0          0          0   __rtentry4.o
        52          8          0          0          0          0   __scatter.o
        26          0          0          0          0          0   __scatter_copy.o
        28          0          0          0          0          0   __scatter_zi.o
        48          6          0          0          0         96   _printf_char_common.o
        36          4          0          0          0         80   _printf_char_file.o
         6          0          0          0          0          0   _printf_d.o
       120         16          0          0          0         92   _printf_dec.o
        88          4         40          0          0         88   _printf_hex_int.o
       178          0          0          0          0         88   _printf_intcommon.o
        78          0          0          0          0        108   _printf_pad.o
         0          0          0          0          0          0   _printf_percent.o
         4          0          0          0          0          0   _printf_percent_end.o
         6          0          0          0          0          0   _printf_x.o
        12          0          0          0          0         72   exit.o
         8          0          0          0          0         68   ferror.o
         6          0          0          0          0        152   heapauxi.o
        44         10        272          0          0         76   lc_ctype_c.o
         2          0          0          0          0          0   libinit.o
        24          0          0          0          0          0   libinit2.o
         2          0          0          0          0          0   libshutdown.o
         2          0          0          0          0          0   libshutdown2.o
         8          4          0          0         96         68   libspace.o
        24          4          0          0          0         84   noretval__2printf.o
        16          4          0          0          0         76   rt_ctype_table.o
         8          4          0          0          0         68   rt_locale_intlibspace.o
        68          0          0          0          0         68   rt_memclr.o
        78          0          0          0          0         80   rt_memclr_w.o
       138          0          0          0          0         68   rt_memcpy_v6.o
       100          0          0          0          0         80   rt_memcpy_w.o
         2          0          0          0          0          0   rtexit.o
        10          0          0          0          0          0   rtexit2.o
       128          0          0          0          0         68   strcmpv7m.o
        62          0          0          0          0         76   strlen.o
        74          0          0          0          0         80   sys_stackheap_outer.o
        30          0          0          0          0         76   toupper.o
         2          0          0          0          0         68   use_no_semi.o
         2          0          0          0          0         68   use_no_semi_2.o
        10          0          0          0          0        116   fpinit.o

    ----------------------------------------------------------------------
      1898         68        332          0        100       2292   Library Totals
        16          0          3          0          4          0   (incl. Padding)

    ----------------------------------------------------------------------

      Code (inc. data)   RO Data    RW Data    ZI Data      Debug   Library Name

      1872         68        329          0         96       2176   c_w.l
        10          0          0          0          0        116   fz_wm.l

    ----------------------------------------------------------------------
      1898         68        332          0        100       2292   Library Totals

    ----------------------------------------------------------------------

==============================================================================


      Code (inc. data)   RO Data    RW Data    ZI Data      Debug   

     20300       2708        804         76       5220     404477   Grand Totals
     20300       2708        804         76       5220     404477   ELF Image Totals
     20300       2708        804         76          0          0   ROM Totals

==============================================================================

    Total RO  Size (Code + RO Data)                21104 (  20.61kB)
    Total RW  Size (RW Data + ZI Data)              5296 (   5.17kB)
    Total ROM Size (Code + RO Data + RW Data)      21180 (  20.68kB)

==============================================================================

