Component: ARM Compiler 5.05 update 2 (build 169) Tool: armlink [4d0f33]

==============================================================================

Section Cross References

    main.o(.text) refers to timer.o(.text) for TIM3_Int_Init
    main.o(.text) refers to usart3.o(.text) for usart3_Init
    main.o(.text) refers to gizwits_protocol.o(.text) for gizwitsInit
    main.o(.text) refers to misc.o(.text) for NVIC_PriorityGroupConfig
    main.o(.text) refers to delay.o(.text) for delay_init
    main.o(.text) refers to led.o(.text) for LED_Init
    main.o(.text) refers to usart.o(.text) for uart_init
    main.o(.text) refers to key.o(.text) for KEY_Init
    main.o(.text) refers to noretval__2printf.o(.text) for __2printf
    main.o(.text) refers to gizwits_product.o(.text) for userHandle
    main.o(.text) refers to gizwits_product.o(.data) for currentDataPoint
    system_stm32f4xx.o(.text) refers to system_stm32f4xx.o(.data) for SystemCoreClock
    led.o(.text) refers to stm32f4xx_rcc.o(.text) for RCC_AHB1PeriphClockCmd
    led.o(.text) refers to stm32f4xx_gpio.o(.text) for GPIO_Init
    timer.o(.text) refers to stm32f4xx_rcc.o(.text) for RCC_APB1PeriphClockCmd
    timer.o(.text) refers to stm32f4xx_tim.o(.text) for TIM_TimeBaseInit
    timer.o(.text) refers to misc.o(.text) for NVIC_Init
    timer.o(.text) refers to gizwits_product.o(.text) for gizTimerMs
    key.o(.text) refers to stm32f4xx_rcc.o(.text) for RCC_AHB1PeriphClockCmd
    key.o(.text) refers to stm32f4xx_gpio.o(.text) for GPIO_Init
    key.o(.text) refers to delay.o(.text) for delay_ms
    key.o(.text) refers to key.o(.data) for key_up
    usart3.o(.text) refers to stm32f4xx_usart.o(.text) for USART_GetITStatus
    usart3.o(.text) refers to gizwits_protocol.o(.text) for gizPutData
    usart3.o(.text) refers to stm32f4xx_rcc.o(.text) for RCC_AHB1PeriphClockCmd
    usart3.o(.text) refers to stm32f4xx_gpio.o(.text) for GPIO_PinAFConfig
    usart3.o(.text) refers to misc.o(.text) for NVIC_Init
    delay.o(.text) refers to misc.o(.text) for SysTick_CLKSourceConfig
    delay.o(.text) refers to delay.o(.data) for fac_us
    usart.o(.rev16_text) refers (Special) to use_no_semi_2.o(.text) for __use_no_semihosting
    usart.o(.revsh_text) refers (Special) to use_no_semi_2.o(.text) for __use_no_semihosting
    usart.o(.text) refers (Special) to use_no_semi_2.o(.text) for __use_no_semihosting
    usart.o(.text) refers to stm32f4xx_rcc.o(.text) for RCC_AHB1PeriphClockCmd
    usart.o(.text) refers to stm32f4xx_gpio.o(.text) for GPIO_PinAFConfig
    usart.o(.text) refers to stm32f4xx_usart.o(.text) for USART_Init
    usart.o(.text) refers to misc.o(.text) for NVIC_Init
    usart.o(.text) refers to usart.o(.data) for USART_RX_STA
    usart.o(.text) refers to usart.o(.bss) for USART_RX_BUF
    usart.o(.bss) refers (Special) to use_no_semi_2.o(.text) for __use_no_semihosting
    usart.o(.data) refers (Special) to use_no_semi_2.o(.text) for __use_no_semihosting
    startup_stm32f40_41xxx.o(STACK) refers (Special) to heapauxi.o(.text) for __use_two_region_memory
    startup_stm32f40_41xxx.o(HEAP) refers (Special) to heapauxi.o(.text) for __use_two_region_memory
    startup_stm32f40_41xxx.o(RESET) refers (Special) to heapauxi.o(.text) for __use_two_region_memory
    startup_stm32f40_41xxx.o(RESET) refers to startup_stm32f40_41xxx.o(STACK) for __initial_sp
    startup_stm32f40_41xxx.o(RESET) refers to startup_stm32f40_41xxx.o(.text) for Reset_Handler
    startup_stm32f40_41xxx.o(RESET) refers to stm32f4xx_it.o(.text) for NMI_Handler
    startup_stm32f40_41xxx.o(RESET) refers to timer.o(.text) for TIM3_IRQHandler
    startup_stm32f40_41xxx.o(RESET) refers to usart.o(.text) for USART1_IRQHandler
    startup_stm32f40_41xxx.o(RESET) refers to usart3.o(.text) for USART3_IRQHandler
    startup_stm32f40_41xxx.o(.text) refers (Special) to heapauxi.o(.text) for __use_two_region_memory
    startup_stm32f40_41xxx.o(.text) refers to system_stm32f4xx.o(.text) for SystemInit
    startup_stm32f40_41xxx.o(.text) refers to __main.o(!!!main) for __main
    startup_stm32f40_41xxx.o(.text) refers to startup_stm32f40_41xxx.o(HEAP) for Heap_Mem
    startup_stm32f40_41xxx.o(.text) refers to startup_stm32f40_41xxx.o(STACK) for Stack_Mem
    stm32f4xx_gpio.o(.text) refers to stm32f4xx_rcc.o(.text) for RCC_AHB1PeriphResetCmd
    stm32f4xx_rcc.o(.text) refers to stm32f4xx_rcc.o(.data) for APBAHBPrescTable
    stm32f4xx_syscfg.o(.text) refers to stm32f4xx_rcc.o(.text) for RCC_APB2PeriphResetCmd
    stm32f4xx_tim.o(.text) refers to stm32f4xx_rcc.o(.text) for RCC_APB2PeriphResetCmd
    stm32f4xx_usart.o(.text) refers to stm32f4xx_rcc.o(.text) for RCC_APB2PeriphResetCmd
    gizwits_product.o(.text) refers to _printf_percent.o(.ARM.Collect$$_printf_percent$$00000000) for _printf_percent
    gizwits_product.o(.text) refers to _printf_d.o(.ARM.Collect$$_printf_percent$$00000009) for _printf_d
    gizwits_product.o(.text) refers to _printf_dec.o(.text) for _printf_int_dec
[...]
    ../clib/printf.c                         0x00000000   Number         0  _printf_intcommon.o ABSOLUTE
    ../clib/printf.c                         0x00000000   Number         0  __2printf.o ABSOLUTE
    ../clib/printf.c                         0x00000000   Number         0  __printf_flags_wp.o ABSOLUTE
    ../clib/printf.c                         0x00000000   Number         0  __printf_wp.o ABSOLUTE
    ../clib/printf.c                         0x00000000   Number         0  __printf_nopercent.o ABSOLUTE
    ../clib/printf.c                         0x00000000   Number         0  __printf_flags_ss.o ABSOLUTE
    ../clib/printf.c                         0x00000000   Number         0  _printf_hex_int_ll.o ABSOLUTE
    ../clib/printf.c                         0x00000000   Number         0  __printf_ss_wp.o ABSOLUTE
    ../clib/printf_percent.s                 0x00000000   Number         0  _printf_percent.o ABSOLUTE
    ../clib/printf_percent.s                 0x00000000   Number         0  _printf_percent_end.o ABSOLUTE
    ../clib/printf_percent.s                 0x00000000   Number         0  _printf_x.o ABSOLUTE
    ../clib/printf_percent.s                 0x00000000   Number         0  _printf_d.o ABSOLUTE
    ../clib/signal.c                         0x00000000   Number         0  defsig_rtmem_outer.o ABSOLUTE
    ../clib/signal.c                         0x00000000   Number         0  defsig_rtmem_formal.o ABSOLUTE
    ../clib/signal.c                         0x00000000   Number         0  defsig_exit.o ABSOLUTE
    ../clib/signal.c                         0x00000000   Number         0  defsig_rtmem_inner.o ABSOLUTE
    ../clib/signal.c                         0x00000000   Number         0  __raise.o ABSOLUTE
    ../clib/signal.c                         0x00000000   Number         0  defsig_general.o ABSOLUTE
    ../clib/signal.c                         0x00000000   Number         0  defsig_fpe_inner.o ABSOLUTE
    ../clib/signal.c                         0x00000000   Number         0  defsig_rtred_inner.o ABSOLUTE
    ../clib/signal.c                         0x00000000   Number         0  defsig_stak_inner.o ABSOLUTE
    ../clib/signal.c                         0x00000000   Number         0  defsig_pvfn_inner.o ABSOLUTE
    ../clib/signal.c                         0x00000000   Number         0  defsig_cppl_inner.o ABSOLUTE
    ../clib/signal.c                         0x00000000   Number         0  defsig_segv_inner.o ABSOLUTE
    ../clib/signal.c                         0x00000000   Number         0  defsig_other.o ABSOLUTE
    ../clib/signal.c                         0x00000000   Number         0  defsig_abrt_inner.o ABSOLUTE
    ../clib/signal.s                         0x00000000   Number         0  defsig.o ABSOLUTE
    ../clib/stdio.c                          0x00000000   Number         0  ferror.o ABSOLUTE
    ../clib/stdio.c                          0x00000000   Number         0  ferror_locked.o ABSOLUTE
    ../clib/stdlib.c                         0x00000000   Number         0  exit.o ABSOLUTE
    ../clib/string.c                         0x00000000   Number         0  strlen.o ABSOLUTE
    ../fplib/fpinit.s                        0x00000000   Number         0  fpinit.o ABSOLUTE
    ..\CORE\startup_stm32f40_41xxx.s         0x00000000   Number         0  startup_stm32f40_41xxx.o ABSOLUTE
    ..\FWLIB\src\misc.c                      0x00000000   Number         0  misc.o ABSOLUTE
    ..\FWLIB\src\stm32f4xx_gpio.c            0x00000000   Number         0  stm32f4xx_gpio.o ABSOLUTE
    ..\FWLIB\src\stm32f4xx_rcc.c             0x00000000   Number         0  stm32f4xx_rcc.o ABSOLUTE
    ..\FWLIB\src\stm32f4xx_syscfg.c          0x00000000   Number         0  stm32f4xx_syscfg.o ABSOLUTE
    ..\FWLIB\src\stm32f4xx_tim.c             0x00000000   Number         0  stm32f4xx_tim.o ABSOLUTE
    ..\FWLIB\src\stm32f4xx_usart.c           0x00000000   Number         0  stm32f4xx_usart.o ABSOLUTE
    ..\Gizwits\gizwits_product.c             0x00000000   Number         0  gizwits_product.o ABSOLUTE
    ..\Gizwits\gizwits_protocol.c            0x00000000   Number         0  gizwits_protocol.o ABSOLUTE
    ..\HARDWARE\KEY\key.c                    0x00000000   Number         0  key.o ABSOLUTE
    ..\HARDWARE\LED\led.c                    0x00000000   Number         0  led.o ABSOLUTE
    ..\HARDWARE\TIMER\timer.c                0x00000000   Number         0  timer.o ABSOLUTE
    ..\HARDWARE\USART3\usart3.c              0x00000000   Number         0  usart3.o ABSOLUTE
    ..\SYSTEM\delay\delay.c                  0x00000000   Number         0  delay.o ABSOLUTE
    ..\SYSTEM\sys\sys.c                      0x00000000   Number         0  sys.o ABSOLUTE
    ..\SYSTEM\usart\usart.c                  0x00000000   Number         0  usart.o ABSOLUTE
    ..\Utils\common.c                        0x00000000   Number         0  common.o ABSOLUTE
    ..\Utils\dataPointTools.c                0x00000000   Number         0  datapointtools.o ABSOLUTE
    ..\Utils\ringbuffer.c                    0x00000000   Number         0  ringbuffer.o ABSOLUTE
    ..\\FWLIB\\src\\misc.c                   0x00000000   Number         0  misc.o ABSOLUTE
    ..\\FWLIB\\src\\stm32f4xx_gpio.c         0x00000000   Number         0  stm32f4xx_gpio.o ABSOLUTE
    ..\\FWLIB\\src\\stm32f4xx_rcc.c          0x00000000   Number         0  stm32f4xx_rcc.o ABSOLUTE
    ..\\FWLIB\\src\\stm32f4xx_syscfg.c       0x00000000   Number         0  stm32f4xx_syscfg.o ABSOLUTE
    ..\\FWLIB\\src\\stm32f4xx_tim.c          0x00000000   Number         0  stm32f4xx_tim.o ABSOLUTE
    ..\\FWLIB\\src\\stm32f4xx_usart.c        0x00000000   Number         0  stm32f4xx_usart.o ABSOLUTE
    ..\\Gizwits\\gizwits_product.c           0x00000000   Number         0  gizwits_product.o ABSOLUTE
    ..\\HARDWARE\\KEY\\key.c                 0x00000000   Number         0  key.o ABSOLUTE
    ..\\HARDWARE\\LED\\led.c                 0x00000000   Number         0  led.o ABSOLUTE
    ..\\HARDWARE\\TIMER\\timer.c             0x00000000   Number         0  timer.o ABSOLUTE
    ..\\HARDWARE\\USART3\\usart3.c           0x00000000   Number         0  usart3.o ABSOLUTE
    ..\\SYSTEM\\delay\\delay.c               0x00000000   Number         0  delay.o ABSOLUTE
    ..\\SYSTEM\\sys\\sys.c                   0x00000000   Number         0  sys.o ABSOLUTE
    ..\\SYSTEM\\usart\\usart.c               0x00000000   Number         0  usart.o ABSOLUTE
    dc.s                                     0x00000000   Number         0  dc.o ABSOLUTE
    main.c                                   0x00000000   Number         0  main.o ABSOLUTE
    main.c                                   0x00000000   Number         0  main.o ABSOLUTE
    stm32f4xx_it.c                           0x00000000   Number         0  stm32f4xx_it.o ABSOLUTE
    stm32f4xx_it.c                           0x00000000   Number         0  stm32f4xx_it.o ABSOLUTE
    system_stm32f4xx.c                       0x00000000   Number         0  system_stm32f4xx.o ABSOLUTE
    system_stm32f4xx.c                       0x00000000   Number         0  system_stm32f4xx.o ABSOLUTE
    RESET                                    0x08000000   Section      392  startup_stm32f40_41xxx.o(RESET)
    !!!main                                  0x08000188   Section        8  __main.o(!!!main)
    !!!scatter                               0x08000190   Section       52  __scatter.o(!!!scatter)
    !!handler_copy                           0x080001c4   Section       26  __scatter_copy.o(!!handler_copy)
    !!handler_zi                             0x080001e0   Section       28  __scatter_zi.o(!!handler_zi)
    .ARM.Collect$$_printf_percent$$00000000  0x080001fc   Section        0  _printf_percent.o(.ARM.Collect$$_printf_percent$$00000000)
    .ARM.Collect$$_printf_percent$$00000009  0x080001fc   Section        6  _printf_d.o(.ARM.Collect$$_printf_percent$$00000009)
    .ARM.Collect$$_printf_percent$$0000000C  0x08000202   Section        6  _printf_x.o(.ARM.Collect$$_printf_percent$$0000000C)
    .ARM.Collect$$_printf_percent$$00000017  0x08000208   Section        4  _printf_percent_end.o(.ARM.Collect$$_printf_percent$$00000017)
    .ARM.Collect$$libinit$$00000000          0x0800020c   Section        2  libinit.o(.ARM.Collect$$libinit$$00000000)
    .ARM.Collect$$libinit$$00000001          0x0800020e   Section        4  libinit2.o(.ARM.Collect$$libinit$$00000001)
    .ARM.Collect$$libinit$$00000004          0x08000212   Section        0  libinit2.o(.ARM.Collect$$libinit$$00000004)
    .ARM.Collect$$libinit$$0000000A          0x08000212   Section        0  libinit2.o(.ARM.Collect$$libinit$$0000000A)
    .ARM.Collect$$libinit$$0000000C          0x08000212   Section        0  libinit2.o(.ARM.Collect$$libinit$$0000000C)
    .ARM.Collect$$libinit$$0000000E          0x08000212   Section        0  libinit2.o(.ARM.Collect$$libinit$$0000000E)
    .ARM.Collect$$libinit$$0000000F          0x08000212   Section        6  libinit2.o(.ARM.Collect$$libinit$$0000000F)
    .ARM.Collect$$libinit$$00000011          0x08000218   Section        0  libinit2.o(.ARM.Collect$$libinit$$00000011)
    .ARM.Collect$$libinit$$00000012          0x08000218   Section       12  libinit2.o(.ARM.Collect$$libinit$$00000012)
    .ARM.Collect$$libinit$$00000013          0x08000224   Section        0  libinit2.o(.ARM.Collect$$libinit$$00000013)
    .ARM.Collect$$libinit$$00000015          0x08000224   Section        0  libinit2.o(.ARM.Collect$$libinit$$00000015)
    .ARM.Collect$$libinit$$00000017          0x08000224   Section        0  libinit2.o(.ARM.Collect$$libinit$$00000017)
    .ARM.Collect$$libinit$$00000019          0x08000224   Section        0  libinit2.o(.ARM.Collect$$libinit$$00000019)
    .ARM.Collect$$libinit$$0000001B          0x08000224   Section        0  libinit2.o(.ARM.Collect$$libinit$$0000001B)
    .ARM.Collect$$libinit$$0000001D          0x08000224   Section        0  libinit2.o(.ARM.Collect$$libinit$$0000001D)
    .ARM.Collect$$libinit$$0000001F          0x08000224   Section        0  libinit2.o(.ARM.Collect$$libinit$$0000001F)
    .ARM.Collect$$libinit$$00000021          0x08000224   Section        0  libinit2.o(.ARM.Collect$$libinit$$00000021)
    .ARM.Collect$$libinit$$00000023          0x08000224   Section        0  libinit2.o(.ARM.Collect$$libinit$$00000023)
    .ARM.Collect$$libinit$$00000025          0x08000224   Section        0  libinit2.o(.ARM.Collect$$libinit$$00000025)
    .ARM.Collect$$libinit$$0000002C          0x08000224   Section        0  libinit2.o(.ARM.Collect$$libinit$$0000002C)
    .ARM.Collect$$libinit$$0000002E          0x08000224   Section        0  libinit2.o(.ARM.Collect$$libinit$$0000002E)
    .ARM.Collect$$libinit$$00000030          0x08000224   Section        0  libinit2.o(.ARM.Collect$$libinit$$00000030)
    .ARM.Collect$$libinit$$00000032          0x08000224   Section        0  libinit2.o(.ARM.Collect$$libinit$$00000032)
    .ARM.Collect$$libinit$$00000033          0x08000224   Section        2  libinit2.o(.ARM.Collect$$libinit$$00000033)
    .ARM.Collect$$libshutdown$$00000000      0x08000226   Section        2  libshutdown.o(.ARM.Collect$$libshutdown$$00000000)
    .ARM.Collect$$libshutdown$$00000003      0x08000228   Section        0  libshutdown2.o(.ARM.Collect$$libshutdown$$00000003)
    .ARM.Collect$$libshutdown$$00000006      0x08000228   Section        0  libshutdown2.o(.ARM.Collect$$libshutdown$$00000006)
    .ARM.Collect$$libshutdown$$00000009      0x08000228   Section        0  libshutdown2.o(.ARM.Collect$$libshutdown$$00000009)
    .ARM.Collect$$libshutdown$$0000000B      0x08000228   Section        0  libshutdown2.o(.ARM.Collect$$libshutdown$$0000000B)
    .ARM.Collect$$libshutdown$$0000000E      0x08000228   Section        0  libshutdown2.o(.ARM.Collect$$libshutdown$$0000000E)
    .ARM.Collect$$libshutdown$$0000000F      0x08000228   Section        2  libshutdown2.o(.ARM.Collect$$libshutdown$$0000000F)
    .ARM.Collect$$rtentry$$00000000          0x0800022a   Section        0  __rtentry.o(.ARM.Collect$$rtentry$$00000000)
    .ARM.Collect$$rtentry$$00000002          0x0800022a   Section        0  __rtentry2.o(.ARM.Collect$$rtentry$$00000002)
    .ARM.Collect$$rtentry$$00000004          0x0800022a   Section        6  __rtentry4.o(.ARM.Collect$$rtentry$$00000004)
    .ARM.Collect$$rtentry$$00000009          0x08000230   Section        0  __rtentry2.o(.ARM.Collect$$rtentry$$00000009)
    .ARM.Collect$$rtentry$$0000000A          0x08000230   Section        4  __rtentry2.o(.ARM.Collect$$rtentry$$0000000A)
    .ARM.Collect$$rtentry$$0000000C          0x08000234   Section        0  __rtentry2.o(.ARM.Collect$$rtentry$$0000000C)
    .ARM.Collect$$rtentry$$0000000D          0x08000234   Section        8  __rtentry2.o(.ARM.Collect$$rtentry$$0000000D)
    .ARM.Collect$$rtexit$$00000000           0x0800023c   Section        2  rtexit.o(.ARM.Collect$$rtexit$$00000000)
    .ARM.Collect$$rtexit$$00000002           0x0800023e   Section        0  rtexit2.o(.ARM.Collect$$rtexit$$00000002)
    .ARM.Collect$$rtexit$$00000003           0x0800023e   Section        4  rtexit2.o(.ARM.Collect$$rtexit$$00000003)
    .ARM.Collect$$rtexit$$00000004           0x08000242   Section        6  rtexit2.o(.ARM.Collect$$rtexit$$00000004)
    .text                                    0x08000248   Section        0  main.o(.text)
    .text                                    0x08000354   Section        0  stm32f4xx_it.o(.text)
    .text                                    0x08000370   Section        0  system_stm32f4xx.o(.text)
    SetSysClock                              0x08000371   Thumb Code   220  system_stm32f4xx.o(.text)
    .text                                    0x08000580   Section        0  led.o(.text)
    .text                                    0x080005c0   Section        0  timer.o(.text)
    .text                                    0x08000638   Section        0  key.o(.text)
    .text                                    0x0800073c   Section        0  usart3.o(.text)
    .text                                    0x08000814   Section        0  delay.o(.text)
    .text                                    0x08000918   Section        0  usart.o(.text)
    .text                                    0x08000a60   Section       64  startup_stm32f40_41xxx.o(.text)
    $v0                                      0x08000a60   Number         0  startup_stm32f40_41xxx.o(.text)
    .text                                    0x08000aa0   Section        0  misc.o(.text)
    .text                                    0x08000b80   Section        0  stm32f4xx_gpio.o(.text)
    .text                                    0x08000e14   Section        0  stm32f4xx_rcc.o(.text)
    .text                                    0x08001470   Section        0  stm32f4xx_tim.o(.text)
    TI4_Config                               0x08001c0f   Thumb Code    80  stm32f4xx_tim.o(.text)
    TI3_Config                               0x08001c71   Thumb Code    72  stm32f4xx_tim.o(.text)
    TI2_Config                               0x08001cd3   Thumb Code    90  stm32f4xx_tim.o(.text)
    TI1_Config                               0x08001d3f   Thumb Code    58  stm32f4xx_tim.o(.text)
    .text                                    0x08002114   Section        0  stm32f4xx_usart.o(.text)
    .text                                    0x08002568   Section        0  gizwits_product.o(.text)
    .text                                    0x08002818   Section        0  gizwits_protocol.o(.text)
    gizProtocolHeadInit                      0x0800284d   Thumb Code    34  gizwits_protocol.o(.text)
    gizProtocolWaitAck                       0x0800286f   Thumb Code    70  gizwits_protocol.o(.text)
    gizDataPoint2Event                       0x080028b5   Thumb Code    78  gizwits_protocol.o(.text)
    gizCheckReport                           0x08002903   Thumb Code    44  gizwits_protocol.o(.text)
    gizDataPoints2ReportData                 0x0800292f   Thumb Code    54  gizwits_protocol.o(.text)
    gizProtocolIssuedProcess                 0x08002965   Thumb Code   216  gizwits_protocol.o(.text)
    gizProtocolIssuedDataAck                 0x08002a3d   Thumb Code   230  gizwits_protocol.o(.text)
    gizReportData                            0x08002b23   Thumb Code   140  gizwits_protocol.o(.text)
    gizDevReportPolicy                       0x08002baf   Thumb Code   654  gizwits_protocol.o(.text)
    gizProtocolGetOnePacket                  0x08002e3d   Thumb Code   358  gizwits_protocol.o(.text)
    gizProtocolResendData                    0x08002fa3   Thumb Code    72  gizwits_protocol.o(.text)
    gizProtocolWaitAckCheck                  0x08002feb   Thumb Code    48  gizwits_protocol.o(.text)
    gizProtocolCommonAck                     0x0800301b   Thumb Code    88  gizwits_protocol.o(.text)
    gizProtocolAckHandle                     0x08003073   Thumb Code   106  gizwits_protocol.o(.text)
    gizProtocolGetDeviceInfo                 0x080030dd   Thumb Code   184  gizwits_protocol.o(.text)
    gizProtocolErrorCmd                      0x08003195   Thumb Code   540  gizwits_protocol.o(.text)
    gizProtocolNTP                           0x080033b1   Thumb Code   112  gizwits_protocol.o(.text)
    gizProtocolReboot                        0x08003421   Thumb Code    28  gizwits_protocol.o(.text)
    gizProtocolModuleStatus                  0x0800343d   Thumb Code  1368  gizwits_protocol.o(.text)
    gizProtocolModuleInfoHandle              0x08003c81   Thumb Code    68  gizwits_protocol.o(.text)
    .text                                    0x08004144   Section        0  common.o(.text)
    isleap                                   0x080042d3   Thumb Code    52  common.o(.text)
    get_yeardays                             0x08004307   Thumb Code    24  common.o(.text)
    .text                                    0x080044dc   Section        0  datapointtools.o(.text)
    .text                                    0x08004810   Section        0  ringbuffer.o(.text)
    .text                                    0x080049de   Section        2  use_no_semi_2.o(.text)
    .text                                    0x080049e0   Section        0  toupper.o(.text)
    .text                                    0x08004a00   Section        0  noretval__2printf.o(.text)
    .text                                    0x08004a18   Section        0  _printf_pad.o(.text)
    .text                                    0x08004a68   Section        0  _printf_dec.o(.text)
    .text                                    0x08004ae0   Section        0  _printf_hex_int.o(.text)
    .text                                    0x08004b38   Section        0  __printf_flags_wp.o(.text)
    .text                                    0x08004c70   Section        0  strlen.o(.text)
    .text                                    0x08004cae   Section      138  rt_memcpy_v6.o(.text)
    .text                                    0x08004d38   Section      100  rt_memcpy_w.o(.text)
    .text                                    0x08004d9c   Section       68  rt_memclr.o(.text)
    .text                                    0x08004de0   Section        0  heapauxi.o(.text)
    .text                                    0x08004de6   Section        2  use_no_semi.o(.text)
    .text                                    0x08004de8   Section       16  rt_ctype_table.o(.text)
    .text                                    0x08004df8   Section        0  _printf_intcommon.o(.text)
    .text                                    0x08004eac   Section        0  _printf_char_file.o(.text)
    .text                                    0x08004ed0   Section       78  rt_memclr_w.o(.text)
    .text                                    0x08004f20   Section        8  rt_locale_intlibspace.o(.text)
    .text                                    0x08004f28   Section        0  _printf_char_common.o(.text)
    _printf_input_char                       0x08004f29   Thumb Code    10  _printf_char_common.o(.text)
    .text                                    0x08004f58   Section        0  ferror.o(.text)
    .text                                    0x08004f60   Section        8  libspace.o(.text)
    .text                                    0x08004f68   Section       74  sys_stackheap_outer.o(.text)
    .text                                    0x08004fb2   Section        0  exit.o(.text)
    .text                                    0x08004fc0   Section      128  strcmpv7m.o(.text)
    i._is_digit                              0x08005040   Section        0  __printf_wp.o(i._is_digit)
    locale$$code                             0x08005050   Section       44  lc_ctype_c.o(locale$$code)
    x$fpl$fpinit                             0x0800507c   Section       10  fpinit.o(x$fpl$fpinit)
    $v0                                      0x0800507c   Number         0  fpinit.o(x$fpl$fpinit)
    .constdata                               0x08005088   Section       48  common.o(.constdata)
    .constdata                               0x080050b8   Section       40  _printf_hex_int.o(.constdata)
    uc_hextab                                0x080050b8   Data          20  _printf_hex_int.o(.constdata)
    lc_hextab                                0x080050cc   Data          20  _printf_hex_int.o(.constdata)
    .constdata                               0x080050e0   Section       17  __printf_flags_wp.o(.constdata)
    maptable                                 0x080050e0   Data          17  __printf_flags_wp.o(.constdata)
    locale$$data                             0x08005114   Section      272  lc_ctype_c.o(locale$$data)
    __lcctype_c_name                         0x08005118   Data           2  lc_ctype_c.o(locale$$data)
    __lcctype_c_start                        0x08005120   Data           0  lc_ctype_c.o(locale$$data)
    __lcctype_c_end                          0x08005224   Data           0  lc_ctype_c.o(locale$$data)
    .data                                    0x20000000   Section        1  main.o(.data)
    .data                                    0x20000004   Section       20  system_stm32f4xx.o(.data)
    .data                                    0x20000018   Section        1  key.o(.data)
    key_up                                   0x20000018   Data           1  key.o(.data)
    .data                                    0x2000001a   Section        4  delay.o(.data)
    fac_us                                   0x2000001a   Data           1  delay.o(.data)
    fac_ms                                   0x2000001c   Data           2  delay.o(.data)
    .data                                    0x20000020   Section        6  usart.o(.data)
    .data                                    0x20000026   Section       16  stm32f4xx_rcc.o(.data)
    APBAHBPrescTable                         0x20000026   Data          16  stm32f4xx_rcc.o(.data)
    .data                                    0x20000038   Section        6  gizwits_product.o(.data)
    timerMsCount                             0x20000038   Data           4  gizwits_product.o(.data)
    t                                        0x2000003d   Data           1  gizwits_product.o(.data)
    .data                                    0x20000040   Section       16  gizwits_protocol.o(.data)
    lastReportTime                           0x20000040   Data           4  gizwits_protocol.o(.data)
    lastRepTime                              0x20000044   Data           4  gizwits_protocol.o(.data)
    protocolFlag                             0x20000048   Data           1  gizwits_protocol.o(.data)
    protocolCount                            0x2000004a   Data           2  gizwits_protocol.o(.data)
    lastData                                 0x2000004c   Data           1  gizwits_protocol.o(.data)
    debugCount                               0x2000004d   Data           1  gizwits_protocol.o(.data)
    lastStatus                               0x2000004e   Data           2  gizwits_protocol.o(.data)
    .bss                                     0x20000050   Section      200  usart.o(.bss)
    .bss                                     0x20000118   Section      304  gizwits_protocol.o(.bss)
    rbBuf                                    0x2000021c   Data          44  gizwits_protocol.o(.bss)
    .bss                                     0x20000248   Section       96  libspace.o(.bss)
    HEAP                                     0x200002a8   Section      512  startup_stm32f40_41xxx.o(HEAP)
    Heap_Mem                                 0x200002a8   Data         512  startup_stm32f40_41xxx.o(HEAP)
    STACK                                    0x200004a8   Section     4096  startup_stm32f40_41xxx.o(STACK)
    Stack_Mem                                0x200004a8   Data        4096  startup_stm32f40_41xxx.o(STACK)
    __initial_sp                             0x200014a8   Data           0  startup_stm32f40_41xxx.o(STACK)

    Global Symbols

    Symbol Name                              Value     Ov Type        Size  Object(Section)

    BuildAttributes$$THM_ISAv4$E$P$D$K$B$S$7EM$VFPi3$EXTD16$VFPS$VFMA$PE$A:L22UL41UL21$X:L11$S22US41US21$IEEE1$IW$USESV6$~STKCKD$USESV7$~SHL$OSPACE$ROPI$EBA8$UX$STANDARDLIB$REQ8$PRES8$EABIv2 0x00000000   Number         0  anon$$obj.o ABSOLUTE
    __ARM_use_no_argv                        0x00000000   Number         0  main.o ABSOLUTE
    _printf_flags                            0x00000000   Number         0  printf_stubs.o ABSOLUTE
    _printf_return_value                     0x00000000   Number         0  printf_stubs.o ABSOLUTE
    _printf_sizespec                         0x00000000   Number         0  printf_stubs.o ABSOLUTE
    _printf_widthprec                        0x00000000   Number         0  printf_stubs.o ABSOLUTE
    __ARM_exceptions_init                     - Undefined Weak Reference
    __alloca_initialize                       - Undefined Weak Reference
    __arm_preinit_                            - Undefined Weak Reference
    __cpp_initialize__aeabi_                  - Undefined Weak Reference
    __cxa_finalize                            - Undefined Weak Reference
    __sigvec_lookup                           - Undefined Weak Reference
    _atexit_init                              - Undefined Weak Reference
    _call_atexit_fns                          - Undefined Weak Reference
    _clock_init                               - Undefined Weak Reference
    _fp_trap_init                             - Undefined Weak Reference
    _fp_trap_shutdown                         - Undefined Weak Reference
    _get_lc_collate                           - Undefined Weak Reference
    _get_lc_monetary                          - Undefined Weak Reference
    _get_lc_numeric                           - Undefined Weak Reference
    _get_lc_time                              - Undefined Weak Reference
    _getenv_init                              - Undefined Weak Reference
    _handle_redirection                       - Undefined Weak Reference
    _init_alloc                               - Undefined Weak Reference
    _init_user_alloc                          - Undefined Weak Reference
    _initio                                   - Undefined Weak Reference
    _mutex_acquire                            - Undefined Weak Reference
    _mutex_release                            - Undefined Weak Reference
    _printf_truncate_signed                   - Undefined Weak Reference
    _printf_truncate_unsigned                 - Undefined Weak Reference
    _rand_init                                - Undefined Weak Reference
    _signal_finish                            - Undefined Weak Reference
    _signal_init                              - Undefined Weak Reference
    _terminate_alloc                          - Undefined Weak Reference
    _terminate_user_alloc                     - Undefined Weak Reference
    _terminateio                              - Undefined Weak Reference
    __Vectors_Size                           0x00000188   Number         0  startup_stm32f40_41xxx.o ABSOLUTE
    __Vectors                                0x08000000   Data           4  startup_stm32f40_41xxx.o(RESET)
    __Vectors_End                            0x08000188   Data           0  startup_stm32f40_41xxx.o(RESET)
    __main                                   0x08000189   Thumb Code     8  __main.o(!!!main)
    __scatterload                            0x08000191   Thumb Code     0  __scatter.o(!!!scatter)
    __scatterload_rt2                        0x08000191   Thumb Code    44  __scatter.o(!!!scatter)
    __scatterload_rt2_thumb_only             0x08000191   Thumb Code     0  __scatter.o(!!!scatter)
    __scatterload_null                       0x0800019f   Thumb Code     0  __scatter.o(!!!scatter)
    __scatterload_copy                       0x080001c5   Thumb Code    26  __scatter_copy.o(!!handler_copy)
    __scatterload_zeroinit                   0x080001e1   Thumb Code    28  __scatter_zi.o(!!handler_zi)
    _printf_d                                0x080001fd   Thumb Code     0  _printf_d.o(.ARM.Collect$$_printf_percent$$00000009)
    _printf_percent                          0x080001fd   Thumb Code     0  _printf_percent.o(.ARM.Collect$$_printf_percent$$00000000)
    _printf_x                                0x08000203   Thumb Code     0  _printf_x.o(.ARM.Collect$$_printf_percent$$0000000C)
    _printf_percent_end                      0x08000209   Thumb Code     0  _printf_percent_end.o(.ARM.Collect$$_printf_percent$$00000017)
    __rt_lib_init                            0x0800020d   Thumb Code     0  libinit.o(.ARM.Collect$$libinit$$00000000)
    __rt_lib_init_fp_1                       0x0800020f   Thumb Code     0  libinit2.o(.ARM.Collect$$libinit$$00000001)
    __rt_lib_init_heap_1                     0x08000213   Thumb Code     0  libinit2.o(.ARM.Collect$$libinit$$0000000A)
    __rt_lib_init_lc_common                  0x08000213   Thumb Code     0  libinit2.o(.ARM.Collect$$libinit$$0000000F)
    __rt_lib_init_preinit_1                  0x08000213   Thumb Code     0  libinit2.o(.ARM.Collect$$libinit$$00000004)
    __rt_lib_init_rand_1                     0x08000213   Thumb Code     0  libinit2.o(.ARM.Collect$$libinit$$0000000E)
    __rt_lib_init_user_alloc_1               0x08000213   Thumb Code     0  libinit2.o(.ARM.Collect$$libinit$$0000000C)
    __rt_lib_init_lc_collate_1               0x08000219   Thumb Code     0  libinit2.o(.ARM.Collect$$libinit$$00000011)
    __rt_lib_init_lc_ctype_2                 0x08000219   Thumb Code     0  libinit2.o(.ARM.Collect$$libinit$$00000012)
    __rt_lib_init_alloca_1                   0x08000225   Thumb Code     0  libinit2.o(.ARM.Collect$$libinit$$0000002E)
    __rt_lib_init_argv_1                     0x08000225   Thumb Code     0  libinit2.o(.ARM.Collect$$libinit$$0000002C)
    __rt_lib_init_atexit_1                   0x08000225   Thumb Code     0  libinit2.o(.ARM.Collect$$libinit$$0000001B)
    __rt_lib_init_clock_1                    0x08000225   Thumb Code     0  libinit2.o(.ARM.Collect$$libinit$$00000021)
    __rt_lib_init_cpp_1                      0x08000225   Thumb Code     0  libinit2.o(.ARM.Collect$$libinit$$00000032)
    __rt_lib_init_exceptions_1               0x08000225   Thumb Code     0  libinit2.o(.ARM.Collect$$libinit$$00000030)
    __rt_lib_init_fp_trap_1                  0x08000225   Thumb Code     0  libinit2.o(.ARM.Collect$$libinit$$0000001F)
    __rt_lib_init_getenv_1                   0x08000225   Thumb Code     0  libinit2.o(.ARM.Collect$$libinit$$00000023)
    __rt_lib_init_lc_ctype_1                 0x08000225   Thumb Code     0  libinit2.o(.ARM.Collect$$libinit$$00000013)
    __rt_lib_init_lc_monetary_1              0x08000225   Thumb Code     0  libinit2.o(.ARM.Collect$$libinit$$00000015)
    __rt_lib_init_lc_numeric_1               0x08000225   Thumb Code     0  libinit2.o(.ARM.Collect$$libinit$$00000017)
    __rt_lib_init_lc_time_1                  0x08000225   Thumb Code     0  libinit2.o(.ARM.Collect$$libinit$$00000019)
    __rt_lib_init_return                     0x08000225   Thumb Code     0  libinit2.o(.ARM.Collect$$libinit$$00000033)
    __rt_lib_init_signal_1                   0x08000225   Thumb Code     0  libinit2.o(.ARM.Collect$$libinit$$0000001D)
    __rt_lib_init_stdio_1                    0x08000225   Thumb Code     0  libinit2.o(.ARM.Collect$$libinit$$00000025)
    __rt_lib_shutdown                        0x08000227   Thumb Code     0  libshutdown.o(.ARM.Collect$$libshutdown$$00000000)
    __rt_lib_shutdown_fp_trap_1              0x08000229   Thumb Code     0  libshutdown2.o(.ARM.Collect$$libshutdown$$00000006)
    __rt_lib_shutdown_heap_1                 0x08000229   Thumb Code     0  libshutdown2.o(.ARM.Collect$$libshutdown$$0000000E)
    __rt_lib_shutdown_return                 0x08000229   Thumb Code     0  libshutdown2.o(.ARM.Collect$$libshutdown$$0000000F)
    __rt_lib_shutdown_signal_1               0x08000229   Thumb Code     0  libshutdown2.o(.ARM.Collect$$libshutdown$$00000009)
    __rt_lib_shutdown_stdio_1                0x08000229   Thumb Code     0  libshutdown2.o(.ARM.Collect$$libshutdown$$00000003)
    __rt_lib_shutdown_user_alloc_1           0x08000229   Thumb Code     0  libshutdown2.o(.ARM.Collect$$libshutdown$$0000000B)
    __rt_entry                               0x0800022b   Thumb Code     0  __rtentry.o(.ARM.Collect$$rtentry$$00000000)
    __rt_entry_presh_1                       0x0800022b   Thumb Code     0  __rtentry2.o(.ARM.Collect$$rtentry$$00000002)
    __rt_entry_sh                            0x0800022b   Thumb Code     0  __rtentry4.o(.ARM.Collect$$rtentry$$00000004)
    __rt_entry_li                            0x08000231   Thumb Code     0  __rtentry2.o(.ARM.Collect$$rtentry$$0000000A)
    __rt_entry_postsh_1                      0x08000231   Thumb Code     0  __rtentry2.o(.ARM.Collect$$rtentry$$00000009)
    __rt_entry_main                          0x08000235   Thumb Code     0  __rtentry2.o(.ARM.Collect$$rtentry$$0000000D)
    __rt_entry_postli_1                      0x08000235   Thumb Code     0  __rtentry2.o(.ARM.Collect$$rtentry$$0000000C)
    __rt_exit                                0x0800023d   Thumb Code     0  rtexit.o(.ARM.Collect$$rtexit$$00000000)
    __rt_exit_ls                             0x0800023f   Thumb Code     0  rtexit2.o(.ARM.Collect$$rtexit$$00000003)
    __rt_exit_prels_1                        0x0800023f   Thumb Code     0  rtexit2.o(.ARM.Collect$$rtexit$$00000002)
    __rt_exit_exit                           0x08000243   Thumb Code     0  rtexit2.o(.ARM.Collect$$rtexit$$00000004)
    Gizwits_Init                             0x08000249   Thumb Code    32  main.o(.text)
    main                                     0x08000269   Thumb Code   100  main.o(.text)
    NMI_Handler                              0x08000355   Thumb Code     2  stm32f4xx_it.o(.text)
    HardFault_Handler                        0x08000357   Thumb Code     4  stm32f4xx_it.o(.text)
    MemManage_Handler                        0x0800035b   Thumb Code     4  stm32f4xx_it.o(.text)
    BusFault_Handler                         0x0800035f   Thumb Code     4  stm32f4xx_it.o(.text)
    UsageFault_Handler                       0x08000363   Thumb Code     4  stm32f4xx_it.o(.text)
    SVC_Handler                              0x08000367   Thumb Code     2  stm32f4xx_it.o(.text)
    DebugMon_Handler                         0x08000369   Thumb Code     2  stm32f4xx_it.o(.text)
    PendSV_Handler                           0x0800036b   Thumb Code     2  stm32f4xx_it.o(.text)
    SysTick_Handler                          0x0800036d   Thumb Code     2  stm32f4xx_it.o(.text)
    SystemInit                               0x0800044d   Thumb Code    88  system_stm32f4xx.o(.text)
    SystemCoreClockUpdate                    0x080004a5   Thumb Code   174  system_stm32f4xx.o(.text)
    LED_Init                                 0x08000581   Thumb Code    60  led.o(.text)
    TIM3_Int_Init                            0x080005c1   Thumb Code    88  timer.o(.text)
    TIM3_IRQHandler                          0x08000619   Thumb Code    28  timer.o(.text)
    KEY_Init                                 0x08000639   Thumb Code    60  key.o(.text)
    KEY_Scan                                 0x08000675   Thumb Code   188  key.o(.text)
    USART3_IRQHandler                        0x0800073d   Thumb Code    34  usart3.o(.text)
    usart3_Init                              0x0800075f   Thumb Code   172  usart3.o(.text)
    delay_init                               0x08000815   Thumb Code    52  delay.o(.text)
    delay_us                                 0x08000849   Thumb Code    72  delay.o(.text)
    delay_xms                                0x08000891   Thumb Code    72  delay.o(.text)
    delay_ms                                 0x080008d9   Thumb Code    56  delay.o(.text)
    _sys_exit                                0x08000919   Thumb Code     4  usart.o(.text)
    fputc                                    0x0800091d   Thumb Code    22  usart.o(.text)
    uart_init                                0x08000933   Thumb Code   164  usart.o(.text)
    USART1_IRQHandler                        0x080009d7   Thumb Code   122  usart.o(.text)
    Reset_Handler                            0x08000a61   Thumb Code     8  startup_stm32f40_41xxx.o(.text)
    ADC_IRQHandler                           0x08000a7b   Thumb Code     0  startup_stm32f40_41xxx.o(.text)
    CAN1_RX0_IRQHandler                      0x08000a7b   Thumb Code     0  startup_stm32f40_41xxx.o(.text)
    CAN1_RX1_IRQHandler                      0x08000a7b   Thumb Code     0  startup_stm32f40_41xxx.o(.text)
    CAN1_SCE_IRQHandler                      0x08000a7b   Thumb Code     0  startup_stm32f40_41xxx.o(.text)
    CAN1_TX_IRQHandler                       0x08000a7b   Thumb Code     0  startup_stm32f40_41xxx.o(.text)
    CAN2_RX0_IRQHandler                      0x08000a7b   Thumb Code     0  startup_stm32f40_41xxx.o(.text)
    CAN2_RX1_IRQHandler                      0x08000a7b   Thumb Code     0  startup_stm32f40_41xxx.o(.text)
    CAN2_SCE_IRQHandler                      0x08000a7b   Thumb Code     0  startup_stm32f40_41xxx.o(.text)
    CAN2_TX_IRQHandler                       0x08000a7b   Thumb Code     0  startup_stm32f40_41xxx.o(.text)
    CRYP_IRQHandler                          0x08000a7b   Thumb Code     0  startup_stm32f40_41xxx.o(.text)
    DCMI_IRQHandler                          0x08000a7b   Thumb Code     0  startup_stm32f40_41xxx.o(.text)
    DMA1_Stream0_IRQHandler                  0x08000a7b   Thumb Code     0  startup_stm32f40_41xxx.o(.text)
    DMA1_Stream1_IRQHandler                  0x08000a7b   Thumb Code     0  startup_stm32f40_41xxx.o(.text)
    DMA1_Stream2_IRQHandler                  0x08000a7b   Thumb Code     0  startup_stm32f40_41xxx.o(.text)
    DMA1_Stream3_IRQHandler                  0x08000a7b   Thumb Code     0  startup_stm32f40_41xxx.o(.text)
    DMA1_Stream4_IRQHandler                  0x08000a7b   Thumb Code     0  startup_stm32f40_41xxx.o(.text)
    DMA1_Stream5_IRQHandler                  0x08000a7b   Thumb Code     0  startup_stm32f40_41xxx.o(.text)
    DMA1_Stream6_IRQHandler                  0x08000a7b   Thumb Code     0  startup_stm32f40_41xxx.o(.text)
    DMA1_Stream7_IRQHandler                  0x08000a7b   Thumb Code     0  startup_stm32f40_41xxx.o(.text)
    DMA2_Stream0_IRQHandler                  0x08000a7b   Thumb Code     0  startup_stm32f40_41xxx.o(.text)
    DMA2_Stream1_IRQHandler                  0x08000a7b   Thumb Code     0  startup_stm32f40_41xxx.o(.text)
    DMA2_Stream2_IRQHandler                  0x08000a7b   Thumb Code     0  startup_stm32f40_41xxx.o(.text)
    DMA2_Stream3_IRQHandler                  0x08000a7b   Thumb Code     0  startup_stm32f40_41xxx.o(.text)
    DMA2_Stream4_IRQHandler                  0x08000a7b   Thumb Code     0  startup_stm32f40_41xxx.o(.text)
    DMA2_Stream5_IRQHandler                  0x08000a7b   Thumb Code     0  startup_stm32f40_41xxx.o(.text)
    DMA2_Stream6_IRQHandler                  0x08000a7b   Thumb Code     0  startup_stm32f40_41xxx.o(.text)
    DMA2_Stream7_IRQHandler                  0x08000a7b   Thumb Code     0  startup_stm32f40_41xxx.o(.text)
    ETH_IRQHandler                           0x08000a7b   Thumb Code     0  startup_stm32f40_41xxx.o(.text)
    ETH_WKUP_IRQHandler                      0x08000a7b   Thumb Code     0  startup_stm32f40_41xxx.o(.text)
    EXTI0_IRQHandler                         0x08000a7b   Thumb Code     0  startup_stm32f40_41xxx.o(.text)
    EXTI15_10_IRQHandler                     0x08000a7b   Thumb Code     0  startup_stm32f40_41xxx.o(.text)
    EXTI1_IRQHandler                         0x08000a7b   Thumb Code     0  startup_stm32f40_41xxx.o(.text)
    EXTI2_IRQHandler                         0x08000a7b   Thumb Code     0  startup_stm32f40_41xxx.o(.text)
    EXTI3_IRQHandler                         0x08000a7b   Thumb Code     0  startup_stm32f40_41xxx.o(.text)
    EXTI4_IRQHandler                         0x08000a7b   Thumb Code     0  startup_stm32f40_41xxx.o(.text)
    EXTI9_5_IRQHandler                       0x08000a7b   Thumb Code     0  startup_stm32f40_41xxx.o(.text)
    FLASH_IRQHandler                         0x08000a7b   Thumb Code     0  startup_stm32f40_41xxx.o(.text)
    FPU_IRQHandler                           0x08000a7b   Thumb Code     0  startup_stm32f40_41xxx.o(.text)
    FSMC_IRQHandler                          0x08000a7b   Thumb Code     0  startup_stm32f40_41xxx.o(.text)
    HASH_RNG_IRQHandler                      0x08000a7b   Thumb Code     0  startup_stm32f40_41xxx.o(.text)
    I2C1_ER_IRQHandler                       0x08000a7b   Thumb Code     0  startup_stm32f40_41xxx.o(.text)
    I2C1_EV_IRQHandler                       0x08000a7b   Thumb Code     0  startup_stm32f40_41xxx.o(.text)
    I2C2_ER_IRQHandler                       0x08000a7b   Thumb Code     0  startup_stm32f40_41xxx.o(.text)
    I2C2_EV_IRQHandler                       0x08000a7b   Thumb Code     0  startup_stm32f40_41xxx.o(.text)
    I2C3_ER_IRQHandler                       0x08000a7b   Thumb Code     0  startup_stm32f40_41xxx.o(.text)
    I2C3_EV_IRQHandler                       0x08000a7b   Thumb Code     0  startup_stm32f40_41xxx.o(.text)
    OTG_FS_IRQHandler                        0x08000a7b   Thumb Code     0  startup_stm32f40_41xxx.o(.text)
    OTG_FS_WKUP_IRQHandler                   0x08000a7b   Thumb Code     0  startup_stm32f40_41xxx.o(.text)
    OTG_HS_EP1_IN_IRQHandler                 0x08000a7b   Thumb Code     0  startup_stm32f40_41xxx.o(.text)
    OTG_HS_EP1_OUT_IRQHandler                0x08000a7b   Thumb Code     0  startup_stm32f40_41xxx.o(.text)
    OTG_HS_IRQHandler                        0x08000a7b   Thumb Code     0  startup_stm32f40_41xxx.o(.text)
    OTG_HS_WKUP_IRQHandler                   0x08000a7b   Thumb Code     0  startup_stm32f40_41xxx.o(.text)
    PVD_IRQHandler                           0x08000a7b   Thumb Code     0  startup_stm32f40_41xxx.o(.text)
    RCC_IRQHandler                           0x08000a7b   Thumb Code     0  startup_stm32f40_41xxx.o(.text)
    RTC_Alarm_IRQHandler                     0x08000a7b   Thumb Code     0  startup_stm32f40_41xxx.o(.text)
    RTC_WKUP_IRQHandler                      0x08000a7b   Thumb Code     0  startup_stm32f40_41xxx.o(.text)
    SDIO_IRQHandler                          0x08000a7b   Thumb Code     0  startup_stm32f40_41xxx.o(.text)
    SPI1_IRQHandler                          0x08000a7b   Thumb Code     0  startup_stm32f40_41xxx.o(.text)
    SPI2_IRQHandler                          0x08000a7b   Thumb Code     0  startup_stm32f40_41xxx.o(.text)
    SPI3_IRQHandler                          0x08000a7b   Thumb Code     0  startup_stm32f40_41xxx.o(.text)
    TAMP_STAMP_IRQHandler                    0x08000a7b   Thumb Code     0  startup_stm32f40_41xxx.o(.text)
    TIM1_BRK_TIM9_IRQHandler                 0x08000a7b   Thumb Code     0  startup_stm32f40_41xxx.o(.text)
    TIM1_CC_IRQHandler                       0x08000a7b   Thumb Code     0  startup_stm32f40_41xxx.o(.text)
    TIM1_TRG_COM_TIM11_IRQHandler            0x08000a7b   Thumb Code     0  startup_stm32f40_41xxx.o(.text)
    TIM1_UP_TIM10_IRQHandler                 0x08000a7b   Thumb Code     0  startup_stm32f40_41xxx.o(.text)
    TIM2_IRQHandler                          0x08000a7b   Thumb Code     0  startup_stm32f40_41xxx.o(.text)
    TIM4_IRQHandler                          0x08000a7b   Thumb Code     0  startup_stm32f40_41xxx.o(.text)
    TIM5_IRQHandler                          0x08000a7b   Thumb Code     0  startup_stm32f40_41xxx.o(.text)
    TIM6_DAC_IRQHandler                      0x08000a7b   Thumb Code     0  startup_stm32f40_41xxx.o(.text)
    TIM7_IRQHandler                          0x08000a7b   Thumb Code     0  startup_stm32f40_41xxx.o(.text)
    TIM8_BRK_TIM12_IRQHandler                0x08000a7b   Thumb Code     0  startup_stm32f40_41xxx.o(.text)
    TIM8_CC_IRQHandler                       0x08000a7b   Thumb Code     0  startup_stm32f40_41xxx.o(.text)
    TIM8_TRG_COM_TIM14_IRQHandler            0x08000a7b   Thumb Code     0  startup_stm32f40_41xxx.o(.text)
    TIM8_UP_TIM13_IRQHandler                 0x08000a7b   Thumb Code     0  startup_stm32f40_41xxx.o(.text)
    UART4_IRQHandler                         0x08000a7b   Thumb Code     0  startup_stm32f40_41xxx.o(.text)
    UART5_IRQHandler                         0x08000a7b   Thumb Code     0  startup_stm32f40_41xxx.o(.text)
    USART2_IRQHandler                        0x08000a7b   Thumb Code     0  startup_stm32f40_41xxx.o(.text)
    USART6_IRQHandler                        0x08000a7b   Thumb Code     0  startup_stm32f40_41xxx.o(.text)
    WWDG_IRQHandler                          0x08000a7b   Thumb Code     0  startup_stm32f40_41xxx.o(.text)
    __user_initial_stackheap                 0x08000a7d   Thumb Code     0  startup_stm32f40_41xxx.o(.text)
    NVIC_PriorityGroupConfig                 0x08000aa1   Thumb Code    10  misc.o(.text)
    NVIC_Init                                0x08000aab   Thumb Code   106  misc.o(.text)
    NVIC_SetVectorTable                      0x08000b15   Thumb Code    14  misc.o(.text)
    NVIC_SystemLPConfig                      0x08000b23   Thumb Code    34  misc.o(.text)
    SysTick_CLKSourceConfig                  0x08000b45   Thumb Code    40  misc.o(.text)
    GPIO_DeInit                              0x08000b81   Thumb Code   268  stm32f4xx_gpio.o(.text)
    GPIO_Init                                0x08000c8d   Thumb Code   144  stm32f4xx_gpio.o(.text)
    GPIO_StructInit                          0x08000d1d   Thumb Code    18  stm32f4xx_gpio.o(.text)
    GPIO_PinLockConfig                       0x08000d2f   Thumb Code    34  stm32f4xx_gpio.o(.text)
    GPIO_ReadInputDataBit                    0x08000d51   Thumb Code    18  stm32f4xx_gpio.o(.text)
    GPIO_ReadInputData                       0x08000d63   Thumb Code     8  stm32f4xx_gpio.o(.text)
    GPIO_ReadOutputDataBit                   0x08000d6b   Thumb Code    18  stm32f4xx_gpio.o(.text)
    GPIO_ReadOutputData                      0x08000d7d   Thumb Code     8  stm32f4xx_gpio.o(.text)
    GPIO_SetBits                             0x08000d85   Thumb Code     4  stm32f4xx_gpio.o(.text)
    GPIO_ResetBits                           0x08000d89   Thumb Code     4  stm32f4xx_gpio.o(.text)
    GPIO_WriteBit                            0x08000d8d   Thumb Code    10  stm32f4xx_gpio.o(.text)
    GPIO_Write                               0x08000d97   Thumb Code     4  stm32f4xx_gpio.o(.text)
    GPIO_ToggleBits                          0x08000d9b   Thumb Code     8  stm32f4xx_gpio.o(.text)
    GPIO_PinAFConfig                         0x08000da3   Thumb Code    70  stm32f4xx_gpio.o(.text)
    RCC_DeInit                               0x08000e15   Thumb Code    82  stm32f4xx_rcc.o(.text)
    RCC_HSEConfig                            0x08000e67   Thumb Code    14  stm32f4xx_rcc.o(.text)
    RCC_GetFlagStatus                        0x08000e75   Thumb Code    60  stm32f4xx_rcc.o(.text)
    RCC_WaitForHSEStartUp                    0x08000eb1   Thumb Code    56  stm32f4xx_rcc.o(.text)
    RCC_AdjustHSICalibrationValue            0x08000ee9   Thumb Code    20  stm32f4xx_rcc.o(.text)
    RCC_HSICmd                               0x08000efd   Thumb Code     6  stm32f4xx_rcc.o(.text)
    RCC_LSEConfig                            0x08000f03   Thumb Code    46  stm32f4xx_rcc.o(.text)
    RCC_LSICmd                               0x08000f31   Thumb Code     6  stm32f4xx_rcc.o(.text)
    RCC_PLLConfig                            0x08000f37   Thumb Code    32  stm32f4xx_rcc.o(.text)
    RCC_PLLCmd                               0x08000f57   Thumb Code     6  stm32f4xx_rcc.o(.text)
    RCC_PLLI2SConfig                         0x08000f5d   Thumb Code    14  stm32f4xx_rcc.o(.text)
    RCC_PLLI2SCmd                            0x08000f6b   Thumb Code     6  stm32f4xx_rcc.o(.text)
    RCC_PLLSAIConfig                         0x08000f71   Thumb Code    20  stm32f4xx_rcc.o(.text)
    RCC_PLLSAICmd                            0x08000f85   Thumb Code     6  stm32f4xx_rcc.o(.text)
    RCC_ClockSecuritySystemCmd               0x08000f8b   Thumb Code     6  stm32f4xx_rcc.o(.text)
    RCC_MCO1Config                           0x08000f91   Thumb Code    28  stm32f4xx_rcc.o(.text)
    RCC_MCO2Config                           0x08000fad   Thumb Code    28  stm32f4xx_rcc.o(.text)
    RCC_SYSCLKConfig                         0x08000fc9   Thumb Code    20  stm32f4xx_rcc.o(.text)
    RCC_GetSYSCLKSource                      0x08000fdd   Thumb Code    12  stm32f4xx_rcc.o(.text)
    RCC_HCLKConfig                           0x08000fe9   Thumb Code    20  stm32f4xx_rcc.o(.text)
    RCC_PCLK1Config                          0x08000ffd   Thumb Code    20  stm32f4xx_rcc.o(.text)
    RCC_PCLK2Config                          0x08001011   Thumb Code    22  stm32f4xx_rcc.o(.text)
    RCC_GetClocksFreq                        0x08001027   Thumb Code   222  stm32f4xx_rcc.o(.text)
    RCC_RTCCLKConfig                         0x08001105   Thumb Code    54  stm32f4xx_rcc.o(.text)
    RCC_RTCCLKCmd                            0x0800113b   Thumb Code     8  stm32f4xx_rcc.o(.text)
    RCC_BackupResetCmd                       0x08001143   Thumb Code     8  stm32f4xx_rcc.o(.text)
    RCC_I2SCLKConfig                         0x0800114b   Thumb Code     6  stm32f4xx_rcc.o(.text)
    RCC_SAIPLLI2SClkDivConfig                0x08001151   Thumb Code    26  stm32f4xx_rcc.o(.text)
    RCC_SAIPLLSAIClkDivConfig                0x0800116b   Thumb Code    28  stm32f4xx_rcc.o(.text)
    RCC_SAIBlockACLKConfig                   0x08001187   Thumb Code    20  stm32f4xx_rcc.o(.text)
    RCC_SAIBlockBCLKConfig                   0x0800119b   Thumb Code    20  stm32f4xx_rcc.o(.text)
    RCC_LTDCCLKDivConfig                     0x080011af   Thumb Code    20  stm32f4xx_rcc.o(.text)
    RCC_TIMCLKPresConfig                     0x080011c3   Thumb Code     6  stm32f4xx_rcc.o(.text)
    RCC_AHB1PeriphClockCmd                   0x080011c9   Thumb Code    34  stm32f4xx_rcc.o(.text)
    RCC_AHB2PeriphClockCmd                   0x080011eb   Thumb Code    78  stm32f4xx_rcc.o(.text)
    RCC_AHB3PeriphClockCmd                   0x08001239   Thumb Code    34  stm32f4xx_rcc.o(.text)
    RCC_APB1PeriphClockCmd                   0x0800125b   Thumb Code    34  stm32f4xx_rcc.o(.text)
    RCC_APB2PeriphClockCmd                   0x0800127d   Thumb Code    34  stm32f4xx_rcc.o(.text)
    RCC_AHB1PeriphResetCmd                   0x0800129f   Thumb Code    34  stm32f4xx_rcc.o(.text)
    RCC_AHB2PeriphResetCmd                   0x080012c1   Thumb Code    34  stm32f4xx_rcc.o(.text)
    RCC_AHB3PeriphResetCmd                   0x080012e3   Thumb Code    34  stm32f4xx_rcc.o(.text)
    RCC_APB1PeriphResetCmd                   0x08001305   Thumb Code    34  stm32f4xx_rcc.o(.text)
    RCC_APB2PeriphResetCmd                   0x08001327   Thumb Code    34  stm32f4xx_rcc.o(.text)
    RCC_AHB1PeriphClockLPModeCmd             0x08001349   Thumb Code    34  stm32f4xx_rcc.o(.text)
    RCC_AHB2PeriphClockLPModeCmd             0x0800136b   Thumb Code    34  stm32f4xx_rcc.o(.text)
    RCC_AHB3PeriphClockLPModeCmd             0x0800138d   Thumb Code    34  stm32f4xx_rcc.o(.text)
    RCC_APB1PeriphClockLPModeCmd             0x080013af   Thumb Code    34  stm32f4xx_rcc.o(.text)
    RCC_APB2PeriphClockLPModeCmd             0x080013d1   Thumb Code    34  stm32f4xx_rcc.o(.text)
    RCC_LSEModeConfig                        0x080013f3   Thumb Code    40  stm32f4xx_rcc.o(.text)
    RCC_ITConfig                             0x0800141b   Thumb Code    34  stm32f4xx_rcc.o(.text)
    RCC_ClearFlag                            0x0800143d   Thumb Code    18  stm32f4xx_rcc.o(.text)
    RCC_GetITStatus                          0x0800144f   Thumb Code    22  stm32f4xx_rcc.o(.text)
    RCC_ClearITPendingBit                    0x08001465   Thumb Code     8  stm32f4xx_rcc.o(.text)
    TIM_DeInit                               0x08001471   Thumb Code   346  stm32f4xx_tim.o(.text)
    TIM_TimeBaseInit                         0x080015cb   Thumb Code   104  stm32f4xx_tim.o(.text)
    TIM_TimeBaseStructInit                   0x08001633   Thumb Code    18  stm32f4xx_tim.o(.text)
    TIM_PrescalerConfig                      0x08001645   Thumb Code     6  stm32f4xx_tim.o(.text)
    TIM_CounterModeConfig                    0x0800164b   Thumb Code    18  stm32f4xx_tim.o(.text)
    TIM_SetCounter                           0x0800165d   Thumb Code     4  stm32f4xx_tim.o(.text)
    TIM_SetAutoreload                        0x08001661   Thumb Code     4  stm32f4xx_tim.o(.text)
    TIM_GetCounter                           0x08001665   Thumb Code     6  stm32f4xx_tim.o(.text)
    TIM_GetPrescaler                         0x0800166b   Thumb Code     6  stm32f4xx_tim.o(.text)
    TIM_UpdateDisableConfig                  0x08001671   Thumb Code    24  stm32f4xx_tim.o(.text)
    TIM_UpdateRequestConfig                  0x08001689   Thumb Code    24  stm32f4xx_tim.o(.text)
    TIM_ARRPreloadConfig                     0x080016a1   Thumb Code    24  stm32f4xx_tim.o(.text)
    TIM_SelectOnePulseMode                   0x080016b9   Thumb Code    18  stm32f4xx_tim.o(.text)
    TIM_SetClockDivision                     0x080016cb   Thumb Code    18  stm32f4xx_tim.o(.text)
    TIM_Cmd                                  0x080016dd   Thumb Code    24  stm32f4xx_tim.o(.text)
    TIM_OC1Init                              0x080016f5   Thumb Code   114  stm32f4xx_tim.o(.text)
    TIM_OC2Init                              0x08001767   Thumb Code   154  stm32f4xx_tim.o(.text)
    TIM_OC3Init                              0x08001801   Thumb Code   204  stm32f4xx_tim.o(.text)
    TIM_OC4Init                              0x080018cd   Thumb Code   112  stm32f4xx_tim.o(.text)
    TIM_OCStructInit                         0x0800193d   Thumb Code    20  stm32f4xx_tim.o(.text)
    TIM_SelectOCxM                           0x08001951   Thumb Code    86  stm32f4xx_tim.o(.text)
    TIM_SetCompare1                          0x080019a7   Thumb Code     4  stm32f4xx_tim.o(.text)
    TIM_SetCompare2                          0x080019ab   Thumb Code     4  stm32f4xx_tim.o(.text)
    TIM_SetCompare3                          0x080019af   Thumb Code     4  stm32f4xx_tim.o(.text)
    TIM_SetCompare4                          0x080019b3   Thumb Code     4  stm32f4xx_tim.o(.text)
    TIM_ForcedOC1Config                      0x080019b7   Thumb Code    18  stm32f4xx_tim.o(.text)
    TIM_ForcedOC2Config                      0x080019c9   Thumb Code    26  stm32f4xx_tim.o(.text)
    TIM_ForcedOC3Config                      0x080019e3   Thumb Code    18  stm32f4xx_tim.o(.text)
    TIM_ForcedOC4Config                      0x080019f5   Thumb Code    26  stm32f4xx_tim.o(.text)
    TIM_OC1PreloadConfig                     0x08001a0f   Thumb Code    18  stm32f4xx_tim.o(.text)
    TIM_OC2PreloadConfig                     0x08001a21   Thumb Code    26  stm32f4xx_tim.o(.text)
    TIM_OC3PreloadConfig                     0x08001a3b   Thumb Code    18  stm32f4xx_tim.o(.text)
    TIM_OC4PreloadConfig                     0x08001a4d   Thumb Code    26  stm32f4xx_tim.o(.text)
    TIM_OC1FastConfig                        0x08001a67   Thumb Code    18  stm32f4xx_tim.o(.text)
    TIM_OC2FastConfig                        0x08001a79   Thumb Code    26  stm32f4xx_tim.o(.text)
    TIM_OC3FastConfig                        0x08001a93   Thumb Code    18  stm32f4xx_tim.o(.text)
    TIM_OC4FastConfig                        0x08001aa5   Thumb Code    26  stm32f4xx_tim.o(.text)
    TIM_ClearOC1Ref                          0x08001abf   Thumb Code    18  stm32f4xx_tim.o(.text)
    TIM_ClearOC2Ref                          0x08001ad1   Thumb Code    24  stm32f4xx_tim.o(.text)
    TIM_ClearOC3Ref                          0x08001ae9   Thumb Code    18  stm32f4xx_tim.o(.text)
    TIM_ClearOC4Ref                          0x08001afb   Thumb Code    24  stm32f4xx_tim.o(.text)
    TIM_OC1PolarityConfig                    0x08001b13   Thumb Code    18  stm32f4xx_tim.o(.text)
    TIM_OC1NPolarityConfig                   0x08001b25   Thumb Code    18  stm32f4xx_tim.o(.text)
    TIM_OC2PolarityConfig                    0x08001b37   Thumb Code    26  stm32f4xx_tim.o(.text)
    TIM_OC2NPolarityConfig                   0x08001b51   Thumb Code    26  stm32f4xx_tim.o(.text)
    TIM_OC3PolarityConfig                    0x08001b6b   Thumb Code    26  stm32f4xx_tim.o(.text)
    TIM_OC3NPolarityConfig                   0x08001b85   Thumb Code    26  stm32f4xx_tim.o(.text)
    TIM_OC4PolarityConfig                    0x08001b9f   Thumb Code    26  stm32f4xx_tim.o(.text)
    TIM_CCxCmd                               0x08001bb9   Thumb Code    30  stm32f4xx_tim.o(.text)
    TIM_CCxNCmd                              0x08001bd7   Thumb Code    30  stm32f4xx_tim.o(.text)
    TIM_SetIC4Prescaler                      0x08001bf5   Thumb Code    26  stm32f4xx_tim.o(.text)
    TIM_SetIC3Prescaler                      0x08001c5f   Thumb Code    18  stm32f4xx_tim.o(.text)
    TIM_SetIC2Prescaler                      0x08001cb9   Thumb Code    26  stm32f4xx_tim.o(.text)
    TIM_SetIC1Prescaler                      0x08001d2d   Thumb Code    18  stm32f4xx_tim.o(.text)
    TIM_ICInit                               0x08001d79   Thumb Code   110  stm32f4xx_tim.o(.text)
    TIM_ICStructInit                         0x08001de7   Thumb Code    18  stm32f4xx_tim.o(.text)
    TIM_PWMIConfig                           0x08001df9   Thumb Code   124  stm32f4xx_tim.o(.text)
    TIM_GetCapture1                          0x08001e75   Thumb Code     6  stm32f4xx_tim.o(.text)
    TIM_GetCapture2                          0x08001e7b   Thumb Code     6  stm32f4xx_tim.o(.text)
    TIM_GetCapture3                          0x08001e81   Thumb Code     6  stm32f4xx_tim.o(.text)
    TIM_GetCapture4                          0x08001e87   Thumb Code     6  stm32f4xx_tim.o(.text)
    TIM_BDTRConfig                           0x08001e8d   Thumb Code    32  stm32f4xx_tim.o(.text)
    TIM_BDTRStructInit                       0x08001ead   Thumb Code    18  stm32f4xx_tim.o(.text)
    TIM_CtrlPWMOutputs                       0x08001ebf   Thumb Code    30  stm32f4xx_tim.o(.text)
    TIM_SelectCOM                            0x08001edd   Thumb Code    24  stm32f4xx_tim.o(.text)
    TIM_CCPreloadControl                     0x08001ef5   Thumb Code    24  stm32f4xx_tim.o(.text)
    TIM_ITConfig                             0x08001f0d   Thumb Code    18  stm32f4xx_tim.o(.text)
    TIM_GenerateEvent                        0x08001f1f   Thumb Code     4  stm32f4xx_tim.o(.text)
    TIM_GetFlagStatus                        0x08001f23   Thumb Code    18  stm32f4xx_tim.o(.text)
    TIM_ClearFlag                            0x08001f35   Thumb Code     6  stm32f4xx_tim.o(.text)
    TIM_GetITStatus                          0x08001f3b   Thumb Code    34  stm32f4xx_tim.o(.text)
    TIM_ClearITPendingBit                    0x08001f5d   Thumb Code     6  stm32f4xx_tim.o(.text)
    TIM_DMAConfig                            0x08001f63   Thumb Code    10  stm32f4xx_tim.o(.text)
    TIM_DMACmd                               0x08001f6d   Thumb Code    18  stm32f4xx_tim.o(.text)
    TIM_SelectCCDMA                          0x08001f7f   Thumb Code    24  stm32f4xx_tim.o(.text)
    TIM_InternalClockConfig                  0x08001f97   Thumb Code    12  stm32f4xx_tim.o(.text)
    TIM_SelectInputTrigger                   0x08001fa3   Thumb Code    18  stm32f4xx_tim.o(.text)
    TIM_ITRxExternalClockConfig              0x08001fb5   Thumb Code    24  stm32f4xx_tim.o(.text)
    TIM_TIxExternalClockConfig               0x08001fcd   Thumb Code    62  stm32f4xx_tim.o(.text)
    TIM_ETRConfig                            0x0800200b   Thumb Code    28  stm32f4xx_tim.o(.text)
    TIM_ETRClockMode1Config                  0x08002027   Thumb Code    54  stm32f4xx_tim.o(.text)
    TIM_ETRClockMode2Config                  0x0800205d   Thumb Code    32  stm32f4xx_tim.o(.text)
    TIM_SelectOutputTrigger                  0x0800207d   Thumb Code    18  stm32f4xx_tim.o(.text)
    TIM_SelectSlaveMode                      0x0800208f   Thumb Code    18  stm32f4xx_tim.o(.text)
    TIM_SelectMasterSlaveMode                0x080020a1   Thumb Code    18  stm32f4xx_tim.o(.text)
    TIM_EncoderInterfaceConfig               0x080020b3   Thumb Code    66  stm32f4xx_tim.o(.text)
    TIM_SelectHallSensor                     0x080020f5   Thumb Code    24  stm32f4xx_tim.o(.text)
    TIM_RemapConfig                          0x0800210d   Thumb Code     6  stm32f4xx_tim.o(.text)
    USART_DeInit                             0x08002115   Thumb Code   206  stm32f4xx_usart.o(.text)
    USART_Init                               0x080021e3   Thumb Code   204  stm32f4xx_usart.o(.text)
    USART_StructInit                         0x080022af   Thumb Code    24  stm32f4xx_usart.o(.text)
    USART_ClockInit                          0x080022c7   Thumb Code    32  stm32f4xx_usart.o(.text)
    USART_ClockStructInit                    0x080022e7   Thumb Code    12  stm32f4xx_usart.o(.text)
    USART_Cmd                                0x080022f3   Thumb Code    24  stm32f4xx_usart.o(.text)
    USART_SetPrescaler                       0x0800230b   Thumb Code    16  stm32f4xx_usart.o(.text)
    USART_OverSampling8Cmd                   0x0800231b   Thumb Code    22  stm32f4xx_usart.o(.text)
    USART_OneBitMethodCmd                    0x08002331   Thumb Code    24  stm32f4xx_usart.o(.text)
    USART_SendData                           0x08002349   Thumb Code     8  stm32f4xx_usart.o(.text)
    USART_ReceiveData                        0x08002351   Thumb Code    10  stm32f4xx_usart.o(.text)
    USART_SetAddress                         0x0800235b   Thumb Code    18  stm32f4xx_usart.o(.text)
    USART_ReceiverWakeUpCmd                  0x0800236d   Thumb Code    24  stm32f4xx_usart.o(.text)
    USART_WakeUpConfig                       0x08002385   Thumb Code    18  stm32f4xx_usart.o(.text)
    USART_LINBreakDetectLengthConfig         0x08002397   Thumb Code    18  stm32f4xx_usart.o(.text)
    USART_LINCmd                             0x080023a9   Thumb Code    24  stm32f4xx_usart.o(.text)
    USART_SendBreak                          0x080023c1   Thumb Code    10  stm32f4xx_usart.o(.text)
    USART_HalfDuplexCmd                      0x080023cb   Thumb Code    24  stm32f4xx_usart.o(.text)
    USART_SetGuardTime                       0x080023e3   Thumb Code    16  stm32f4xx_usart.o(.text)
    USART_SmartCardCmd                       0x080023f3   Thumb Code    24  stm32f4xx_usart.o(.text)
    USART_SmartCardNACKCmd                   0x0800240b   Thumb Code    24  stm32f4xx_usart.o(.text)
    USART_IrDAConfig                         0x08002423   Thumb Code    18  stm32f4xx_usart.o(.text)
    USART_IrDACmd                            0x08002435   Thumb Code    24  stm32f4xx_usart.o(.text)
    USART_DMACmd                             0x0800244d   Thumb Code    18  stm32f4xx_usart.o(.text)
    USART_ITConfig                           0x0800245f   Thumb Code    74  stm32f4xx_usart.o(.text)
    USART_GetFlagStatus                      0x080024a9   Thumb Code    26  stm32f4xx_usart.o(.text)
    USART_ClearFlag                          0x080024c3   Thumb Code    18  stm32f4xx_usart.o(.text)
    USART_GetITStatus                        0x080024d5   Thumb Code   118  stm32f4xx_usart.o(.text)
    USART_ClearITPendingBit                  0x0800254b   Thumb Code    30  stm32f4xx_usart.o(.text)
    gizwitsEventProcess                      0x08002569   Thumb Code   236  gizwits_product.o(.text)
    userHandle                               0x08002655   Thumb Code    84  gizwits_product.o(.text)
    userInit                                 0x080026a9   Thumb Code     8  gizwits_product.o(.text)
    gizTimerMs                               0x080026b1   Thumb Code    12  gizwits_product.o(.text)
    gizGetTimerCount                         0x080026bd   Thumb Code     6  gizwits_product.o(.text)
    mcuRestart                               0x080026c3   Thumb Code    42  gizwits_product.o(.text)
    TIMER_IRQ_FUN                            0x080026ed   Thumb Code     8  gizwits_product.o(.text)
    UART_IRQ_FUN                             0x080026f5   Thumb Code    16  gizwits_product.o(.text)
    uartWrite                                0x08002705   Thumb Code    82  gizwits_product.o(.text)
    gizPutData                               0x08002819   Thumb Code    52  gizwits_protocol.o(.text)
    gizwitsInit                              0x08003995   Thumb Code    44  gizwits_protocol.o(.text)
    gizwitsSetMode                           0x080039c1   Thumb Code   510  gizwits_protocol.o(.text)
    gizwitsGetNTP                            0x08003bbf   Thumb Code    94  gizwits_protocol.o(.text)
    gizwitsGetModuleInfo                     0x08003c1d   Thumb Code   100  gizwits_protocol.o(.text)
    gizwitsHandle                            0x08003cc5   Thumb Code   752  gizwits_protocol.o(.text)
    gizwitsPassthroughData                   0x08003fb5   Thumb Code   170  gizwits_protocol.o(.text)
    gizProtocolSum                           0x08004145   Thumb Code    38  common.o(.text)
    exchangeBytes                            0x0800416b   Thumb Code    26  common.o(.text)
    exchangeWord                             0x08004185   Thumb Code    26  common.o(.text)
    char2hex                                 0x0800419f   Thumb Code   106  common.o(.text)
    checkStringIsNotZero                     0x08004209   Thumb Code    46  common.o(.text)
    returnWeekDay                            0x08004237   Thumb Code   156  common.o(.text)
    returnNtp2Wt                             0x0800431f   Thumb Code   274  common.o(.text)
    str2Hex                                  0x08004431   Thumb Code    80  common.o(.text)
    hex2Str                                  0x08004481   Thumb Code    82  common.o(.text)
    gizByteOrderExchange                     0x080044dd   Thumb Code    50  datapointtools.o(.text)
    gizY2X                                   0x0800450f   Thumb Code    14  datapointtools.o(.text)
    gizX2Y                                   0x0800451d   Thumb Code    12  datapointtools.o(.text)
    gizY2XFloat                              0x08004529   Thumb Code    20  datapointtools.o(.text)
    gizX2YFloat                              0x0800453d   Thumb Code    34  datapointtools.o(.text)
    gizAcrossByteJudge                       0x0800455f   Thumb Code    42  datapointtools.o(.text)
    gizVarlenCompressValue                   0x08004589   Thumb Code   124  datapointtools.o(.text)
    gizVarlenDecompressionValue              0x08004605   Thumb Code   196  datapointtools.o(.text)
    gizStandardDecompressionValue            0x080046c9   Thumb Code   194  datapointtools.o(.text)
    gizStandardCompressValue                 0x0800478b   Thumb Code   128  datapointtools.o(.text)
    rbCreate                                 0x08004811   Thumb Code    22  ringbuffer.o(.text)
    rbDelete                                 0x08004827   Thumb Code    24  ringbuffer.o(.text)
    rbCapacity                               0x0800483f   Thumb Code    14  ringbuffer.o(.text)
    rbCanRead                                0x0800484d   Thumb Code    56  ringbuffer.o(.text)
    rbCanWrite                               0x08004885   Thumb Code    30  ringbuffer.o(.text)
    rbRead                                   0x080048a3   Thumb Code   162  ringbuffer.o(.text)
    rbWrite                                  0x08004945   Thumb Code   154  ringbuffer.o(.text)
    __use_no_semihosting                     0x080049df   Thumb Code     2  use_no_semi_2.o(.text)
    toupper                                  0x080049e1   Thumb Code    30  toupper.o(.text)
    __2printf                                0x08004a01   Thumb Code    20  noretval__2printf.o(.text)
    _printf_pre_padding                      0x08004a19   Thumb Code    44  _printf_pad.o(.text)
    _printf_post_padding                     0x08004a45   Thumb Code    34  _printf_pad.o(.text)
    _printf_int_dec                          0x08004a69   Thumb Code   104  _printf_dec.o(.text)
    _printf_int_hex                          0x08004ae1   Thumb Code    84  _printf_hex_int.o(.text)
    _printf_longlong_hex                     0x08004ae1   Thumb Code     0  _printf_hex_int.o(.text)
    __printf                                 0x08004b39   Thumb Code   308  __printf_flags_wp.o(.text)
    strlen                                   0x08004c71   Thumb Code    62  strlen.o(.text)
    __aeabi_memcpy                           0x08004caf   Thumb Code     0  rt_memcpy_v6.o(.text)
    __rt_memcpy                              0x08004caf   Thumb Code   138  rt_memcpy_v6.o(.text)
    _memcpy_lastbytes                        0x08004d15   Thumb Code     0  rt_memcpy_v6.o(.text)
    __aeabi_memcpy4                          0x08004d39   Thumb Code     0  rt_memcpy_w.o(.text)
    __aeabi_memcpy8                          0x08004d39   Thumb Code     0  rt_memcpy_w.o(.text)
    __rt_memcpy_w                            0x08004d39   Thumb Code   100  rt_memcpy_w.o(.text)
    _memcpy_lastbytes_aligned                0x08004d81   Thumb Code     0  rt_memcpy_w.o(.text)
    __aeabi_memclr                           0x08004d9d   Thumb Code     0  rt_memclr.o(.text)
    __rt_memclr                              0x08004d9d   Thumb Code    68  rt_memclr.o(.text)
    _memset                                  0x08004da1   Thumb Code     0  rt_memclr.o(.text)
    __use_two_region_memory                  0x08004de1   Thumb Code     2  heapauxi.o(.text)
    __rt_heap_escrow$2region                 0x08004de3   Thumb Code     2  heapauxi.o(.text)
    __rt_heap_expand$2region                 0x08004de5   Thumb Code     2  heapauxi.o(.text)
    __I$use$semihosting                      0x08004de7   Thumb Code     0  use_no_semi.o(.text)
    __use_no_semihosting_swi                 0x08004de7   Thumb Code     2  use_no_semi.o(.text)
    __rt_ctype_table                         0x08004de9   Thumb Code    16  rt_ctype_table.o(.text)
    _printf_int_common                       0x08004df9   Thumb Code   178  _printf_intcommon.o(.text)
    _printf_char_file                        0x08004ead   Thumb Code    32  _printf_char_file.o(.text)
    __aeabi_memclr4                          0x08004ed1   Thumb Code     0  rt_memclr_w.o(.text)
    __aeabi_memclr8                          0x08004ed1   Thumb Code     0  rt_memclr_w.o(.text)
    __rt_memclr_w                            0x08004ed1   Thumb Code    78  rt_memclr_w.o(.text)
    _memset_w                                0x08004ed5   Thumb Code     0  rt_memclr_w.o(.text)
    __rt_locale                              0x08004f21   Thumb Code     8  rt_locale_intlibspace.o(.text)
    _printf_char_common                      0x08004f33   Thumb Code    32  _printf_char_common.o(.text)
    ferror                                   0x08004f59   Thumb Code     8  ferror.o(.text)
    __user_libspace                          0x08004f61   Thumb Code     8  libspace.o(.text)
    __user_perproc_libspace                  0x08004f61   Thumb Code     0  libspace.o(.text)
    __user_perthread_libspace                0x08004f61   Thumb Code     0  libspace.o(.text)
    __user_setup_stackheap                   0x08004f69   Thumb Code    74  sys_stackheap_outer.o(.text)
    exit                                     0x08004fb3   Thumb Code    12  exit.o(.text)
    strcmp                                   0x08004fc1   Thumb Code   128  strcmpv7m.o(.text)
    _is_digit                                0x08005041   Thumb Code    14  __printf_wp.o(i._is_digit)
    _get_lc_ctype                            0x08005051   Thumb Code    44  lc_ctype_c.o(locale$$code)
    _fp_init                                 0x0800507d   Thumb Code    10  fpinit.o(x$fpl$fpinit)
    __fplib_config_fpu_vfp                   0x08005085   Thumb Code     0  fpinit.o(x$fpl$fpinit)
    __fplib_config_pureend_doubles           0x08005085   Thumb Code     0  fpinit.o(x$fpl$fpinit)
    Region$$Table$$Base                      0x080050f4   Number         0  anon$$obj.o(Region$$Table)
    Region$$Table$$Limit                     0x08005114   Number         0  anon$$obj.o(Region$$Table)
    __ctype                                  0x08005121   Data           0  lc_ctype_c.o(locale$$data)
    wifi_sta                                 0x20000000   Data           1  main.o(.data)
    SystemCoreClock                          0x20000004   Data           4  system_stm32f4xx.o(.data)
    AHBPrescTable                            0x20000008   Data          16  system_stm32f4xx.o(.data)
    __stdout                                 0x20000020   Data           4  usart.o(.data)
    USART_RX_STA                             0x20000024   Data           2  usart.o(.data)
    currentDataPoint                         0x2000003c   Data           1  gizwits_product.o(.data)
    USART_RX_BUF                             0x20000050   Data         200  usart.o(.bss)
    gizwitsProtocol                          0x20000118   Data         244  gizwits_protocol.o(.bss)
    pRb                                      0x2000020c   Data          16  gizwits_protocol.o(.bss)
    __libspace_start                         0x20000248   Data          96  libspace.o(.bss)
    __temporary_stack_top$libspace           0x200002a8   Data           0  libspace.o(.bss)



==============================================================================

Memory Map of the image

  Image Entry point : 0x08000189

  Load Region LR_IROM1 (Base: 0x08000000, Size: 0x00005274, Max: 0x00100000, ABSOLUTE)

    Execution Region ER_IROM1 (Base: 0x08000000, Size: 0x00005224, Max: 0x00100000, ABSOLUTE)

    Base Addr    Size         Type   Attr      Idx    E Section Name        Object

    0x08000000   0x00000188   Data   RO          408    RESET               startup_stm32f40_41xxx.o
    0x08000188   0x00000008   Code   RO          698  * !!!main             c_w.l(__main.o)
    0x08000190   0x00000034   Code   RO          879    !!!scatter          c_w.l(__scatter.o)
    0x080001c4   0x0000001a   Code   RO          881    !!handler_copy      c_w.l(__scatter_copy.o)
    0x080001de   0x00000002   PAD
    0x080001e0   0x0000001c   Code   RO          883    !!handler_zi        c_w.l(__scatter_zi.o)
    0x080001fc   0x00000000   Code   RO          687    .ARM.Collect$$_printf_percent$$00000000  c_w.l(_printf_percent.o)
    0x080001fc   0x00000006   Code   RO          686    .ARM.Collect$$_printf_percent$$00000009  c_w.l(_printf_d.o)
    0x08000202   0x00000006   Code   RO          685    .ARM.Collect$$_printf_percent$$0000000C  c_w.l(_printf_x.o)
    0x08000208   0x00000004   Code   RO          709    .ARM.Collect$$_printf_percent$$00000017  c_w.l(_printf_percent_end.o)
    0x0800020c   0x00000002   Code   RO          757    .ARM.Collect$$libinit$$00000000  c_w.l(libinit.o)
    0x0800020e   0x00000004   Code   RO          758    .ARM.Collect$$libinit$$00000001  c_w.l(libinit2.o)
    0x08000212   0x00000000   Code   RO          761    .ARM.Collect$$libinit$$00000004  c_w.l(libinit2.o)
    0x08000212   0x00000000   Code   RO          764    .ARM.Collect$$libinit$$0000000A  c_w.l(libinit2.o)
    0x08000212   0x00000000   Code   RO          766    .ARM.Collect$$libinit$$0000000C  c_w.l(libinit2.o)
    0x08000212   0x00000000   Code   RO          768    .ARM.Collect$$libinit$$0000000E  c_w.l(libinit2.o)
    0x08000212   0x00000006   Code   RO          769    .ARM.Collect$$libinit$$0000000F  c_w.l(libinit2.o)
    0x08000218   0x00000000   Code   RO          771    .ARM.Collect$$libinit$$00000011  c_w.l(libinit2.o)
    0x08000218   0x0000000c   Code   RO          772    .ARM.Collect$$libinit$$00000012  c_w.l(libinit2.o)
    0x08000224   0x00000000   Code   RO          773    .ARM.Collect$$libinit$$00000013  c_w.l(libinit2.o)
    0x08000224   0x00000000   Code   RO          775    .ARM.Collect$$libinit$$00000015  c_w.l(libinit2.o)
    0x08000224   0x00000000   Code   RO          777    .ARM.Collect$$libinit$$00000017  c_w.l(libinit2.o)
    0x08000224   0x00000000   Code   RO          779    .ARM.Collect$$libinit$$00000019  c_w.l(libinit2.o)
    0x08000224   0x00000000   Code   RO          781    .ARM.Collect$$libinit$$0000001B  c_w.l(libinit2.o)
    0x08000224   0x00000000   Code   RO          783    .ARM.Collect$$libinit$$0000001D  c_w.l(libinit2.o)
    0x08000224   0x00000000   Code   RO          785    .ARM.Collect$$libinit$$0000001F  c_w.l(libinit2.o)
    0x08000224   0x00000000   Code   RO          787    .ARM.Collect$$libinit$$00000021  c_w.l(libinit2.o)
    0x08000224   0x00000000   Code   RO          789    .ARM.Collect$$libinit$$00000023  c_w.l(libinit2.o)
    0x08000224   0x00000000   Code   RO          791    .ARM.Collect$$libinit$$00000025  c_w.l(libinit2.o)
    0x08000224   0x00000000   Code   RO          795    .ARM.Collect$$libinit$$0000002C  c_w.l(libinit2.o)
    0x08000224   0x00000000   Code   RO          797    .ARM.Collect$$libinit$$0000002E  c_w.l(libinit2.o)
    0x08000224   0x00000000   Code   RO          799    .ARM.Collect$$libinit$$00000030  c_w.l(libinit2.o)
    0x08000224   0x00000000   Code   RO          801    .ARM.Collect$$libinit$$00000032  c_w.l(libinit2.o)
    0x08000224   0x00000002   Code   RO          802    .ARM.Collect$$libinit$$00000033  c_w.l(libinit2.o)
    0x08000226   0x00000002   Code   RO          830    .ARM.Collect$$libshutdown$$00000000  c_w.l(libshutdown.o)
    0x08000228   0x00000000   Code   RO          840    .ARM.Collect$$libshutdown$$00000003  c_w.l(libshutdown2.o)
    0x08000228   0x00000000   Code   RO          843    .ARM.Collect$$libshutdown$$00000006  c_w.l(libshutdown2.o)
    0x08000228   0x00000000   Code   RO          846    .ARM.Collect$$libshutdown$$00000009  c_w.l(libshutdown2.o)
    0x08000228   0x00000000   Code   RO          848    .ARM.Collect$$libshutdown$$0000000B  c_w.l(libshutdown2.o)
    0x08000228   0x00000000   Code   RO          851    .ARM.Collect$$libshutdown$$0000000E  c_w.l(libshutdown2.o)
    0x08000228   0x00000002   Code   RO          852    .ARM.Collect$$libshutdown$$0000000F  c_w.l(libshutdown2.o)
    0x0800022a   0x00000000   Code   RO          702    .ARM.Collect$$rtentry$$00000000  c_w.l(__rtentry.o)
    0x0800022a   0x00000000   Code   RO          713    .ARM.Collect$$rtentry$$00000002  c_w.l(__rtentry2.o)
    0x0800022a   0x00000006   Code   RO          725    .ARM.Collect$$rtentry$$00000004  c_w.l(__rtentry4.o)
    0x08000230   0x00000000   Code   RO          715    .ARM.Collect$$rtentry$$00000009  c_w.l(__rtentry2.o)
    0x08000230   0x00000004   Code   RO          716    .ARM.Collect$$rtentry$$0000000A  c_w.l(__rtentry2.o)
    0x08000234   0x00000000   Code   RO          718    .ARM.Collect$$rtentry$$0000000C  c_w.l(__rtentry2.o)
    0x08000234   0x00000008   Code   RO          719    .ARM.Collect$$rtentry$$0000000D  c_w.l(__rtentry2.o)
    0x0800023c   0x00000002   Code   RO          803    .ARM.Collect$$rtexit$$00000000  c_w.l(rtexit.o)
    0x0800023e   0x00000000   Code   RO          810    .ARM.Collect$$rtexit$$00000002  c_w.l(rtexit2.o)
    0x0800023e   0x00000004   Code   RO          811    .ARM.Collect$$rtexit$$00000003  c_w.l(rtexit2.o)
    0x08000242   0x00000006   Code   RO          812    .ARM.Collect$$rtexit$$00000004  c_w.l(rtexit2.o)
    0x08000248   0x0000010c   Code   RO            3    .text               main.o
    0x08000354   0x0000001a   Code   RO          181    .text               stm32f4xx_it.o
    0x0800036e   0x00000002   PAD
    0x08000370   0x00000210   Code   RO          230    .text               system_stm32f4xx.o
    0x08000580   0x00000040   Code   RO          256    .text               led.o
    0x080005c0   0x00000078   Code   RO          276    .text               timer.o
    0x08000638   0x00000104   Code   RO          296    .text               key.o
    0x0800073c   0x000000d8   Code   RO          317    .text               usart3.o
    0x08000814   0x00000104   Code   RO          337    .text               delay.o
    0x08000918   0x00000148   Code   RO          377    .text               usart.o
    0x08000a60   0x00000040   Code   RO          409    .text               startup_stm32f40_41xxx.o
    0x08000aa0   0x000000e0   Code   RO          415    .text               misc.o
    0x08000b80   0x00000294   Code   RO          435    .text               stm32f4xx_gpio.o
    0x08000e14   0x0000065c   Code   RO          455    .text               stm32f4xx_rcc.o
    0x08001470   0x00000ca2   Code   RO          497    .text               stm32f4xx_tim.o
    0x08002112   0x00000002   PAD
    0x08002114   0x00000454   Code   RO          517    .text               stm32f4xx_usart.o
    0x08002568   0x000002b0   Code   RO          537    .text               gizwits_product.o
    0x08002818   0x0000192c   Code   RO          569    .text               gizwits_protocol.o
    0x08004144   0x00000398   Code   RO          591    .text               common.o
    0x080044dc   0x00000334   Code   RO          604    .text               datapointtools.o
    0x08004810   0x000001ce   Code   RO          616    .text               ringbuffer.o
    0x080049de   0x00000002   Code   RO          630    .text               c_w.l(use_no_semi_2.o)
    0x080049e0   0x0000001e   Code   RO          632    .text               c_w.l(toupper.o)
    0x080049fe   0x00000002   PAD
    0x08004a00   0x00000018   Code   RO          636    .text               c_w.l(noretval__2printf.o)
    0x08004a18   0x0000004e   Code   RO          640    .text               c_w.l(_printf_pad.o)
    0x08004a66   0x00000002   PAD
    0x08004a68   0x00000078   Code   RO          642    .text               c_w.l(_printf_dec.o)
    0x08004ae0   0x00000058   Code   RO          647    .text               c_w.l(_printf_hex_int.o)
    0x08004b38   0x00000138   Code   RO          677    .text               c_w.l(__printf_flags_wp.o)
    0x08004c70   0x0000003e   Code   RO          688    .text               c_w.l(strlen.o)
    0x08004cae   0x0000008a   Code   RO          690    .text               c_w.l(rt_memcpy_v6.o)
    0x08004d38   0x00000064   Code   RO          692    .text               c_w.l(rt_memcpy_w.o)
    0x08004d9c   0x00000044   Code   RO          694    .text               c_w.l(rt_memclr.o)
    0x08004de0   0x00000006   Code   RO          696    .text               c_w.l(heapauxi.o)
    0x08004de6   0x00000002   Code   RO          700    .text               c_w.l(use_no_semi.o)
    0x08004de8   0x00000010   Code   RO          703    .text               c_w.l(rt_ctype_table.o)
    0x08004df8   0x000000b2   Code   RO          705    .text               c_w.l(_printf_intcommon.o)
    0x08004eaa   0x00000002   PAD
    0x08004eac   0x00000024   Code   RO          707    .text               c_w.l(_printf_char_file.o)
    0x08004ed0   0x0000004e   Code   RO          710    .text               c_w.l(rt_memclr_w.o)
    0x08004f1e   0x00000002   PAD
    0x08004f20   0x00000008   Code   RO          730    .text               c_w.l(rt_locale_intlibspace.o)
    0x08004f28   0x00000030   Code   RO          732    .text               c_w.l(_printf_char_common.o)
    0x08004f58   0x00000008   Code   RO          734    .text               c_w.l(ferror.o)
    0x08004f60   0x00000008   Code   RO          741    .text               c_w.l(libspace.o)
    0x08004f68   0x0000004a   Code   RO          744    .text               c_w.l(sys_stackheap_outer.o)
    0x08004fb2   0x0000000c   Code   RO          748    .text               c_w.l(exit.o)
    0x08004fbe   0x00000002   PAD
    0x08004fc0   0x00000080   Code   RO          750    .text               c_w.l(strcmpv7m.o)
    0x08005040   0x0000000e   Code   RO          675    i._is_digit         c_w.l(__printf_wp.o)
    0x0800504e   0x00000002   PAD
    0x08005050   0x0000002c   Code   RO          739    locale$$code        c_w.l(lc_ctype_c.o)
    0x0800507c   0x0000000a   Code   RO          807    x$fpl$fpinit        fz_wm.l(fpinit.o)
    0x08005086   0x00000002   PAD
    0x08005088   0x00000030   Data   RO          592    .constdata          common.o
    0x080050b8   0x00000028   Data   RO          648    .constdata          c_w.l(_printf_hex_int.o)
    0x080050e0   0x00000011   Data   RO          678    .constdata          c_w.l(__printf_flags_wp.o)
    0x080050f1   0x00000003   PAD
    0x080050f4   0x00000020   Data   RO          877    Region$$Table       anon$$obj.o
    0x08005114   0x00000110   Data   RO          738    locale$$data        c_w.l(lc_ctype_c.o)


    Execution Region RW_IRAM1 (Base: 0x20000000, Size: 0x000014a8, Max: 0x00020000, ABSOLUTE)

    Base Addr    Size         Type   Attr      Idx    E Section Name        Object

    0x20000000   0x00000001   Data   RW            4    .data               main.o
    0x20000001   0x00000003   PAD
    0x20000004   0x00000014   Data   RW          231    .data               system_stm32f4xx.o
    0x20000018   0x00000001   Data   RW          297    .data               key.o
    0x20000019   0x00000001   PAD
    0x2000001a   0x00000004   Data   RW          338    .data               delay.o
    0x2000001e   0x00000002   PAD
    0x20000020   0x00000006   Data   RW          379    .data               usart.o
    0x20000026   0x00000010   Data   RW          456    .data               stm32f4xx_rcc.o
    0x20000036   0x00000002   PAD
    0x20000038   0x00000006   Data   RW          538    .data               gizwits_product.o
    0x2000003e   0x00000002   PAD
    0x20000040   0x00000010   Data   RW          571    .data               gizwits_protocol.o
    0x20000050   0x000000c8   Zero   RW          378    .bss                usart.o
    0x20000118   0x00000130   Zero   RW          570    .bss                gizwits_protocol.o
    0x20000248   0x00000060   Zero   RW          742    .bss                c_w.l(libspace.o)
    0x200002a8   0x00000200   Zero   RW          407    HEAP                startup_stm32f40_41xxx.o
    0x200004a8   0x00001000   Zero   RW          406    STACK               startup_stm32f40_41xxx.o


==============================================================================

Image component sizes


      Code (inc. data)   RO Data    RW Data    ZI Data      Debug   Object Name

       920         10         48          0          0       4277   common.o
       820          6          0          0          0       5450   datapointtools.o
       260          8          0          4          0       1481   delay.o
       688        212          0          6          0      31239   gizwits_product.o
      6444       1890          0         16        304      11502   gizwits_protocol.o
       260         12          0          1          0        888   key.o
        64          4          0          0          0        547   led.o
       268        136          0          1          0     291331   main.o
       224         20          0          0          0       1861   misc.o
       462          0          0          0          0       2699   ringbuffer.o
        64         26        392          0       4608        844   startup_stm32f40_41xxx.o
       660         44          0          0          0       4137   stm32f4xx_gpio.o
        26          0          0          0          0       1246   stm32f4xx_it.o
      1628         52          0         16          0      12948   stm32f4xx_rcc.o
      3234         60          0          0          0      22344   stm32f4xx_tim.o
      1108         34          0          0          0       7840   stm32f4xx_usart.o
       528         46          0         20          0       1843   system_stm32f4xx.o
       120          4          0          0          0        828   timer.o
       328         16          0          6        200       3358   usart.o
       216         10          0          0          0        904   usart3.o

    ----------------------------------------------------------------------
     18326       2590        472         80       5112     407567   Object Totals
         0          0         32          0          0          0   (incl. Generated)
         4          0          0         10          0          0   (incl. Padding)

    ----------------------------------------------------------------------

      Code (inc. data)   RO Data    RW Data    ZI Data      Debug   Library Member Name

         8          0          0          0          0         68   __main.o
       312          4         17          0          0         92   __printf_flags_wp.o
        14          0          0          0          0         68   __printf_wp.o
         0          0          0          0          0          0   __rtentry.o
        12          0          0          0          0          0   __rtentry2.o
         6          0          0          0          0          0   __rtentry4.o
        52          8          0          0          0          0   __scatter.o
        26          0          0          0          0          0   __scatter_copy.o
        28          0          0          0          0          0   __scatter_zi.o
        48          6          0          0          0         96   _printf_char_common.o
        36          4          0          0          0         80   _printf_char_file.o
         6          0          0          0          0          0   _printf_d.o
       120         16          0          0          0         92   _printf_dec.o
        88          4         40          0          0         88   _printf_hex_int.o
       178          0          0          0          0         88   _printf_intcommon.o
        78          0          0          0          0        108   _printf_pad.o
         0          0          0          0          0          0   _printf_percent.o
         4          0          0          0          0          0   _printf_percent_end.o
         6          0          0          0          0          0   _printf_x.o
        12          0          0          0          0         72   exit.o
         8          0          0          0          0         68   ferror.o
         6          0          0          0          0        152   heapauxi.o
        44         10        272          0          0         76   lc_ctype_c.o
         2          0          0          0          0          0   libinit.o
        24          0          0          0          0          0   libinit2.o
         2          0          0          0          0          0   libshutdown.o
         2          0          0          0          0          0   libshutdown2.o
         8          4          0          0         96         68   libspace.o
        24          4          0          0          0         84   noretval__2printf.o
        16          4          0          0          0         76   rt_ctype_table.o
         8          4          0          0          0         68   rt_locale_intlibspace.o
        68          0          0          0          0         68   rt_memclr.o
        78          0          0          0          0         80   rt_memclr_w.o
       138          0          0          0          0         68   rt_memcpy_v6.o
       100          0          0          0          0         80   rt_memcpy_w.o
         2          0          0          0          0          0   rtexit.o
        10          0          0          0          0          0   rtexit2.o
       128          0          0          0          0         68   strcmpv7m.o
        62          0          0          0          0         76   strlen.o
        74          0          0          0          0         80   sys_stackheap_outer.o
        30          0          0          0          0         76   toupper.o
         2          0          0          0          0         68   use_no_semi.o
         2          0          0          0          0         68   use_no_semi_2.o
        10          0          0          0          0        116   fpinit.o

    ----------------------------------------------------------------------
      1898         68        332          0         96       2292   Library Totals
        16          0          3          0          0          0   (incl. Padding)

    ----------------------------------------------------------------------

      Code (inc. data)   RO Data    RW Data    ZI Data      Debug   Library Name

      1872         68        329          0         96       2176   c_w.l
        10          0          0          0          0        116   fz_wm.l

    ----------------------------------------------------------------------
      1898         68        332          0         96       2292   Library Totals

    ----------------------------------------------------------------------

==============================================================================


      Code (inc. data)   RO Data    RW Data    ZI Data      Debug   

     20224       2658        804         80       5208     404863   Grand Totals
     20224       2658        804         80       5208     404863   ELF Image Totals
     20224       2658        804         80          0          0   ROM Totals

==============================================================================

    Total RO  Size (Code + RO Data)                21028 (  20.54kB)
    Total RW  Size (RW Data + ZI Data)              5288 (   5.16kB)
    Total ROM Size (Code + RO Data + RW Data)      21108 (  20.61kB)

==============================================================================

